[    0.000000] Linux version 6.18.1-061801-generic (kernel@balboa) (x86_64-linux-gnu-gcc-15 (Ubuntu 15.2.0-4ubuntu4) 15.2.0, GNU ld (GNU Binutils for Ubuntu) 2.45) #202512121839 SMP PREEMPT_DYNAMIC Fri Dec 12 19:19:06 UTC 2025
[    0.000000] Command line: BOOT_IMAGE=/boot/vmlinuz-6.18.1-061801-generic root=UUID=f3b0e203-1f3d-408b-9074-e8041e5758ec ro drm.debug=0x04
[    0.000000] KERNEL supported cpus:
[    0.000000]   Intel GenuineIntel
[    0.000000]   AMD AuthenticAMD
[    0.000000]   Hygon HygonGenuine
[    0.000000]   Centaur CentaurHauls
[    0.000000]   zhaoxin   Shanghai  
[    0.000000] x86/split lock detection: #AC: crashing the kernel on kernel split_locks and warning on user-space split_locks
[    0.000000] BIOS-provided physical RAM map:
[    0.000000] BIOS-e820: [mem 0x0000000000000000-0x000000000009dfff] usable
[    0.000000] BIOS-e820: [mem 0x000000000009e000-0x000000000009efff] reserved
[    0.000000] BIOS-e820: [mem 0x000000000009f000-0x000000000009ffff] usable
[    0.000000] BIOS-e820: [mem 0x00000000000a0000-0x00000000000fffff] reserved
[    0.000000] BIOS-e820: [mem 0x0000000000100000-0x00000000723d2fff] usable
[    0.000000] BIOS-e820: [mem 0x00000000723d3000-0x00000000754d2fff] reserved
[    0.000000] BIOS-e820: [mem 0x00000000754d3000-0x00000000755a2fff] ACPI data
[    0.000000] BIOS-e820: [mem 0x00000000755a3000-0x0000000075662fff] ACPI NVS
[    0.000000] BIOS-e820: [mem 0x0000000075663000-0x0000000075ffefff] reserved
[    0.000000] BIOS-e820: [mem 0x0000000075fff000-0x0000000075ffffff] usable
[    0.000000] BIOS-e820: [mem 0x0000000076000000-0x0000000079ffffff] reserved
[    0.000000] BIOS-e820: [mem 0x000000007aa00000-0x000000007abfffff] reserved
[    0.000000] BIOS-e820: [mem 0x000000007b000000-0x00000000803fffff] reserved
[    0.000000] BIOS-e820: [mem 0x00000000c0000000-0x00000000cfffffff] reserved
[    0.000000] BIOS-e820: [mem 0x00000000fe000000-0x00000000fe010fff] reserved
[    0.000000] BIOS-e820: [mem 0x00000000fec00000-0x00000000fec00fff] reserved
[    0.000000] BIOS-e820: [mem 0x00000000fed00000-0x00000000fed00fff] reserved
[    0.000000] BIOS-e820: [mem 0x00000000fed20000-0x00000000fed7ffff] reserved
[    0.000000] BIOS-e820: [mem 0x00000000fee00000-0x00000000fee00fff] reserved
[    0.000000] BIOS-e820: [mem 0x00000000ff000000-0x00000000ffffffff] reserved
[    0.000000] BIOS-e820: [mem 0x0000000100000000-0x000000027fbfffff] usable
[    0.000000] NX (Execute Disable) protection: active
[    0.000000] APIC: Static calls initialized
[    0.000000] efi: EFI v2.8 by American Megatrends
[    0.000000] efi: ACPI=0x755a2000 ACPI 2.0=0x755a2014 TPMFinalLog=0x75610000 SMBIOS=0x75cc7000 SMBIOS 3.0=0x75cc6000 MEMATTR=0x6c663018 ESRT=0x6eae8018 MOKvar=0x75ccb000 INITRD=0x6c23e698 TPMEventLog=0x754f9018 
[    0.000000] efi: Remove mem75: MMIO range=[0xc0000000-0xcfffffff] (256MB) from e820 map
[    0.000000] e820: remove [mem 0xc0000000-0xcfffffff] reserved
[    0.000000] efi: Not removing mem76: MMIO range=[0xfe000000-0xfe010fff] (68KB) from e820 map
[    0.000000] efi: Not removing mem77: MMIO range=[0xfec00000-0xfec00fff] (4KB) from e820 map
[    0.000000] efi: Not removing mem78: MMIO range=[0xfed00000-0xfed00fff] (4KB) from e820 map
[    0.000000] efi: Not removing mem80: MMIO range=[0xfee00000-0xfee00fff] (4KB) from e820 map
[    0.000000] efi: Remove mem81: MMIO range=[0xff000000-0xffffffff] (16MB) from e820 map
[    0.000000] e820: remove [mem 0xff000000-0xffffffff] reserved
[    0.000000] SMBIOS 3.5.0 present.
[    0.000000] DMI: Mllse Default string/Default string, BIOS ANB03C_MLE 05/20/2024
[    0.000000] DMI: Memory slots populated: 1/2
[    0.000000] tsc: Detected 800.000 MHz processor
[    0.000000] tsc: Detected 806.400 MHz TSC
[    0.000394] e820: update [mem 0x00000000-0x00000fff] usable ==> reserved
[    0.000396] e820: remove [mem 0x000a0000-0x000fffff] usable
[    0.000404] last_pfn = 0x27fc00 max_arch_pfn = 0x400000000
[    0.000408] MTRR map: 6 entries (3 fixed + 3 variable; max 23), built from 10 variable MTRRs
[    0.000410] x86/PAT: Configuration [0-7]: WB  WC  UC- UC  WB  WP  UC- WT  
[    0.000521] last_pfn = 0x76000 max_arch_pfn = 0x400000000
[    0.017905] esrt: Reserving ESRT space from 0x000000006eae8018 to 0x000000006eae80c8.
[    0.017911] e820: update [mem 0x6eae8000-0x6eae8fff] usable ==> reserved
[    0.017928] Using GB pages for direct mapping
[    0.018150] Secure boot disabled
[    0.018151] RAMDISK: [mem 0x5348d000-0x57c5bfff]
[    0.018469] ACPI: Early table checksum verification disabled
[    0.018473] ACPI: RSDP 0x00000000755A2014 000024 (v02 ALASKA)
[    0.018476] ACPI: XSDT 0x00000000755A1728 000104 (v01 ALASKA A M I    01072009 AMI  01000013)
[    0.018481] ACPI: FACP 0x00000000755A0000 000114 (v06 ALASKA A M I    01072009 AMI  01000013)
[    0.018486] ACPI: DSDT 0x000000007552D000 07248C (v02 ALASKA A M I    01072009 INTL 20200717)
[    0.018488] ACPI: FACS 0x0000000075662000 000040
[    0.018491] ACPI: FIDT 0x000000007552C000 00009C (v01 ALASKA A M I    01072009 AMI  00010013)
[    0.018493] ACPI: MSDM 0x000000007552B000 000055 (v03 ALASKA A M I    01072009 AMI  01000013)
[    0.018495] ACPI: SSDT 0x000000007552A000 00038C (v02 PmaxDv Pmax_Dev 00000001 INTL 20200717)
[    0.018497] ACPI: SSDT 0x0000000075524000 005D0B (v02 CpuRef CpuSsdt  00003000 INTL 20200717)
[    0.018500] ACPI: SSDT 0x0000000075521000 002935 (v02 SaSsdt SaSsdt   00003000 INTL 20200717)
[    0.018502] ACPI: SSDT 0x000000007551D000 0033D3 (v02 INTEL  IgfxSsdt 00003000 INTL 20200717)
[    0.018504] ACPI: HPET 0x000000007551C000 000038 (v01 ALASKA A M I    01072009 AMI  01000013)
[    0.018506] ACPI: APIC 0x000000007551B000 0001DC (v05 ALASKA A M I    01072009 AMI  01000013)
[    0.018508] ACPI: MCFG 0x000000007551A000 00003C (v01 ALASKA A M I    01072009 AMI  01000013)
[    0.018510] ACPI: SSDT 0x0000000075518000 001F1A (v02 ALASKA Ther_Rvp 00001000 INTL 20200717)
[    0.018513] ACPI: UEFI 0x00000000755F7000 000048 (v01 ALASKA A M I    01072009 AMI  01000013)
[    0.018515] ACPI: NHLT 0x0000000075517000 00002D (v00 ALASKA A M I    01072009 AMI  01000013)
[    0.018517] ACPI: LPIT 0x0000000075516000 0000CC (v01 ALASKA A M I    01072009 AMI  01000013)
[    0.018519] ACPI: SSDT 0x0000000075512000 002A83 (v02 ALASKA PtidDevc 00001000 INTL 20200717)
[    0.018521] ACPI: SSDT 0x000000007550F000 002357 (v02 ALASKA TbtTypeC 00000000 INTL 20200717)
[    0.018523] ACPI: DBGP 0x000000007550E000 000034 (v01 ALASKA A M I    01072009 AMI  01000013)
[    0.018525] ACPI: DBG2 0x000000007550D000 000054 (v00 ALASKA A M I    01072009 AMI  01000013)
[    0.018527] ACPI: SSDT 0x000000007550B000 001918 (v02 ALASKA UsbCTabl 00001000 INTL 20200717)
[    0.018529] ACPI: FPDT 0x000000007550A000 000044 (v01 ALASKA A M I    01072009 AMI  01000013)
[    0.018531] ACPI: SSDT 0x0000000075509000 00073A (v02 INTEL  xh_adl_N 00000000 INTL 20200717)
[    0.018533] ACPI: SSDT 0x0000000075505000 003AEA (v02 SocGpe SocGpe   00003000 INTL 20200717)
[    0.018535] ACPI: SSDT 0x0000000075501000 0039DA (v02 SocCmn SocCmn   00003000 INTL 20200717)
[    0.018538] ACPI: SSDT 0x0000000075500000 000144 (v02 Intel  ADebTabl 00001000 INTL 20200717)
[    0.018540] ACPI: BGRT 0x00000000754FF000 000038 (v01 ALASKA A M I    01072009 AMI  00010013)
[    0.018542] ACPI: TPM2 0x00000000754FE000 00004C (v04 ALASKA A M I    00000001 AMI  00000000)
[    0.018544] ACPI: PHAT 0x00000000754FD000 0005F1 (v01 ALASKA A M I    00000005 MSFT 0100000D)
[    0.018546] ACPI: WSMT 0x0000000075515000 000028 (v01 ALASKA A M I    01072009 AMI  00010013)
[    0.018547] ACPI: Reserving FACP table memory at [mem 0x755a0000-0x755a0113]
[    0.018549] ACPI: Reserving DSDT table memory at [mem 0x7552d000-0x7559f48b]
[    0.018549] ACPI: Reserving FACS table memory at [mem 0x75662000-0x7566203f]
[    0.018550] ACPI: Reserving FIDT table memory at [mem 0x7552c000-0x7552c09b]
[    0.018551] ACPI: Reserving MSDM table memory at [mem 0x7552b000-0x7552b054]
[    0.018551] ACPI: Reserving SSDT table memory at [mem 0x7552a000-0x7552a38b]
[    0.018552] ACPI: Reserving SSDT table memory at [mem 0x75524000-0x75529d0a]
[    0.018552] ACPI: Reserving SSDT table memory at [mem 0x75521000-0x75523934]
[    0.018553] ACPI: Reserving SSDT table memory at [mem 0x7551d000-0x755203d2]
[    0.018554] ACPI: Reserving HPET table memory at [mem 0x7551c000-0x7551c037]
[    0.018554] ACPI: Reserving APIC table memory at [mem 0x7551b000-0x7551b1db]
[    0.018555] ACPI: Reserving MCFG table memory at [mem 0x7551a000-0x7551a03b]
[    0.018555] ACPI: Reserving SSDT table memory at [mem 0x75518000-0x75519f19]
[    0.018556] ACPI: Reserving UEFI table memory at [mem 0x755f7000-0x755f7047]
[    0.018556] ACPI: Reserving NHLT table memory at [mem 0x75517000-0x7551702c]
[    0.018557] ACPI: Reserving LPIT table memory at [mem 0x75516000-0x755160cb]
[    0.018557] ACPI: Reserving SSDT table memory at [mem 0x75512000-0x75514a82]
[    0.018558] ACPI: Reserving SSDT table memory at [mem 0x7550f000-0x75511356]
[    0.018559] ACPI: Reserving DBGP table memory at [mem 0x7550e000-0x7550e033]
[    0.018559] ACPI: Reserving DBG2 table memory at [mem 0x7550d000-0x7550d053]
[    0.018560] ACPI: Reserving SSDT table memory at [mem 0x7550b000-0x7550c917]
[    0.018560] ACPI: Reserving FPDT table memory at [mem 0x7550a000-0x7550a043]
[    0.018561] ACPI: Reserving SSDT table memory at [mem 0x75509000-0x75509739]
[    0.018561] ACPI: Reserving SSDT table memory at [mem 0x75505000-0x75508ae9]
[    0.018562] ACPI: Reserving SSDT table memory at [mem 0x75501000-0x755049d9]
[    0.018563] ACPI: Reserving SSDT table memory at [mem 0x75500000-0x75500143]
[    0.018563] ACPI: Reserving BGRT table memory at [mem 0x754ff000-0x754ff037]
[    0.018564] ACPI: Reserving TPM2 table memory at [mem 0x754fe000-0x754fe04b]
[    0.018564] ACPI: Reserving PHAT table memory at [mem 0x754fd000-0x754fd5f0]
[    0.018565] ACPI: Reserving WSMT table memory at [mem 0x75515000-0x75515027]
[    0.018827] No NUMA configuration found
[    0.018828] Faking a node at [mem 0x0000000000000000-0x000000027fbfffff]
[    0.018840] NODE_DATA(0) allocated [mem 0x27fbd5280-0x27fbfffff]
[    0.019008] Zone ranges:
[    0.019008]   DMA      [mem 0x0000000000001000-0x0000000000ffffff]
[    0.019010]   DMA32    [mem 0x0000000001000000-0x00000000ffffffff]
[    0.019011]   Normal   [mem 0x0000000100000000-0x000000027fbfffff]
[    0.019012]   Device   empty
[    0.019013] Movable zone start for each node
[    0.019015] Early memory node ranges
[    0.019016]   node   0: [mem 0x0000000000001000-0x000000000009dfff]
[    0.019017]   node   0: [mem 0x000000000009f000-0x000000000009ffff]
[    0.019018]   node   0: [mem 0x0000000000100000-0x00000000723d2fff]
[    0.019019]   node   0: [mem 0x0000000075fff000-0x0000000075ffffff]
[    0.019019]   node   0: [mem 0x0000000100000000-0x000000027fbfffff]
[    0.019021] Initmem setup node 0 [mem 0x0000000000001000-0x000000027fbfffff]
[    0.019026] On node 0, zone DMA: 1 pages in unavailable ranges
[    0.019027] On node 0, zone DMA: 1 pages in unavailable ranges
[    0.019047] On node 0, zone DMA: 96 pages in unavailable ranges
[    0.023028] On node 0, zone DMA32: 15404 pages in unavailable ranges
[    0.037020] On node 0, zone Normal: 8192 pages in unavailable ranges
[    0.037033] On node 0, zone Normal: 1024 pages in unavailable ranges
[    0.037056] Reserving Intel graphics memory at [mem 0x7c800000-0x803fffff]
[    0.037354] ACPI: PM-Timer IO Port: 0x1808
[    0.037367] ACPI: LAPIC_NMI (acpi_id[0x01] high edge lint[0x1])
[    0.037368] ACPI: LAPIC_NMI (acpi_id[0x02] high edge lint[0x1])
[    0.037369] ACPI: LAPIC_NMI (acpi_id[0x03] high edge lint[0x1])
[    0.037369] ACPI: LAPIC_NMI (acpi_id[0x04] high edge lint[0x1])
[    0.037370] ACPI: LAPIC_NMI (acpi_id[0x05] high edge lint[0x1])
[    0.037370] ACPI: LAPIC_NMI (acpi_id[0x06] high edge lint[0x1])
[    0.037371] ACPI: LAPIC_NMI (acpi_id[0x07] high edge lint[0x1])
[    0.037371] ACPI: LAPIC_NMI (acpi_id[0x08] high edge lint[0x1])
[    0.037372] ACPI: LAPIC_NMI (acpi_id[0x09] high edge lint[0x1])
[    0.037372] ACPI: LAPIC_NMI (acpi_id[0x0a] high edge lint[0x1])
[    0.037373] ACPI: LAPIC_NMI (acpi_id[0x0b] high edge lint[0x1])
[    0.037373] ACPI: LAPIC_NMI (acpi_id[0x0c] high edge lint[0x1])
[    0.037374] ACPI: LAPIC_NMI (acpi_id[0x0d] high edge lint[0x1])
[    0.037375] ACPI: LAPIC_NMI (acpi_id[0x0e] high edge lint[0x1])
[    0.037375] ACPI: LAPIC_NMI (acpi_id[0x0f] high edge lint[0x1])
[    0.037376] ACPI: LAPIC_NMI (acpi_id[0x10] high edge lint[0x1])
[    0.037376] ACPI: LAPIC_NMI (acpi_id[0x11] high edge lint[0x1])
[    0.037377] ACPI: LAPIC_NMI (acpi_id[0x12] high edge lint[0x1])
[    0.037377] ACPI: LAPIC_NMI (acpi_id[0x13] high edge lint[0x1])
[    0.037378] ACPI: LAPIC_NMI (acpi_id[0x14] high edge lint[0x1])
[    0.037378] ACPI: LAPIC_NMI (acpi_id[0x15] high edge lint[0x1])
[    0.037379] ACPI: LAPIC_NMI (acpi_id[0x16] high edge lint[0x1])
[    0.037380] ACPI: LAPIC_NMI (acpi_id[0x17] high edge lint[0x1])
[    0.037380] ACPI: LAPIC_NMI (acpi_id[0x00] high edge lint[0x1])
[    0.037422] IOAPIC[0]: apic_id 2, version 32, address 0xfec00000, GSI 0-119
[    0.037425] ACPI: INT_SRC_OVR (bus 0 bus_irq 0 global_irq 2 dfl dfl)
[    0.037427] ACPI: INT_SRC_OVR (bus 0 bus_irq 9 global_irq 9 high level)
[    0.037431] ACPI: Using ACPI (MADT) for SMP configuration information
[    0.037432] ACPI: HPET id: 0x8086a201 base: 0xfed00000
[    0.037441] e820: update [mem 0x6c3f4000-0x6c508fff] usable ==> reserved
[    0.037453] TSC deadline timer available
[    0.037456] CPU topo: Max. logical packages:   1
[    0.037457] CPU topo: Max. logical dies:       1
[    0.037458] CPU topo: Max. dies per package:   1
[    0.037461] CPU topo: Max. threads per core:   1
[    0.037461] CPU topo: Num. cores per package:     4
[    0.037462] CPU topo: Num. threads per package:   4
[    0.037462] CPU topo: Allowing 4 present CPUs plus 0 hotplug CPUs
[    0.037481] PM: hibernation: Registered nosave memory: [mem 0x00000000-0x00000fff]
[    0.037482] PM: hibernation: Registered nosave memory: [mem 0x0009e000-0x0009efff]
[    0.037484] PM: hibernation: Registered nosave memory: [mem 0x000a0000-0x000fffff]
[    0.037485] PM: hibernation: Registered nosave memory: [mem 0x6c3f4000-0x6c508fff]
[    0.037487] PM: hibernation: Registered nosave memory: [mem 0x6eae8000-0x6eae8fff]
[    0.037488] PM: hibernation: Registered nosave memory: [mem 0x723d3000-0x75ffefff]
[    0.037489] PM: hibernation: Registered nosave memory: [mem 0x76000000-0xffffffff]
[    0.037499] [mem 0x80400000-0xfdffffff] available for PCI devices
[    0.037506] Booting paravirtualized kernel on bare hardware
[    0.037540] clocksource: refined-jiffies: mask: 0xffffffff max_cycles: 0xffffffff, max_idle_ns: 1910969940391419 ns
[    0.037555] setup_percpu: NR_CPUS:8192 nr_cpumask_bits:4 nr_cpu_ids:4 nr_node_ids:1
[    0.037885] percpu: Embedded 84 pages/cpu s221184 r8192 d114688 u524288
[    0.037892] pcpu-alloc: s221184 r8192 d114688 u524288 alloc=1*2097152
[    0.037894] pcpu-alloc: [0] 0 1 2 3 
[    0.037912] Kernel command line: BOOT_IMAGE=/boot/vmlinuz-6.18.1-061801-generic root=UUID=f3b0e203-1f3d-408b-9074-e8041e5758ec ro drm.debug=0x04
[    0.037948] random: crng init done
[    0.037949] printk: log buffer data + meta data: 262144 + 917504 = 1179648 bytes
[    0.039074] Dentry cache hash table entries: 1048576 (order: 11, 8388608 bytes, linear)
[    0.039655] Inode-cache hash table entries: 524288 (order: 10, 4194304 bytes, linear)
[    0.039709] software IO TLB: area num 4.
[    0.058403] Fallback order for Node 0: 0 
[    0.058409] Built 1 zonelists, mobility grouping on.  Total pages: 2039666
[    0.058411] Policy zone: Normal
[    0.058419] mem auto-init: stack:all(zero), heap alloc:on, heap free:off
[    0.081301] SLUB: HWalign=64, Order=0-3, MinObjects=0, CPUs=4, Nodes=1
[    0.086716] ftrace: allocating 62037 entries in 244 pages
[    0.086720] ftrace: allocated 244 pages with 5 groups
[    0.087399] Dynamic Preempt: voluntary
[    0.087451] rcu: Preemptible hierarchical RCU implementation.
[    0.087452] rcu: 	RCU restricting CPUs from NR_CPUS=8192 to nr_cpu_ids=4.
[    0.087454] 	Trampoline variant of Tasks RCU enabled.
[    0.087454] 	Rude variant of Tasks RCU enabled.
[    0.087454] 	Tracing variant of Tasks RCU enabled.
[    0.087455] rcu: RCU calculated value of scheduler-enlistment delay is 100 jiffies.
[    0.087456] rcu: Adjusting geometry for rcu_fanout_leaf=16, nr_cpu_ids=4
[    0.087465] RCU Tasks: Setting shift to 2 and lim to 1 rcu_task_cb_adjust=1 rcu_task_cpu_ids=4.
[    0.087467] RCU Tasks Rude: Setting shift to 2 and lim to 1 rcu_task_cb_adjust=1 rcu_task_cpu_ids=4.
[    0.087468] RCU Tasks Trace: Setting shift to 2 and lim to 1 rcu_task_cb_adjust=1 rcu_task_cpu_ids=4.
[    0.092374] NR_IRQS: 524544, nr_irqs: 1024, preallocated irqs: 16
[    0.092686] rcu: srcu_init: Setting srcu_struct sizes based on contention.
[    0.092908] Console: colour dummy device 80x25
[    0.092911] printk: legacy console [tty0] enabled
[    0.093197] ACPI: Core revision 20250807
[    0.093530] hpet: HPET dysfunctional in PC10. Force disabled.
[    0.093592] APIC: Switch to symmetric I/O mode setup
[    0.094926] x2apic: IRQ remapping doesn't support X2APIC mode
[    0.099879] clocksource: tsc-early: mask: 0xffffffffffffffff max_cycles: 0xb9fb05486c, max_idle_ns: 440795231721 ns
[    0.099887] Calibrating delay loop (skipped), value calculated using timer frequency.. 1612.80 BogoMIPS (lpj=806400)
[    0.099920] CPU0: Thermal monitoring enabled (TM1)
[    0.099923] x86/cpu: User Mode Instruction Prevention (UMIP) activated
[    0.099999] Last level iTLB entries: 4KB 0, 2MB 0, 4MB 0
[    0.100001] Last level dTLB entries: 4KB 0, 2MB 0, 4MB 0, 1GB 0
[    0.100009] process: using mwait in idle threads
[    0.100011] mitigations: Enabled attack vectors: user_kernel, user_user, guest_host, guest_guest, SMT mitigations: auto
[    0.100017] Speculative Store Bypass: Mitigation: Speculative Store Bypass disabled via prctl
[    0.100020] Spectre V2 : Mitigation: Enhanced / Automatic IBRS
[    0.100022] Register File Data Sampling: Mitigation: Clear Register File
[    0.100024] VMSCAPE: Mitigation: IBPB before exit to userspace
[    0.100026] Spectre V1 : Mitigation: usercopy/swapgs barriers and __user pointer sanitization
[    0.100029] Spectre V2 : mitigation: Enabling conditional Indirect Branch Prediction Barrier
[    0.100040] x86/fpu: Supporting XSAVE feature 0x001: 'x87 floating point registers'
[    0.100043] x86/fpu: Supporting XSAVE feature 0x002: 'SSE registers'
[    0.100045] x86/fpu: Supporting XSAVE feature 0x004: 'AVX registers'
[    0.100047] x86/fpu: Supporting XSAVE feature 0x200: 'Protection Keys User registers'
[    0.100049] x86/fpu: Supporting XSAVE feature 0x800: 'Control-flow User registers'
[    0.100052] x86/fpu: Supporting XSAVE feature 0x1000: 'Control-flow Kernel registers (KVM only)'
[    0.100055] x86/fpu: xstate_offset[2]:  576, xstate_sizes[2]:  256
[    0.100057] x86/fpu: xstate_offset[9]:  832, xstate_sizes[9]:    8
[    0.100059] x86/fpu: xstate_offset[11]:  840, xstate_sizes[11]:   16
[    0.100062] x86/fpu: xstate_offset[12]:  856, xstate_sizes[12]:   24
[    0.100064] x86/fpu: Enabled xstate features 0x1a07, context size is 880 bytes, using 'compacted' format.
[    0.100885] Freeing SMP alternatives memory: 52K
[    0.100885] pid_max: default: 32768 minimum: 301
[    0.100885] LSM: initializing lsm=lockdown,capability,landlock,yama,apparmor,ima,evm
[    0.100885] landlock: Up and running.
[    0.100885] Yama: becoming mindful.
[    0.100885] AppArmor: AppArmor initialized
[    0.100885] Mount-cache hash table entries: 16384 (order: 5, 131072 bytes, linear)
[    0.100885] Mountpoint-cache hash table entries: 16384 (order: 5, 131072 bytes, linear)
[    0.100885] smpboot: CPU0: Intel(R) N100 (family: 0x6, model: 0xbe, stepping: 0x0)
[    0.100885] Performance Events: XSAVE Architectural LBR, PEBS fmt4+-baseline, PEBS-via-PT,  AnyThread deprecated, Gracemont events, 32-deep LBR, full-width counters, Intel PMU driver.
[    0.100885] ... version:                   5
[    0.100885] ... bit width:                 48
[    0.100885] ... generic counters:          6
[    0.100885] ... generic bitmap:            000000000000003f
[    0.100885] ... fixed-purpose counters:    3
[    0.100885] ... fixed-purpose bitmap:      0000000000000007
[    0.100885] ... value mask:                0000ffffffffffff
[    0.100885] ... max period:                00007fffffffffff
[    0.100885] ... global_ctrl mask:          000000070000003f
[    0.100885] signal: max sigframe size: 3632
[    0.100885] Estimated ratio of average max frequency by base frequency (times 1024): 3712
[    0.102235] rcu: Hierarchical SRCU implementation.
[    0.102241] rcu: 	Max phase no-delay instances is 400.
[    0.102308] Timer migration: 1 hierarchy levels; 8 children per group; 1 crossnode level
[    0.102799] NMI watchdog: Enabled. Permanently consumes one hw-PMU counter.
[    0.102900] smp: Bringing up secondary CPUs ...
[    0.103009] smpboot: x86: Booting SMP configuration:
[    0.103011] .... node  #0, CPUs:      #1 #2 #3
[    0.104018] smp: Brought up 1 node, 4 CPUs
[    0.104018] smpboot: Total of 4 processors activated (6451.20 BogoMIPS)
[    0.104400] Memory: 7805368K/8158664K available (23041K kernel code, 4733K rwdata, 16932K rodata, 5184K init, 6260K bss, 343908K reserved, 0K cma-reserved)
[    0.105096] devtmpfs: initialized
[    0.105096] x86/mm: Memory block size: 128MB
[    0.106036] ACPI: PM: Registering ACPI NVS region [mem 0x755a3000-0x75662fff] (786432 bytes)
[    0.106036] clocksource: jiffies: mask: 0xffffffff max_cycles: 0xffffffff, max_idle_ns: 1911260446275000 ns
[    0.106036] posixtimers hash table entries: 2048 (order: 3, 32768 bytes, linear)
[    0.106036] futex hash table entries: 1024 (65536 bytes on 1 NUMA nodes, total 64 KiB, linear).
[    0.106036] pinctrl core: initialized pinctrl subsystem
[    0.106218] PM: RTC time: 08:28:47, date: 2026-01-07
[    0.107137] NET: Registered PF_NETLINK/PF_ROUTE protocol family
[    0.107407] DMA: preallocated 1024 KiB GFP_KERNEL pool for atomic allocations
[    0.107517] DMA: preallocated 1024 KiB GFP_KERNEL|GFP_DMA pool for atomic allocations
[    0.107636] DMA: preallocated 1024 KiB GFP_KERNEL|GFP_DMA32 pool for atomic allocations
[    0.107652] audit: initializing netlink subsys (disabled)
[    0.107702] audit: type=2000 audit(1767774527.007:1): state=initialized audit_enabled=0 res=1
[    0.107702] thermal_sys: Registered thermal governor 'fair_share'
[    0.107702] thermal_sys: Registered thermal governor 'bang_bang'
[    0.107702] thermal_sys: Registered thermal governor 'step_wise'
[    0.107702] thermal_sys: Registered thermal governor 'user_space'
[    0.107702] thermal_sys: Registered thermal governor 'power_allocator'
[    0.107889] cpuidle: using governor ladder
[    0.107892] cpuidle: using governor menu
[    0.107925] ACPI FADT declares the system doesn't support PCIe ASPM, so disable it
[    0.107925] acpiphp: ACPI Hot Plug PCI Controller Driver version: 0.5
[    0.108044] PCI: ECAM [mem 0xc0000000-0xcfffffff] (base 0xc0000000) for domain 0000 [bus 00-ff]
[    0.108061] PCI: Using configuration type 1 for base access
[    0.108133] kprobes: kprobe jump-optimization is enabled. All kprobes are optimized if possible.
[    0.108133] HugeTLB: registered 1.00 GiB page size, pre-allocated 0 pages
[    0.108133] HugeTLB: 16380 KiB vmemmap can be freed for a 1.00 GiB page
[    0.108133] HugeTLB: registered 2.00 MiB page size, pre-allocated 0 pages
[    0.108133] HugeTLB: 28 KiB vmemmap can be freed for a 2.00 MiB page
[    0.109243] fbcon: Taking over console
[    0.109270] ACPI: Added _OSI(Module Device)
[    0.109271] ACPI: Added _OSI(Processor Device)
[    0.109272] ACPI: Added _OSI(Processor Aggregator Device)
[    0.210012] ACPI BIOS Error (bug): Could not resolve symbol [\_SB.PC00.TXHC.RHUB.SS01], AE_NOT_FOUND (20250807/dswload2-162)
[    0.210026] ACPI Error: AE_NOT_FOUND, During name lookup/catalog (20250807/psobject-220)
[    0.210030] ACPI: Skipping parse of AML opcode: Scope (0x0010)
[    0.210035] ACPI BIOS Error (bug): Could not resolve symbol [\_SB.PC00.TXHC.RHUB.SS02], AE_NOT_FOUND (20250807/dswload2-162)
[    0.210041] ACPI Error: AE_NOT_FOUND, During name lookup/catalog (20250807/psobject-220)
[    0.210044] ACPI: Skipping parse of AML opcode: Scope (0x0010)
[    0.212796] ACPI: 13 ACPI AML tables successfully acquired and loaded
[    0.228781] ACPI: Dynamic OEM Table Load:
[    0.228794] ACPI: SSDT 0xFFFF8EBF403D4400 000394 (v02 PmRef  Cpu0Cst  00003001 INTL 20200717)
[    0.230137] ACPI: Dynamic OEM Table Load:
[    0.230145] ACPI: SSDT 0xFFFF8EBF402CD800 0001A3 (v02 PmRef  Cpu0Ist  00003000 INTL 20200717)
[    0.231439] ACPI: Dynamic OEM Table Load:
[    0.231445] ACPI: SSDT 0xFFFF8EBF402CC400 0001AB (v02 PmRef  Cpu0Psd  00003000 INTL 20200717)
[    0.232749] ACPI: Dynamic OEM Table Load:
[    0.232756] ACPI: SSDT 0xFFFF8EBF40356800 0004B5 (v02 PmRef  Cpu0Hwp  00003000 INTL 20200717)
[    0.234596] ACPI: Dynamic OEM Table Load:
[    0.234607] ACPI: SSDT 0xFFFF8EBF414D2000 001BAF (v02 PmRef  ApIst    00003000 INTL 20200717)
[    0.236850] ACPI: Dynamic OEM Table Load:
[    0.236858] ACPI: SSDT 0xFFFF8EBF414D4000 001038 (v02 PmRef  ApHwp    00003000 INTL 20200717)
[    0.238834] ACPI: Dynamic OEM Table Load:
[    0.238842] ACPI: SSDT 0xFFFF8EBF414D0000 001349 (v02 PmRef  ApPsd    00003000 INTL 20200717)
[    0.240853] ACPI: Dynamic OEM Table Load:
[    0.240861] ACPI: SSDT 0xFFFF8EBF414D8000 000FBB (v02 PmRef  ApCst    00003000 INTL 20200717)
[    0.244965] ACPI: Interpreter enabled
[    0.245034] ACPI: PM: (supports S0 S5)
[    0.245036] ACPI: Using IOAPIC for interrupt routing
[    0.246764] PCI: Using host bridge windows from ACPI; if necessary, use "pci=nocrs" and report a bug
[    0.246768] PCI: Ignoring E820 reservations for host bridge windows
[    0.248189] ACPI: Enabled 7 GPEs in block 00 to 7F
[    0.274590] ACPI: \_SB_.PC00.CNVW.WRST: New power resource
[    0.291400] ACPI: \_TZ_.FN00: New power resource
[    0.291482] ACPI: \_TZ_.FN01: New power resource
[    0.291555] ACPI: \_TZ_.FN02: New power resource
[    0.291627] ACPI: \_TZ_.FN03: New power resource
[    0.291700] ACPI: \_TZ_.FN04: New power resource
[    0.292409] ACPI: \PIN_: New power resource
[    0.292769] ACPI: PCI Root Bridge [PC00] (domain 0000 [bus 00-fe])
[    0.292779] acpi PNP0A08:00: _OSC: OS supports [ExtendedConfig ASPM ClockPM Segments MSI EDR HPX-Type3]
[    0.292966] acpi PNP0A08:00: _OSC: platform does not support [PCIeHotplug SHPCHotplug PME]
[    0.293310] acpi PNP0A08:00: _OSC: OS now controls [AER PCIeCapability LTR DPC]
[    0.293313] acpi PNP0A08:00: FADT indicates ASPM is unsupported, using BIOS configuration
[    0.295013] PCI host bridge to bus 0000:00
[    0.295018] pci_bus 0000:00: root bus resource [io  0x0000-0x0cf7 window]
[    0.295023] pci_bus 0000:00: root bus resource [io  0x0d00-0xffff window]
[    0.295025] pci_bus 0000:00: root bus resource [mem 0x000a0000-0x000bffff window]
[    0.295029] pci_bus 0000:00: root bus resource [mem 0x000e0000-0x000fffff window]
[    0.295032] pci_bus 0000:00: root bus resource [mem 0x80400000-0xbfffffff window]
[    0.295035] pci_bus 0000:00: root bus resource [mem 0x4000000000-0x7fffffffff window]
[    0.295038] pci_bus 0000:00: root bus resource [bus 00-fe]
[    0.295074] pci 0000:00:00.0: [8086:461c] type 00 class 0x060000 conventional PCI endpoint
[    0.295268] pci 0000:00:02.0: [8086:46d1] type 00 class 0x030000 PCIe Root Complex Integrated Endpoint
[    0.295288] pci 0000:00:02.0: BAR 0 [mem 0x6000000000-0x6000ffffff 64bit]
[    0.295292] pci 0000:00:02.0: BAR 2 [mem 0x4000000000-0x400fffffff 64bit pref]
[    0.295296] pci 0000:00:02.0: BAR 4 [io  0x5000-0x503f]
[    0.295309] pci 0000:00:02.0: DMAR: Skip IOMMU disabling for graphics
[    0.295313] pci 0000:00:02.0: Video device with shadowed ROM at [mem 0x000c0000-0x000dffff]
[    0.295349] pci 0000:00:02.0: VF BAR 0 [mem 0x00000000-0x00ffffff 64bit]
[    0.295352] pci 0000:00:02.0: VF BAR 0 [mem 0x00000000-0x06ffffff 64bit]: contains BAR 0 for 7 VFs
[    0.295356] pci 0000:00:02.0: VF BAR 2 [mem 0x00000000-0x1fffffff 64bit pref]
[    0.295359] pci 0000:00:02.0: VF BAR 2 [mem 0x00000000-0xdfffffff 64bit pref]: contains BAR 2 for 7 VFs
[    0.295571] pci 0000:00:0a.0: [8086:467d] type 00 class 0x118000 PCIe Root Complex Integrated Endpoint
[    0.295591] pci 0000:00:0a.0: BAR 0 [mem 0x6001110000-0x6001117fff 64bit]
[    0.295599] pci 0000:00:0a.0: enabling Extended Tags
[    0.295720] pci 0000:00:14.0: [8086:54ed] type 00 class 0x0c0330 conventional PCI endpoint
[    0.295770] pci 0000:00:14.0: BAR 0 [mem 0x6001100000-0x600110ffff 64bit]
[    0.295825] pci 0000:00:14.0: PME# supported from D3hot D3cold
[    0.298686] pci 0000:00:14.2: [8086:54ef] type 00 class 0x050000 conventional PCI endpoint
[    0.298740] pci 0000:00:14.2: BAR 0 [mem 0x6001124000-0x6001127fff 64bit]
[    0.298746] pci 0000:00:14.2: BAR 2 [mem 0x600112e000-0x600112efff 64bit]
[    0.298990] pci 0000:00:15.0: [8086:54e8] type 00 class 0x0c8000 conventional PCI endpoint
[    0.299097] pci 0000:00:15.0: BAR 0 [mem 0x00000000-0x00000fff 64bit]
[    0.308996] pci 0000:00:15.2: [8086:54ea] type 00 class 0x0c8000 conventional PCI endpoint
[    0.309067] pci 0000:00:15.2: BAR 0 [mem 0x00000000-0x00000fff 64bit]
[    0.319216] pci 0000:00:15.3: [8086:54eb] type 00 class 0x0c8000 conventional PCI endpoint
[    0.319290] pci 0000:00:15.3: BAR 0 [mem 0x00000000-0x00000fff 64bit]
[    0.329223] pci 0000:00:16.0: [8086:54e0] type 00 class 0x078000 conventional PCI endpoint
[    0.329282] pci 0000:00:16.0: BAR 0 [mem 0x600112a000-0x600112afff 64bit]
[    0.329344] pci 0000:00:16.0: PME# supported from D3hot
[    0.330065] pci 0000:00:17.0: [8086:54d3] type 00 class 0x010601 conventional PCI endpoint
[    0.330115] pci 0000:00:17.0: BAR 0 [mem 0x80700000-0x80701fff]
[    0.330120] pci 0000:00:17.0: BAR 1 [mem 0x80703000-0x807030ff]
[    0.330125] pci 0000:00:17.0: BAR 2 [io  0x5090-0x5097]
[    0.330130] pci 0000:00:17.0: BAR 3 [io  0x5080-0x5083]
[    0.330134] pci 0000:00:17.0: BAR 4 [io  0x5060-0x507f]
[    0.330139] pci 0000:00:17.0: BAR 5 [mem 0x80702000-0x807027ff]
[    0.330187] pci 0000:00:17.0: PME# supported from D3hot
[    0.330620] pci 0000:00:1a.0: [8086:54c4] type 00 class 0x080501 conventional PCI endpoint
[    0.330677] pci 0000:00:1a.0: BAR 0 [mem 0x6001129000-0x6001129fff 64bit]
[    0.331091] pci 0000:00:1c.0: [8086:54be] type 01 class 0x060400 PCIe Root Port
[    0.331119] pci 0000:00:1c.0: PCI bridge to [bus 01]
[    0.331125] pci 0000:00:1c.0:   bridge window [io  0x4000-0x4fff]
[    0.331130] pci 0000:00:1c.0:   bridge window [mem 0x80600000-0x806fffff]
[    0.331213] pci 0000:00:1c.0: PME# supported from D0 D3hot D3cold
[    0.331252] pci 0000:00:1c.0: PTM enabled (root), 4ns granularity
[    0.332032] pci 0000:00:1d.0: [8086:54b0] type 01 class 0x060400 PCIe Root Port
[    0.332060] pci 0000:00:1d.0: PCI bridge to [bus 02]
[    0.332067] pci 0000:00:1d.0:   bridge window [mem 0x80500000-0x805fffff]
[    0.332149] pci 0000:00:1d.0: PME# supported from D0 D3hot D3cold
[    0.332185] pci 0000:00:1d.0: PTM enabled (root), 4ns granularity
[    0.332928] pci 0000:00:1d.2: [8086:54b2] type 01 class 0x060400 PCIe Root Port
[    0.332956] pci 0000:00:1d.2: PCI bridge to [bus 03]
[    0.332961] pci 0000:00:1d.2:   bridge window [io  0x3000-0x3fff]
[    0.332966] pci 0000:00:1d.2:   bridge window [mem 0x80400000-0x804fffff]
[    0.333047] pci 0000:00:1d.2: PME# supported from D0 D3hot D3cold
[    0.333083] pci 0000:00:1d.2: PTM enabled (root), 4ns granularity
[    0.333828] pci 0000:00:1f.0: [8086:5481] type 00 class 0x060100 conventional PCI endpoint
[    0.334253] pci 0000:00:1f.3: [8086:54c8] type 00 class 0x040300 conventional PCI endpoint
[    0.334358] pci 0000:00:1f.3: BAR 0 [mem 0x6001120000-0x6001123fff 64bit]
[    0.334370] pci 0000:00:1f.3: BAR 4 [mem 0x6001000000-0x60010fffff 64bit]
[    0.334469] pci 0000:00:1f.3: PME# supported from D3hot D3cold
[    0.334599] pci 0000:00:1f.4: [8086:54a3] type 00 class 0x0c0500 conventional PCI endpoint
[    0.334652] pci 0000:00:1f.4: BAR 0 [mem 0x6001128000-0x60011280ff 64bit]
[    0.334661] pci 0000:00:1f.4: BAR 4 [io  0xefa0-0xefbf]
[    0.334977] pci 0000:00:1f.5: [8086:54a4] type 00 class 0x0c8000 conventional PCI endpoint
[    0.335036] pci 0000:00:1f.5: BAR 0 [mem 0xfe010000-0xfe010fff]
[    0.335214] pci 0000:01:00.0: [10ec:c821] type 00 class 0x028000 PCIe Endpoint
[    0.335287] pci 0000:01:00.0: BAR 0 [io  0x4000-0x40ff]
[    0.335296] pci 0000:01:00.0: BAR 2 [mem 0x80600000-0x8060ffff 64bit]
[    0.335434] pci 0000:01:00.0: supports D1 D2
[    0.335436] pci 0000:01:00.0: PME# supported from D0 D1 D2 D3hot D3cold
[    0.335704] pci 0000:00:1c.0: PCI bridge to [bus 01]
[    0.335786] pci 0000:02:00.0: [10ec:5765] type 00 class 0x010802 PCIe Endpoint
[    0.335848] pci 0000:02:00.0: BAR 0 [mem 0x80500000-0x80503fff 64bit]
[    0.335857] pci 0000:02:00.0: BAR 5 [mem 0x80504000-0x80505fff]
[    0.336087] pci 0000:02:00.0: 15.752 Gb/s available PCIe bandwidth, limited by 8.0 GT/s PCIe x2 link at 0000:00:1d.0 (capable of 31.504 Gb/s with 8.0 GT/s PCIe x4 link)
[    0.336177] pci 0000:00:1d.0: PCI bridge to [bus 02]
[    0.336265] pci 0000:03:00.0: [10ec:8168] type 00 class 0x020000 PCIe Endpoint
[    0.336332] pci 0000:03:00.0: BAR 0 [io  0x3000-0x30ff]
[    0.336339] pci 0000:03:00.0: BAR 2 [mem 0x80404000-0x80404fff 64bit]
[    0.336345] pci 0000:03:00.0: BAR 4 [mem 0x80400000-0x80403fff 64bit]
[    0.336467] pci 0000:03:00.0: supports D1 D2
[    0.336469] pci 0000:03:00.0: PME# supported from D0 D1 D2 D3hot D3cold
[    0.336671] pci 0000:00:1d.2: PCI bridge to [bus 03]
[    0.337830] ACPI: PCI: Interrupt link LNKA configured for IRQ 0
[    0.337960] ACPI: PCI: Interrupt link LNKB configured for IRQ 1
[    0.338084] ACPI: PCI: Interrupt link LNKC configured for IRQ 0
[    0.338210] ACPI: PCI: Interrupt link LNKD configured for IRQ 0
[    0.338333] ACPI: PCI: Interrupt link LNKE configured for IRQ 0
[    0.338459] ACPI: PCI: Interrupt link LNKF configured for IRQ 0
[    0.338582] ACPI: PCI: Interrupt link LNKG configured for IRQ 0
[    0.338706] ACPI: PCI: Interrupt link LNKH configured for IRQ 0
[    0.348107] iommu: Default domain type: Translated
[    0.348107] iommu: DMA domain TLB invalidation policy: lazy mode
[    0.348107] SCSI subsystem initialized
[    0.348107] libata version 3.00 loaded.
[    0.348107] ACPI: bus type USB registered
[    0.348107] usbcore: registered new interface driver usbfs
[    0.348107] usbcore: registered new interface driver hub
[    0.348107] usbcore: registered new device driver usb
[    0.348107] pps_core: LinuxPPS API ver. 1 registered
[    0.348107] pps_core: Software ver. 5.3.6 - Copyright 2005-2007 Rodolfo Giometti <giometti@linux.it>
[    0.348107] PTP clock support registered
[    0.348107] EDAC MC: Ver: 3.0.0
[    0.348107] efivars: Registered efivars operations
[    0.349180] NetLabel: Initializing
[    0.349183] NetLabel:  domain hash size = 128
[    0.349185] NetLabel:  protocols = UNLABELED CIPSOv4 CALIPSO
[    0.349205] NetLabel:  unlabeled traffic allowed by default
[    0.349224] mctp: management component transport protocol core
[    0.349224] NET: Registered PF_MCTP protocol family
[    0.349224] PCI: Using ACPI for IRQ routing
[    0.372028] PCI: pci_cache_line_size set to 64 bytes
[    0.372071] pci 0000:00:1f.5: BAR 0 [mem 0xfe010000-0xfe010fff]: can't claim; no compatible bridge window
[    0.372116] e820: reserve RAM buffer [mem 0x0009e000-0x0009ffff]
[    0.372118] e820: reserve RAM buffer [mem 0x6c3f4000-0x6fffffff]
[    0.372120] e820: reserve RAM buffer [mem 0x6eae8000-0x6fffffff]
[    0.372121] e820: reserve RAM buffer [mem 0x723d3000-0x73ffffff]
[    0.372122] e820: reserve RAM buffer [mem 0x76000000-0x77ffffff]
[    0.372123] e820: reserve RAM buffer [mem 0x27fc00000-0x27fffffff]
[    0.372162] pci 0000:00:02.0: vgaarb: setting as boot VGA device
[    0.372162] pci 0000:00:02.0: vgaarb: bridge control possible
[    0.372162] pci 0000:00:02.0: vgaarb: VGA device added: decodes=io+mem,owns=io+mem,locks=none
[    0.372162] vgaarb: loaded
[    0.372228] clocksource: Switched to clocksource tsc-early
[    0.372537] VFS: Disk quotas dquot_6.6.0
[    0.372548] VFS: Dquot-cache hash table entries: 512 (order 0, 4096 bytes)
[    0.372810] AppArmor: AppArmor Filesystem Enabled
[    0.372848] pnp: PnP ACPI init
[    0.373217] system 00:00: [io  0x0a00-0x0a1f] has been reserved
[    0.373222] system 00:00: [io  0x0a20-0x0a2f] has been reserved
[    0.373225] system 00:00: [io  0x0a30-0x0a3f] has been reserved
[    0.373387] system 00:01: [io  0x0680-0x069f] has been reserved
[    0.373391] system 00:01: [io  0x164e-0x164f] has been reserved
[    0.373985] pnp 00:02: disabling [mem 0xc0000000-0xcfffffff] because it overlaps 0000:00:02.0 BAR 9 [mem 0x00000000-0xdfffffff 64bit pref]
[    0.374011] system 00:02: [mem 0xfedc0000-0xfedc7fff] has been reserved
[    0.374014] system 00:02: [mem 0xfeda0000-0xfeda0fff] has been reserved
[    0.374017] system 00:02: [mem 0xfeda1000-0xfeda1fff] has been reserved
[    0.374020] system 00:02: [mem 0xfed20000-0xfed7ffff] could not be reserved
[    0.374022] system 00:02: [mem 0xfed90000-0xfed93fff] has been reserved
[    0.374025] system 00:02: [mem 0xfed45000-0xfed8ffff] could not be reserved
[    0.374027] system 00:02: [mem 0xfee00000-0xfeefffff] could not be reserved
[    0.374929] system 00:03: [io  0x2000-0x20fe] has been reserved
[    0.375925] pnp: PnP ACPI: found 5 devices
[    0.381621] clocksource: acpi_pm: mask: 0xffffff max_cycles: 0xffffff, max_idle_ns: 2085701024 ns
[    0.381672] NET: Registered PF_INET protocol family
[    0.381811] IP idents hash table entries: 131072 (order: 8, 1048576 bytes, linear)
[    0.395915] tcp_listen_portaddr_hash hash table entries: 4096 (order: 4, 65536 bytes, linear)
[    0.396013] Table-perturb hash table entries: 65536 (order: 6, 262144 bytes, linear)
[    0.396076] TCP established hash table entries: 65536 (order: 7, 524288 bytes, linear)
[    0.396289] TCP bind hash table entries: 65536 (order: 9, 2097152 bytes, linear)
[    0.396378] TCP: Hash tables configured (established 65536 bind 65536)
[    0.396458] MPTCP token hash table entries: 8192 (order: 6, 196608 bytes, linear)
[    0.396500] UDP hash table entries: 4096 (order: 6, 262144 bytes, linear)
[    0.396586] UDP-Lite hash table entries: 4096 (order: 6, 262144 bytes, linear)
[    0.396641] NET: Registered PF_UNIX/PF_LOCAL protocol family
[    0.396653] NET: Registered PF_XDP protocol family
[    0.396663] pci_bus 0000:00: max bus depth: 1 pci_try_num: 2
[    0.396676] pci 0000:00:02.0: VF BAR 2 [mem 0x4020000000-0x40ffffffff 64bit pref]: assigned
[    0.396683] pci 0000:00:02.0: VF BAR 0 [mem 0x4010000000-0x4016ffffff 64bit]: assigned
[    0.396687] pci 0000:00:15.0: BAR 0 [mem 0x4017000000-0x4017000fff 64bit]: assigned
[    0.396706] pci 0000:00:15.2: BAR 0 [mem 0x4017001000-0x4017001fff 64bit]: assigned
[    0.396723] pci 0000:00:15.3: BAR 0 [mem 0x4017002000-0x4017002fff 64bit]: assigned
[    0.396740] pci 0000:00:1f.5: BAR 0 [mem 0x80704000-0x80704fff]: assigned
[    0.396753] pci 0000:00:1c.0: PCI bridge to [bus 01]
[    0.396756] pci 0000:00:1c.0:   bridge window [io  0x4000-0x4fff]
[    0.396761] pci 0000:00:1c.0:   bridge window [mem 0x80600000-0x806fffff]
[    0.396769] pci 0000:00:1d.0: PCI bridge to [bus 02]
[    0.396773] pci 0000:00:1d.0:   bridge window [mem 0x80500000-0x805fffff]
[    0.396781] pci 0000:00:1d.2: PCI bridge to [bus 03]
[    0.396784] pci 0000:00:1d.2:   bridge window [io  0x3000-0x3fff]
[    0.396789] pci 0000:00:1d.2:   bridge window [mem 0x80400000-0x804fffff]
[    0.396797] pci_bus 0000:00: resource 4 [io  0x0000-0x0cf7 window]
[    0.396799] pci_bus 0000:00: resource 5 [io  0x0d00-0xffff window]
[    0.396801] pci_bus 0000:00: resource 6 [mem 0x000a0000-0x000bffff window]
[    0.396804] pci_bus 0000:00: resource 7 [mem 0x000e0000-0x000fffff window]
[    0.396806] pci_bus 0000:00: resource 8 [mem 0x80400000-0xbfffffff window]
[    0.396808] pci_bus 0000:00: resource 9 [mem 0x4000000000-0x7fffffffff window]
[    0.396811] pci_bus 0000:01: resource 0 [io  0x4000-0x4fff]
[    0.396813] pci_bus 0000:01: resource 1 [mem 0x80600000-0x806fffff]
[    0.396815] pci_bus 0000:02: resource 1 [mem 0x80500000-0x805fffff]
[    0.396817] pci_bus 0000:03: resource 0 [io  0x3000-0x3fff]
[    0.396819] pci_bus 0000:03: resource 1 [mem 0x80400000-0x804fffff]
[    0.397389] PCI: CLS 64 bytes, default 64
[    0.397430] PCI-DMA: Using software bounce buffering for IO (SWIOTLB)
[    0.397433] software IO TLB: mapped [mem 0x00000000639ff000-0x00000000679ff000] (64MB)
[    0.397527] Trying to unpack rootfs image as initramfs...
[    0.400089] clocksource: tsc: mask: 0xffffffffffffffff max_cycles: 0xb9fb05486c, max_idle_ns: 440795231721 ns
[    0.400144] clocksource: Switched to clocksource tsc
[    0.400201] platform rtc_cmos: registered platform RTC device (no PNP device found)
[    0.430244] Initialise system trusted keyrings
[    0.430259] Key type blacklist registered
[    0.430380] workingset: timestamp_bits=36 max_order=21 bucket_order=0
[    0.430672] squashfs: version 4.0 (2009/01/31) Phillip Lougher
[    0.430860] fuse: init (API version 7.45)
[    0.431230] integrity: Platform Keyring initialized
[    0.431238] integrity: Machine keyring initialized
[    0.440555] Key type asymmetric registered
[    0.440563] Asymmetric key parser 'x509' registered
[    0.440598] Block layer SCSI generic (bsg) driver version 0.4 loaded (major 242)
[    0.440737] io scheduler mq-deadline registered
[    0.440999] ledtrig-cpu: registered to indicate activity on CPUs
[    0.441479] pcieport 0000:00:1c.0: AER: enabled with IRQ 120
[    0.441971] pcieport 0000:00:1d.0: AER: enabled with IRQ 121
[    0.442427] pcieport 0000:00:1d.2: AER: enabled with IRQ 122
[    0.442771] input: Sleep Button as /devices/LNXSYSTM:00/LNXSYBUS:00/PNP0C0E:00/input/input0
[    0.442799] ACPI: button: Sleep Button [SLPB]
[    0.442829] input: Power Button as /devices/LNXSYSTM:00/LNXSYBUS:00/PNP0C0C:00/input/input1
[    0.442847] ACPI: button: Power Button [PWRB]
[    0.442874] input: Power Button as /devices/LNXSYSTM:00/LNXPWRBN:00/input/input2
[    0.442922] ACPI: button: Power Button [PWRF]
[    0.444751] thermal LNXTHERM:00: registered as thermal_zone0
[    0.444757] ACPI: thermal: Thermal Zone [TZ00] (28 C)
[    0.445030] Serial: 8250/16550 driver, 32 ports, IRQ sharing enabled
[    0.467795] serial8250: ttyS0 at I/O 0x3f8 (irq = 4, base_baud = 115200) is a 16550A
[    0.470060] hpet_acpi_add: no address or irqs in _CRS
[    0.470121] Linux agpgart interface v0.103
[    0.475691] ACPI: bus type drm_connector registered
[    0.478476] loop: module loaded
[    0.478724] tun: Universal TUN/TAP device driver, 1.6
[    0.478811] PPP generic driver version 2.4.2
[    0.479141] xhci_hcd 0000:00:14.0: xHCI Host Controller
[    0.479151] xhci_hcd 0000:00:14.0: new USB bus registered, assigned bus number 1
[    0.480268] xhci_hcd 0000:00:14.0: hcc params 0x20007fc1 hci version 0x120 quirks 0x0000100200009810
[    0.480589] xhci_hcd 0000:00:14.0: xHCI Host Controller
[    0.480596] xhci_hcd 0000:00:14.0: new USB bus registered, assigned bus number 2
[    0.480600] xhci_hcd 0000:00:14.0: Host supports USB 3.1 Enhanced SuperSpeed
[    0.480651] usb usb1: New USB device found, idVendor=1d6b, idProduct=0002, bcdDevice= 6.18
[    0.480655] usb usb1: New USB device strings: Mfr=3, Product=2, SerialNumber=1
[    0.480658] usb usb1: Product: xHCI Host Controller
[    0.480660] usb usb1: Manufacturer: Linux 6.18.1-061801-generic xhci-hcd
[    0.480663] usb usb1: SerialNumber: 0000:00:14.0
[    0.480768] hub 1-0:1.0: USB hub found
[    0.480792] hub 1-0:1.0: 12 ports detected
[    0.483169] usb usb2: New USB device found, idVendor=1d6b, idProduct=0003, bcdDevice= 6.18
[    0.483176] usb usb2: New USB device strings: Mfr=3, Product=2, SerialNumber=1
[    0.483179] usb usb2: Product: xHCI Host Controller
[    0.483182] usb usb2: Manufacturer: Linux 6.18.1-061801-generic xhci-hcd
[    0.483184] usb usb2: SerialNumber: 0000:00:14.0
[    0.483303] hub 2-0:1.0: USB hub found
[    0.483319] hub 2-0:1.0: 4 ports detected
[    0.484161] i8042: PNP: No PS/2 controller found.
[    0.484216] mousedev: PS/2 mouse device common for all mice
[    0.484380] rtc_cmos rtc_cmos: RTC can wake from S4
[    0.485301] rtc_cmos rtc_cmos: registered as rtc0
[    0.485486] rtc_cmos rtc_cmos: setting system clock to 2026-01-07T08:28:47 UTC (1767774527)
[    0.485523] rtc_cmos rtc_cmos: alarms up to one month, y3k, 114 bytes nvram
[    0.485531] i2c_dev: i2c /dev entries driver
[    0.485666] device-mapper: core: CONFIG_IMA_DISABLE_HTABLE is disabled. Duplicate IMA measurements will not be recorded in the IMA log.
[    0.485692] device-mapper: uevent: version 1.0.3
[    0.485737] device-mapper: ioctl: 4.50.0-ioctl (2025-04-28) initialised: dm-devel@lists.linux.dev
[    0.485744] intel_pstate: Intel P-state driver initializing
[    0.485904] intel_pstate: HWP enabled
[    0.486062] simple-framebuffer simple-framebuffer.0: [drm:drm_sysfb_build_fourcc_list] adding native format XR24 little-endian (0x34325258)
[    0.486135] simple-framebuffer simple-framebuffer.0: [drm:drm_sysfs_connector_add] [CONNECTOR:37:Unknown-1] adding connector to sysfs
[    0.486153] simple-framebuffer simple-framebuffer.0: [drm:drm_sysfs_connector_hotplug_event] [CONNECTOR:37:Unknown-1] generating connector hotplug event
[    0.486159] simple-framebuffer simple-framebuffer.0: [drm] Registered 1 planes with drm panic
[    0.486163] [drm] Initialized simpledrm 1.0.0 for simple-framebuffer.0 on minor 0
[    0.486172] simple-framebuffer simple-framebuffer.0: [drm:drm_client_modeset_probe] 
[    0.486176] simple-framebuffer simple-framebuffer.0: [drm:drm_helper_probe_single_connector_modes] [CONNECTOR:37:Unknown-1]
[    0.486180] simple-framebuffer simple-framebuffer.0: [drm:drm_helper_probe_single_connector_modes] [CONNECTOR:37:Unknown-1] status updated from unknown to connected
[    0.486197] simple-framebuffer simple-framebuffer.0: [drm:drm_helper_probe_single_connector_modes] [CONNECTOR:37:Unknown-1] probed modes:
[    0.486199] simple-framebuffer simple-framebuffer.0: [drm:drm_helper_probe_single_connector_modes] Probed mode: "3840x2160": 60 497664 3840 3840 3840 3840 2160 2160 2160 2160 0x48 0x0
[    0.486203] simple-framebuffer simple-framebuffer.0: [drm:drm_client_connectors_enabled] [CONNECTOR:37:Unknown-1] enabled? yes
[    0.486206] simple-framebuffer simple-framebuffer.0: [drm:drm_client_firmware_config.isra.0] Not using firmware configuration
[    0.486209] simple-framebuffer simple-framebuffer.0: [drm:drm_client_target_preferred.isra.0] [CONNECTOR:37:Unknown-1] found preferred mode: 3840x2160
[    0.486211] simple-framebuffer simple-framebuffer.0: [drm:drm_client_modeset_probe] picking CRTCs for 4096x4096 config
[    0.486214] simple-framebuffer simple-framebuffer.0: [drm:drm_client_modeset_probe] [CRTC:35:crtc-0] desired mode 3840x2160 set (0,0)
[    0.486217] simple-framebuffer simple-framebuffer.0: [drm:__drm_fb_helper_find_sizes] test CRTC 0 primary plane
[    0.486221] simple-framebuffer simple-framebuffer.0: [drm:drm_fbdev_shmem_driver_fbdev_probe] surface width(3840), height(2160) and bpp(32)
[    0.486236] simple-framebuffer simple-framebuffer.0: [drm:drm_mode_addfb2] [FB:38]
[    0.502585] Console: switching to colour frame buffer device 240x67
[    0.519396] simple-framebuffer simple-framebuffer.0: [drm] fb0: simpledrmdrmfb frame buffer device
[    0.520095] drop_monitor: Initializing network drop monitor service
[    0.520434] NET: Registered PF_INET6 protocol family
[    0.520835] Freeing initrd memory: 73532K
[    0.521169] Segment Routing with IPv6
[    0.521216] In-situ OAM (IOAM) with IPv6
[    0.521275] NET: Registered PF_PACKET protocol family
[    0.521443] Key type dns_resolver registered
[    0.526270] ENERGY_PERF_BIAS: Set to 'normal', was 'performance'
[    0.526486] microcode: Current revision: 0x0000001d
[    0.526505] microcode: Updated early from: 0x0000000e
[    0.526881] resctrl: L2 allocation detected
[    0.526915] IPI shorthand broadcast: enabled
[    0.528313] sched_clock: Marking stable (521001327, 7037248)->(559571757, -31533182)
[    0.528758] registered taskstats version 1
[    0.529287] Loading compiled-in X.509 certificates
[    0.530019] Loaded X.509 cert 'Build time autogenerated kernel key: 0e6055528e053f614d3e6dfec489b1c794fa3de6'
[    0.530590] Loaded X.509 cert 'Canonical Ltd. Live Patch Signing 2025 Kmod: d541cef61dc7e793b7eb7e899970a2eef0b5dc8c'
[    0.531195] Loaded X.509 cert 'Canonical Ltd. Live Patch Signing: 14df34d1a87cf37625abec039ef2bf521249b969'
[    0.531759] Loaded X.509 cert 'Canonical Ltd. Kernel Module Signing: 88f752e560a1e0737e31163a466ad7b70a850c19'
[    0.531787] blacklist: Loading compiled-in revocation X.509 certificates
[    0.531937] Loaded X.509 cert 'Canonical Ltd. Secure Boot Signing: 61482aa2830d0ab2ad5af10b7250da9033ddcef0'
[    0.532052] Loaded X.509 cert 'Canonical Ltd. Secure Boot Signing (2017): 242ade75ac4a15e50d50c84b0d45ff3eae707a03'
[    0.532221] Loaded X.509 cert 'Canonical Ltd. Secure Boot Signing (ESM 2018): 365188c1d374d6b07c3c8f240f8ef722433d6a8b'
[    0.532341] Loaded X.509 cert 'Canonical Ltd. Secure Boot Signing (2019): c0746fd6c5da3ae827864651ad66ae47fe24b3e8'
[    0.532458] Loaded X.509 cert 'Canonical Ltd. Secure Boot Signing (2021 v1): a8d54bbb3825cfb94fa13c9f8a594a195c107b8d'
[    0.532580] Loaded X.509 cert 'Canonical Ltd. Secure Boot Signing (2021 v2): 4cf046892d6fd3c9a5b03f98d845f90851dc6a8c'
[    0.532760] Loaded X.509 cert 'Canonical Ltd. Secure Boot Signing (2021 v3): 100437bb6de6e469b581e61cd66bce3ef4ed53af'
[    0.532883] Loaded X.509 cert 'Canonical Ltd. Secure Boot Signing (Ubuntu Core 2019): c1d57b8f6b743f23ee41f4f7ee292f06eecadfb9'
[    0.536651] Demotion targets for Node 0: null
[    0.536862] Key type .fscrypt registered
[    0.536875] Key type fscrypt-provisioning registered
[    0.536947] Key type big_key registered
[    0.536964] Key type trusted registered
[    0.546586] Key type encrypted registered
[    0.546610] AppArmor: AppArmor sha256 policy hashing enabled
[    0.547098] Loading compiled-in module X.509 certificates
[    0.547699] Loaded X.509 cert 'Build time autogenerated kernel key: 0e6055528e053f614d3e6dfec489b1c794fa3de6'
[    0.547823] ima: Allocated hash algorithm: sha256
[    0.619806] ima: No architecture policies found
[    0.620072] evm: Initialising EVM extended attributes:
[    0.620147] evm: security.selinux
[    0.624194] evm: security.SMACK64
[    0.627190] evm: security.SMACK64EXEC
[    0.629492] evm: security.SMACK64TRANSMUTE
[    0.631471] evm: security.SMACK64MMAP
[    0.633282] evm: security.apparmor
[    0.634976] evm: security.ima
[    0.636555] evm: security.capability
[    0.637866] evm: HMAC attrs: 0x1
[    0.639765] PM:   Magic number: 10:267:472
[    0.642033] acpi LNXSYSTM:00: hash matches
[    0.646319] RAS: Correctable Errors collector initialized.
[    0.656371] clk: Disabling unused clocks
[    0.658363] PM: genpd: Disabling unused power domains
[    0.662405] Freeing unused decrypted memory: 2028K
[    0.666172] Freeing unused kernel image (initmem) memory: 5184K
[    0.668240] Write protecting the kernel read-only data: 43008k
[    0.671105] Freeing unused kernel image (text/rodata gap) memory: 1532K
[    0.673603] Freeing unused kernel image (rodata/data gap) memory: 1500K
[    0.711166] x86/mm: Checked W+X mappings: passed, no W+X pages found.
[    0.716153] Run /init as init process
[    0.717989]   with arguments:
[    0.717993]     /init
[    0.717994]   with environment:
[    0.717995]     HOME=/
[    0.717995]     TERM=linux
[    0.730785] usb 1-3: new high-speed USB device number 2 using xhci_hcd
[    0.862558] usb 1-3: New USB device found, idVendor=2109, idProduct=2811, bcdDevice=90.10
[    0.864025] usb 1-3: New USB device strings: Mfr=0, Product=1, SerialNumber=0
[    0.865544] usb 1-3: Product: USB 2.0 HUB
                     
[    0.888347] intel-lpss 0000:00:15.0: enabling device (0004 -> 0006)
[    0.889266] hub 1-3:1.0: USB hub found
[    0.892276] hub 1-3:1.0: 4 ports detected
[    0.893480] idma64 idma64.0: Found Intel integrated DMA 64-bit
[    0.902422] r8169 0000:03:00.0: can't disable ASPM; OS doesn't have ASPM control
[    0.902540] sdhci: Secure Digital Host Controller Interface driver
[    0.906442] sdhci: Copyright(c) Pierre Ossman
[    0.918175] ahci 0000:00:17.0: AHCI vers 0001.0301, 32 command slots, 6 Gbps, SATA mode
[    0.919131] r8169 0000:03:00.0 eth0: RTL8168h/8111h, e0:51:d8:15:09:5d, XID 541, IRQ 124
[    0.920255] ahci 0000:00:17.0: 1/1 ports implemented (port mask 0x2)
[    0.922277] r8169 0000:03:00.0 eth0: jumbo features [frames: 9194 bytes, tx checksumming: ko]
[    0.924432] ahci 0000:00:17.0: flags: 64bit ncq sntf pm clo only pio slum part deso sadm sds 
[    0.930200] intel-lpss 0000:00:15.2: enabling device (0004 -> 0006)
[    0.934367] idma64 idma64.1: Found Intel integrated DMA 64-bit
[    0.934376] Key type psk registered
[    0.942568] sdhci-pci 0000:00:1a.0: SDHCI controller found [8086:54c4] (rev 0)
[    0.950218] mmc0: CQHCI version 5.10
[    0.952655] mmc0: SDHCI controller on PCI [0000:00:1a.0] using ADMA 64-bit
[    0.966154] scsi host0: ahci
[    0.975301] scsi host1: ahci
[    0.976231] intel-lpss 0000:00:15.3: enabling device (0004 -> 0006)
[    0.979505] idma64 idma64.2: Found Intel integrated DMA 64-bit
[    0.984692] usb 2-2: new SuperSpeed Plus Gen 2x1 USB device number 2 using xhci_hcd
[    0.986130] ata1: DUMMY
[    0.987616] ata2: SATA max UDMA/133 abar m2048@0x80702000 port 0x80702180 irq 125 lpm-pol 4
[    0.996868] usb 2-2: New USB device found, idVendor=1058, idProduct=25f3, bcdDevice=10.12
[    0.998430] usb 2-2: New USB device strings: Mfr=2, Product=3, SerialNumber=1
[    0.999915] usb 2-2: Product: My Passport 25F3
[    1.001430] usb 2-2: Manufacturer: Western Digital
[    1.002944] usb 2-2: SerialNumber: 313930393932343430363134
[    1.003345] nvme 0000:02:00.0: platform quirk: setting simple suspend
[    1.007493] nvme nvme0: pci function 0000:02:00.0
[    1.018830] r8169 0000:03:00.0 enp3s0: renamed from eth0
[    1.108351] usb 1-6: new full-speed USB device number 3 using xhci_hcd
[    1.141379] mmc0: Failed to initialize a non-removable card
[    1.210937] nvme nvme0: allocated 64 MiB host memory buffer (16 segments).
[    1.244010] usb 1-6: New USB device found, idVendor=0573, idProduct=1573, bcdDevice=80.07
[    1.248048] usb 1-6: New USB device strings: Mfr=1, Product=2, SerialNumber=3
[    1.249124] nvme nvme0: 4/0/0 default/read/poll queues
[    1.251288] usb 1-6: Product: USB Audio and HID
[    1.255600] usb 1-6: Manufacturer: CSCTEK
[    1.257193] usb 1-6: SerialNumber: A34004801402
[    1.274421] nvme nvme0: Ignoring bogus Namespace Identifiers
[    1.281967]  nvme0n1: p1 p2
[    1.299965] ata2: SATA link down (SStatus 4 SControl 300)
[    1.364412] usb 2-4: new SuperSpeed Plus Gen 2x1 USB device number 3 using xhci_hcd
[    1.391441] usb 2-4: New USB device found, idVendor=04e8, idProduct=61f5, bcdDevice= 1.00
[    1.395728] usb 2-4: New USB device strings: Mfr=2, Product=3, SerialNumber=1
[    1.398906] usb 2-4: Product: Portable SSD T5
[    1.401315] usb 2-4: Manufacturer: Samsung
[    1.403408] usb 2-4: SerialNumber: 123456895F0E
[    1.417541] usbcore: registered new interface driver usb-storage
[    1.426777] scsi host2: uas
[    1.432126] scsi 2:0:0:0: Direct-Access     WD       My Passport 25F3 1012 PQ: 0 ANSI: 6
[    1.435291] scsi host3: uas
[    1.437871] scsi 2:0:0:1: Enclosure         WD       SES Device       1012 PQ: 0 ANSI: 6
[    1.438564] usbcore: registered new interface driver uas
[    1.439614] scsi 3:0:0:0: Direct-Access     Samsung  Portable SSD T5  0    PQ: 0 ANSI: 6
[    1.443648] sd 2:0:0:0: Attached scsi generic sg0 type 0
[    1.448527] sd 2:0:0:0: [sda] 2000343040 512-byte logical blocks: (1.02 TB/954 GiB)
[    1.449972] scsi 2:0:0:1: Attached scsi generic sg1 type 13
[    1.452444] sd 2:0:0:0: [sda] 4096-byte physical blocks
[    1.452662] sd 2:0:0:0: [sda] Write Protect is off
[    1.456106] sd 3:0:0:0: Attached scsi generic sg2 type 0
[    1.458489] sd 2:0:0:0: [sda] Mode Sense: 67 00 10 08
[    1.464234] sd 2:0:0:0: [sda] Write cache: enabled, read cache: enabled, supports DPO and FUA
[    1.466546] sd 3:0:0:0: [sdb] 3907029168 512-byte logical blocks: (2.00 TB/1.82 TiB)
[    1.469160] sd 3:0:0:0: [sdb] Write Protect is off
[    1.471236] sd 3:0:0:0: [sdb] Mode Sense: 43 00 00 00
[    1.471573] sd 3:0:0:0: [sdb] Write cache: enabled, read cache: enabled, doesn't support DPO or FUA
[    1.475346] usb 1-3.2: new high-speed USB device number 4 using xhci_hcd
[    1.490484] sd 2:0:0:0: [sda] Preferred minimum I/O size 4096 bytes
[    1.491779] sd 2:0:0:0: [sda] Optimal transfer size 1048576 bytes
[    1.503493] sd 3:0:0:0: [sdb] Preferred minimum I/O size 512 bytes
[    1.505577] sd 3:0:0:0: [sdb] Optimal transfer size 33553920 bytes
[    1.519420]  sda: sda1
[    1.522282] sd 2:0:0:0: [sda] Attached SCSI disk
[    1.529311]  sdb: sdb1
[    1.532035] sd 3:0:0:0: [sdb] Attached SCSI disk
[    1.571644] usb 1-3.2: New USB device found, idVendor=05e3, idProduct=0718, bcdDevice= 0.41
[    1.573903] usb 1-3.2: New USB device strings: Mfr=0, Product=1, SerialNumber=2
[    1.576189] usb 1-3.2: Product: USB Storage
[    1.578170] usb 1-3.2: SerialNumber: 000000000033
[    1.587492] usb-storage 1-3.2:1.0: USB Mass Storage device detected
[    1.594559] scsi host4: usb-storage 1-3.2:1.0
[    1.682263] usb 1-8: new full-speed USB device number 5 using xhci_hcd
[    1.816765] usb 1-8: New USB device found, idVendor=0bda, idProduct=c821, bcdDevice= 1.10
[    1.821205] usb 1-8: New USB device strings: Mfr=1, Product=2, SerialNumber=3
[    1.822727] usb 1-8: Product: Bluetooth Radio 
[    1.824088] usb 1-8: Manufacturer: Realtek 
[    1.825436] usb 1-8: SerialNumber: 00e04c000001
[    1.844672] hid: raw HID events driver (C) Jiri Kosina
[    1.852050] usbhid 1-6:1.3: couldn't find an input interrupt endpoint
[    1.854173] usbcore: registered new interface driver usbhid
[    1.856496] usbhid: USB HID core driver
[    1.891255] usb 1-3.3: new full-speed USB device number 6 using xhci_hcd
[    1.992429] usb 1-3.3: New USB device found, idVendor=046d, idProduct=c542, bcdDevice= 3.02
[    1.996793] usb 1-3.3: New USB device strings: Mfr=1, Product=2, SerialNumber=0
[    2.000144] usb 1-3.3: Product: Wireless Receiver
[    2.002606] usb 1-3.3: Manufacturer: Logitech
[    2.094325] usb 1-3.4: new high-speed USB device number 7 using xhci_hcd
[    2.191374] usb 1-3.4: New USB device found, idVendor=05ca, idProduct=0453, bcdDevice= 1.00
[    2.195745] usb 1-3.4: New USB device strings: Mfr=1, Product=2, SerialNumber=3
[    2.199091] usb 1-3.4: Product: SP 150
[    2.201562] usb 1-3.4: Manufacturer: RICOH
[    2.203626] usb 1-3.4: SerialNumber: Y066M305367
[    2.222167] input: Logitech Wireless Receiver Mouse as /devices/pci0000:00/0000:00:14.0/usb1/1-3/1-3.3/1-3.3:1.0/0003:046D:C542.0001/input/input3
[    2.226315] hid-generic 0003:046D:C542.0001: input,hidraw0: USB HID v1.11 Mouse [Logitech Wireless Receiver] on usb-0000:00:14.0-3.3/input0
[    2.266044] raid6: avx2x4   gen() 17548 MB/s
[    2.284039] raid6: avx2x2   gen() 22277 MB/s
[    2.302040] raid6: avx2x1   gen() 18587 MB/s
[    2.303485] raid6: using algorithm avx2x2 gen() 22277 MB/s
[    2.321038] raid6: .... xor() 14520 MB/s, rmw enabled
[    2.322451] raid6: using avx2x2 recovery algorithm
[    2.325626] xor: automatically using best checksumming function   avx       
[    2.329128] async_tx: api initialized (async)
[    2.454587] Btrfs loaded, zoned=yes, fsverity=yes
[    2.562843] EXT4-fs (nvme0n1p2): mounted filesystem f3b0e203-1f3d-408b-9074-e8041e5758ec ro with ordered data mode. Quota mode: none.
[    2.629566] scsi 4:0:0:0: Direct-Access     WDC WD25 00BEKT-00F3T0    0041 PQ: 0 ANSI: 0
[    2.635576] sd 4:0:0:0: Attached scsi generic sg3 type 0
[    2.636346] sd 4:0:0:0: [sdc] 488397168 512-byte logical blocks: (250 GB/233 GiB)
[    2.642066] sd 4:0:0:0: [sdc] Write Protect is off
[    2.645029] sd 4:0:0:0: [sdc] Mode Sense: 03 00 00 00
[    2.645596] sd 4:0:0:0: [sdc] No Caching mode page found
[    2.648311] sd 4:0:0:0: [sdc] Assuming drive cache: write through
[    2.679657]  sdc: sdc1
[    2.684524] sd 4:0:0:0: [sdc] Attached SCSI disk
[    2.688584] systemd[1]: Inserted module 'autofs4'
[    2.723486] systemd[1]: systemd 255.4-1ubuntu8.12 running in system mode (+PAM +AUDIT +SELINUX +APPARMOR +IMA +SMACK +SECCOMP +GCRYPT -GNUTLS +OPENSSL +ACL +BLKID +CURL +ELFUTILS +FIDO2 +IDN2 -IDN +IPTC +KMOD +LIBCRYPTSETUP +LIBFDISK +PCRE2 -PWQUALITY +P11KIT +QRENCODE +TPM2 +BZIP2 +LZ4 +XZ +ZLIB +ZSTD -BPF_FRAMEWORK -XKBCOMMON +UTMP +SYSVINIT default-hierarchy=unified)
[    2.730138] systemd[1]: Detected architecture x86-64.
[    2.742211] systemd[1]: Hostname set to <host>.
[    3.236617] systemd[1]: Queued start job for default target multi-user.target.
[    3.258793] systemd[1]: Created slice system-kmsconvt.slice - Slice /system/kmsconvt.
[    3.265880] systemd[1]: Created slice system-modprobe.slice - Slice /system/modprobe.
[    3.271942] systemd[1]: Created slice system-systemd\x2dfsck.slice - Slice /system/systemd-fsck.
[    3.277952] systemd[1]: Created slice system-wpa_supplicant.slice - Slice /system/wpa_supplicant.
[    3.283660] systemd[1]: Created slice user.slice - User and Session Slice.
[    3.289069] systemd[1]: Started systemd-ask-password-console.path - Dispatch Password Requests to Console Directory Watch.
[    3.294503] systemd[1]: Started systemd-ask-password-wall.path - Forward Password Requests to Wall Directory Watch.
[    3.300442] systemd[1]: Set up automount proc-sys-fs-binfmt_misc.automount - Arbitrary Executable File Formats File System Automount Point.
[    3.306142] systemd[1]: Expecting device dev-disk-by\x2duuid-5112\x2d8BC8.device - /dev/disk/by-uuid/5112-8BC8...
[    3.311838] systemd[1]: Expecting device sys-subsystem-net-devices-wlp1s0.device - /sys/subsystem/net/devices/wlp1s0...
[    3.317802] systemd[1]: Reached target cryptsetup.target - Local Encrypted Volumes.
[    3.323916] systemd[1]: Reached target integritysetup.target - Local Integrity Protected Volumes.
[    3.330198] systemd[1]: Reached target remote-fs.target - Remote File Systems.
[    3.336134] systemd[1]: Reached target slices.target - Slice Units.
[    3.342281] systemd[1]: Reached target snapd.mounts-pre.target - Mounting snaps.
[    3.348419] systemd[1]: Reached target veritysetup.target - Local Verity Protected Volumes.
[    3.354560] systemd[1]: Listening on dm-event.socket - Device-mapper event daemon FIFOs.
[    3.361215] systemd[1]: Listening on lvm2-lvmpolld.socket - LVM2 poll daemon socket.
[    3.368009] systemd[1]: Listening on syslog.socket - Syslog Socket.
[    3.374644] systemd[1]: Listening on systemd-fsckd.socket - fsck to fsckd communication Socket.
[    3.381206] systemd[1]: Listening on systemd-initctl.socket - initctl Compatibility Named Pipe.
[    3.387729] systemd[1]: Listening on systemd-journald-dev-log.socket - Journal Socket (/dev/log).
[    3.394601] systemd[1]: Listening on systemd-journald.socket - Journal Socket.
[    3.401608] systemd[1]: Listening on systemd-networkd.socket - Network Service Netlink Socket.
[    3.408541] systemd[1]: Listening on systemd-oomd.socket - Userspace Out-Of-Memory (OOM) Killer Socket.
[    3.415376] systemd[1]: systemd-pcrextend.socket - TPM2 PCR Extension (Varlink) was skipped because of an unmet condition check (ConditionSecurity=measured-uki).
[    3.419234] systemd[1]: Listening on systemd-udevd-control.socket - udev Control Socket.
[    3.426290] systemd[1]: Listening on systemd-udevd-kernel.socket - udev Kernel Socket.
[    3.453398] systemd[1]: Mounting dev-hugepages.mount - Huge Pages File System...
[    3.461708] systemd[1]: Mounting dev-mqueue.mount - POSIX Message Queue File System...
[    3.471643] systemd[1]: Mounting sys-kernel-debug.mount - Kernel Debug File System...
[    3.480963] systemd[1]: Mounting sys-kernel-tracing.mount - Kernel Trace File System...
[    3.491769] systemd[1]: Starting systemd-journald.service - Journal Service...
[    3.499325] systemd[1]: Finished blk-availability.service - Availability of block devices.
[    3.508559] systemd[1]: Starting keyboard-setup.service - Set the console keyboard layout...
[    3.517763] systemd-journald[307]: Collecting audit messages is disabled.
[    3.519933] systemd[1]: Starting kmod-static-nodes.service - Create List of Static Device Nodes...
[    3.536376] systemd[1]: Starting lvm2-monitor.service - Monitoring of LVM2 mirrors, snapshots etc. using dmeventd or progress polling...
[    3.548321] systemd[1]: Starting modprobe@configfs.service - Load Kernel Module configfs...
[    3.559276] systemd[1]: Starting modprobe@dm_mod.service - Load Kernel Module dm_mod...
[    3.573357] systemd[1]: Starting modprobe@drm.service - Load Kernel Module drm...
[    3.587348] systemd[1]: Starting modprobe@efi_pstore.service - Load Kernel Module efi_pstore...
[    3.597101] systemd[1]: Starting modprobe@fuse.service - Load Kernel Module fuse...
[    3.605605] pstore: Using crash dump compression: deflate
[    3.611337] systemd[1]: Starting modprobe@loop.service - Load Kernel Module loop...
[    3.617635] pstore: Registered efi_pstore as persistent store backend
[    3.624485] systemd[1]: netplan-ovs-cleanup.service - OpenVSwitch configuration for cleanup was skipped because of an unmet condition check (ConditionFileIsExecutable=/usr/bin/ovs-vsctl).
[    3.631470] systemd[1]: Starting nftables.service - nftables...
[    3.639176] systemd[1]: systemd-fsck-root.service - File System Check on Root Device was skipped because of an unmet condition check (ConditionPathExists=!/run/initramfs/fsck-root).
[    3.645124] systemd[1]: Starting systemd-modules-load.service - Load Kernel Modules...
[    3.654177] systemd[1]: Starting systemd-network-generator.service - Generate network units from Kernel command line...
[    3.662199] systemd[1]: systemd-pcrmachine.service - TPM2 PCR Machine ID Measurement was skipped because of an unmet condition check (ConditionSecurity=measured-uki).
[    3.670398] systemd[1]: Starting systemd-remount-fs.service - Remount Root and Kernel File Systems...
[    3.680854] systemd[1]: systemd-tpm2-setup-early.service - TPM2 SRK Setup (Early) was skipped because of an unmet condition check (ConditionSecurity=measured-uki).
[    3.685509] lp: driver loaded but no devices found
[    3.689532] systemd[1]: Starting systemd-udev-trigger.service - Coldplug All udev Devices...
[    3.702493] systemd[1]: Started systemd-journald.service - Journal Service.
[    3.704430] ppdev: user-space parallel port driver
[    3.711768] EXT4-fs (nvme0n1p2): re-mounted f3b0e203-1f3d-408b-9074-e8041e5758ec r/w.
[    3.831363] Adding 4194300k swap on /swap.img.  Priority:-2 extents:35 across:122413056k SS
[    3.857254] systemd-journald[307]: Received client request to flush runtime journal.
[    3.879578] systemd-journald[307]: /var/log/journal/86028f6a1f40468db901fea04184ca2c/system.journal: Journal file uses a different sequence number ID, rotating.
[    3.879593] systemd-journald[307]: Rotating system journal.
[    3.984647] loop0: detected capacity change from 0 to 8
[    3.990193] loop1: detected capacity change from 0 to 90952
[    3.997363] loop2: detected capacity change from 0 to 130608
[    4.003230] loop3: detected capacity change from 0 to 151456
[    4.011163] loop4: detected capacity change from 0 to 136896
[    4.016070] loop5: detected capacity change from 0 to 513656
[    4.022008] loop6: detected capacity change from 0 to 37864
[    4.029848] loop7: detected capacity change from 0 to 1057184
[    4.037756] loop8: detected capacity change from 0 to 187776
[    4.044292] loop9: detected capacity change from 0 to 22176
[    4.050757] loop10: detected capacity change from 0 to 104296
[    4.058174] loop11: detected capacity change from 0 to 1152
[    4.317597] input: Intel HID events as /devices/platform/INTC1070:00/input/input4
[    4.327237] intel-hid INTC1070:00: failed to enable HID power button
[    4.422962] intel_pmc_core INT33A1:00:  initialized
[    4.436269] resource: resource sanity check: requesting [mem 0x00000000fedc0000-0x00000000fedcffff], which spans more than pnp 00:02 [mem 0xfedc0000-0xfedc7fff]
[    4.436276] caller igen6_register_mcis+0x4a/0x2d0 [igen6_edac] mapping multiple BARs
[    4.436332] EDAC MC0: Giving out device to module igen6_edac controller Intel_client_SoC MC#0: DEV 0000:00:00.0 (POLLED)
[    4.436547] EDAC igen6: v2.5.1
[    4.454757] audit: type=1400 audit(1767774531.466:2): apparmor="STATUS" operation="profile_load" profile="unconfined" name="1password" pid=521 comm="apparmor_parser"
[    4.454817] audit: type=1400 audit(1767774531.467:3): apparmor="STATUS" operation="profile_load" profile="unconfined" name=4D6F6E676F444220436F6D70617373 pid=523 comm="apparmor_parser"
[    4.455225] audit: type=1400 audit(1767774531.468:4): apparmor="STATUS" operation="profile_load" profile="unconfined" name="Discord" pid=522 comm="apparmor_parser"
[    4.455768] audit: type=1400 audit(1767774531.468:5): apparmor="STATUS" operation="profile_load" profile="unconfined" name="QtWebEngineProcess" pid=524 comm="apparmor_parser"
[    4.458454] mc: Linux media interface: v0.10
[    4.462910] audit: type=1400 audit(1767774531.475:6): apparmor="STATUS" operation="profile_load" profile="unconfined" name="balena-etcher" pid=528 comm="apparmor_parser"
[    4.462955] audit: type=1400 audit(1767774531.475:7): apparmor="STATUS" operation="profile_load" profile="unconfined" name="brave" pid=530 comm="apparmor_parser"
[    4.466652] usblp 1-3.4:1.0: usblp0: USB Bidirectional printer dev 7 if 0 alt 0 proto 2 vid 0x05CA pid 0x0453
[    4.466726] usbcore: registered new interface driver usblp
[    4.469536] audit: type=1400 audit(1767774531.482:8): apparmor="STATUS" operation="profile_load" profile="unconfined" name="buildah" pid=532 comm="apparmor_parser"
[    4.470277] audit: type=1400 audit(1767774531.483:9): apparmor="STATUS" operation="profile_load" profile="unconfined" name="cam" pid=534 comm="apparmor_parser"
[    4.471831] audit: type=1400 audit(1767774531.484:10): apparmor="STATUS" operation="profile_load" profile="unconfined" name="ch-checkns" pid=535 comm="apparmor_parser"
[    4.534730] mei_me 0000:00:16.0: enabling device (0000 -> 0002)
[    4.587876] Bluetooth: Core ver 2.22
[    4.587905] NET: Registered PF_BLUETOOTH protocol family
[    4.587907] Bluetooth: HCI device and connection manager initialized
[    4.587912] Bluetooth: HCI socket layer initialized
[    4.587914] Bluetooth: L2CAP socket layer initialized
[    4.587917] Bluetooth: SCO socket layer initialized
[    4.595058] RAPL PMU: API unit is 2^-32 Joules, 2 fixed counters, 655360 ms ovfl timer
[    4.595064] RAPL PMU: hw unit of domain pp0-core 2^-14 Joules
[    4.595065] RAPL PMU: hw unit of domain package 2^-14 Joules
[    4.595391] scsi 2:0:0:1: Wrong diagnostic page; asked for 1 got 8
[    4.595397] scsi 2:0:0:1: Failed to get diagnostic page 0x1
[    4.595399] scsi 2:0:0:1: Failed to bind enclosure -19
[    4.595440] ses 2:0:0:1: Attached Enclosure device
[    4.601129] i801_smbus 0000:00:1f.4: enabling device (0000 -> 0003)
[    4.601639] i801_smbus 0000:00:1f.4: SPD Write Disable is set
[    4.601659] i801_smbus 0000:00:1f.4: SMBus using PCI interrupt
[    4.612868] i2c i2c-3: Successfully instantiated SPD at 0x50
[    4.764879] cfg80211: Loading compiled-in X.509 certificates for regulatory database
[    4.765429] Loaded X.509 cert 'sforshee: 00b28ddf47aef9cea7'
[    4.765642] Loaded X.509 cert 'wens: 61c038651aabdcf94bd0ac7ff06c7248db18c600'
[    4.853305] ee1004 3-0050: 512 byte EE1004-compliant SPD EEPROM, read-only
[    4.858010] usbcore: registered new interface driver btusb
[    4.868969] Bluetooth: hci0: RTL: examining hci_ver=08 hci_rev=000c lmp_ver=08 lmp_subver=8821
[    4.871091] Bluetooth: hci0: RTL: rom_version status=0 version=1
[    4.871896] Bluetooth: hci0: RTL: btrtl_initialize: key id 0
[    4.871906] Bluetooth: hci0: RTL: loading rtl_bt/rtl8821c_fw.bin
[    4.873732] Bluetooth: hci0: RTL: loading rtl_bt/rtl8821c_config.bin
[    4.874105] Bluetooth: hci0: RTL: cfg_sz 10, total sz 34926
[    4.913549] spi-nor spi0.0: supply vcc not found, using dummy regulator
[    4.933052] Creating 1 MTD partitions on "0000:00:1f.5":
[    4.933061] 0x000000000000-0x000001000000 : "BIOS"
[    4.937417] intel_tcc_cooling: TCC Offset locked
[    4.949691] rtw88_8821ce 0000:01:00.0: enabling device (0000 -> 0003)
[    4.960432] rtw88_8821ce 0000:01:00.0: Firmware version 24.11.0, H2C version 12
[    4.968301] intel_rapl_msr: PL4 support detected.
[    4.980733] intel_rapl_common: Found RAPL domain package
[    4.980737] intel_rapl_common: Found RAPL domain core
[    5.001856] rtw88_8821ce 0000:01:00.0 wlp1s0: renamed from wlan0
[    5.107544] usb 1-6: Warning! Unlikely big volume range (=511), cval->res is probably wrong.
[    5.107552] usb 1-6: [5] FU [Mic Capture Volume] ch = 1, val = -8192/-1/16
[    5.111376] kauditd_printk_skb: 138 callbacks suppressed
[    5.111380] audit: type=1400 audit(1767774532.120:149): apparmor="STATUS" operation="profile_load" profile="unconfined" name="snap.firefox.hook.configure" pid=798 comm="apparmor_parser"
[    5.111385] audit: type=1400 audit(1767774532.122:150): apparmor="STATUS" operation="profile_load" profile="unconfined" name="snap.firefox.hook.disconnect-plug-host-hunspell" pid=799 comm="apparmor_parser"
[    5.112099] audit: type=1400 audit(1767774532.125:151): apparmor="STATUS" operation="profile_load" profile="unconfined" name="snap.firefox.geckodriver" pid=797 comm="apparmor_parser"
[    5.117055] usb 1-6: Warning! Unlikely big volume range (=896), cval->res is probably wrong.
[    5.117060] usb 1-6: [6] FU [PCM Playback Volume] ch = 2, val = -16384/-2048/16
[    5.117367] usbcore: registered new interface driver snd-usb-audio
[    5.122935] audit: type=1400 audit(1767774532.135:152): apparmor="STATUS" operation="profile_load" profile="unconfined" name="snap.firefox.hook.post-refresh" pid=801 comm="apparmor_parser"
[    5.123602] audit: type=1400 audit(1767774532.136:153): apparmor="STATUS" operation="profile_load" profile="unconfined" name="snap.firefox.hook.install" pid=800 comm="apparmor_parser"
[    5.134470] audit: type=1400 audit(1767774532.147:154): apparmor="STATUS" operation="profile_load" profile="unconfined" name="snap.firmware-updater.firmware-notifier" pid=802 comm="apparmor_parser"
[    5.145530] audit: type=1400 audit(1767774532.158:155): apparmor="STATUS" operation="profile_load" profile="unconfined" name="snap.firmware-updater.firmware-updater" pid=803 comm="apparmor_parser"
[    5.146161] audit: type=1400 audit(1767774532.159:156): apparmor="STATUS" operation="profile_load" profile="unconfined" name="snap.firmware-updater.firmware-updater-app" pid=804 comm="apparmor_parser"
[    5.152180] audit: type=1400 audit(1767774532.165:157): apparmor="STATUS" operation="profile_load" profile="unconfined" name="snap.firmware-updater.hook.configure" pid=807 comm="apparmor_parser"
[    5.161826] audit: type=1400 audit(1767774532.173:158): apparmor="STATUS" operation="profile_load" profile="unconfined" name="snap.snap-store.show-updates" pid=809 comm="apparmor_parser"
[    5.348922] Bluetooth: hci0: RTL: fw version 0x75b8f098
[    5.401886] xe 0000:00:02.0: Your graphics device 46d1 is not officially supported
               by xe driver in this kernel version. To force Xe probe,
               use xe.force_probe='46d1' and i915.force_probe='!46d1'
               module parameters or CONFIG_DRM_XE_FORCE_PROBE='46d1' and
               CONFIG_DRM_I915_FORCE_PROBE='!46d1' configuration options.
[    5.430545] i915: loading out-of-tree module taints kernel.
[    5.430617] i915: module verification failed: signature and/or required key missing - tainting kernel
[    5.458089] Generic FE-GE Realtek PHY r8169-0-300:00: attached PHY driver (mii_bus:phy_addr=r8169-0-300:00, irq=MAC)
[    5.627659] r8169 0000:03:00.0 enp3s0: Link is Down
[    5.628315] bond0: (slave enp3s0): Enslaving as a backup interface with a down link
[    5.854917] Bluetooth: BNEP (Ethernet Emulation) ver 1.3
[    5.854922] Bluetooth: BNEP filters: protocol multicast
[    5.854929] Bluetooth: BNEP socket layer initialized
[    5.856090] i915 0000:00:02.0: [drm] Found alderlake_p/alderlake_n (device ID 46d1) integrated display version 13.00 stepping D0
[    5.857575] i915 0000:00:02.0: [drm:intel_pch_type [i915]] Found Alder Lake PCH
[    5.857900] i915 0000:00:02.0: [drm:intel_dmc_wl_init [i915]] Sanitized enable_dmc_wl value: 0 (disabled)
[    5.858651] i915 0000:00:02.0: [drm:intel_display_device_info_runtime_init [i915]] rawclk rate: 19200 kHz
[    5.859992] Bluetooth: MGMT ver 1.23
[    5.864202] NET: Registered PF_ALG protocol family
[    5.875509] Console: switching to colour dummy device 80x25
[    5.879081] simple-framebuffer simple-framebuffer.0: [drm:drm_mode_rmfb_work_fn] Removing [FB:38] from all active usage due to RMFB ioctl
[    5.879098] simple-framebuffer simple-framebuffer.0: [drm:atomic_remove_fb] Disabling [PLANE:33:plane-0] because [FB:38] is removed
[    5.879111] simple-framebuffer simple-framebuffer.0: [drm:atomic_remove_fb] Disabling [PLANE:33:plane-0] because [FB:38] is removed
[    5.879114] simple-framebuffer simple-framebuffer.0: [drm:atomic_remove_fb] Disabling [CRTC:35:crtc-0] because [FB:38] is removed
[    5.880308] simple-framebuffer simple-framebuffer.0: [drm:drm_client_release] fbdev
[    5.880338] simple-framebuffer simple-framebuffer.0: [drm:drm_sysfs_connector_remove] [CONNECTOR:37:Unknown-1] removing connector from sysfs
[    5.880509] i915 0000:00:02.0: vgaarb: deactivate vga console
[    5.880665] i915 0000:00:02.0: [drm] Using Transparent Hugepages
[    5.880741] i915 0000:00:02.0: [drm:intel_opregion_setup [i915]] Found valid VBT in ACPI OpRegion (RVDA)
[    5.880977] i915 0000:00:02.0: [drm:intel_dram_detect [i915]] DRAM type: DDR4
[    5.881163] i915 0000:00:02.0: [drm:intel_dram_detect [i915]] DRAM channels: 1
[    5.881308] i915 0000:00:02.0: [drm:intel_dram_detect [i915]] Num QGV points 4
[    5.881449] i915 0000:00:02.0: [drm:intel_dram_detect [i915]] Num PSF GV points 3
[    5.881588] i915 0000:00:02.0: [drm:icl_get_qgv_points.constprop.0 [i915]] QGV 0: DCLK=2134 tRP=15 tRDPRE=8 tRAS=35 tRCD=15 tRC=50
[    5.881819] i915 0000:00:02.0: [drm:icl_get_qgv_points.constprop.0 [i915]] QGV 1: DCLK=2668 tRP=19 tRDPRE=10 tRAS=43 tRCD=19 tRC=62
[    5.882018] i915 0000:00:02.0: [drm:icl_get_qgv_points.constprop.0 [i915]] QGV 2: DCLK=2668 tRP=19 tRDPRE=10 tRAS=43 tRCD=19 tRC=62
[    5.883011] i915 0000:00:02.0: [drm:icl_get_qgv_points.constprop.0 [i915]] QGV 3: DCLK=2668 tRP=19 tRDPRE=10 tRAS=43 tRCD=19 tRC=62
[    5.885989] i915 0000:00:02.0: [drm:icl_get_qgv_points.constprop.0 [i915]] PSF GV 0: CLK=32
[    5.886276] i915 0000:00:02.0: [drm:icl_get_qgv_points.constprop.0 [i915]] PSF GV 1: CLK=38
[    5.886484] i915 0000:00:02.0: [drm:icl_get_qgv_points.constprop.0 [i915]] PSF GV 2: CLK=48
[    5.886687] i915 0000:00:02.0: [drm:tgl_get_bw_info.isra.0 [i915]] BW0 / QGV 0: num_planes=0 deratedbw=5532 peakbw: 17072
[    5.886877] i915 0000:00:02.0: [drm:tgl_get_bw_info.isra.0 [i915]] BW0 / QGV 1: num_planes=0 deratedbw=6505 peakbw: 21344
[    5.887064] i915 0000:00:02.0: [drm:tgl_get_bw_info.isra.0 [i915]] BW0 / QGV 2: num_planes=0 deratedbw=6505 peakbw: 21344
[    5.887261] i915 0000:00:02.0: [drm:tgl_get_bw_info.isra.0 [i915]] BW0 / QGV 3: num_planes=0 deratedbw=6505 peakbw: 21344
[    5.887439] i915 0000:00:02.0: [drm:tgl_get_bw_info.isra.0 [i915]] BW0 / PSF GV 0: num_planes=0 bw=34133
[    5.887621] i915 0000:00:02.0: [drm:tgl_get_bw_info.isra.0 [i915]] BW0 / PSF GV 1: num_planes=0 bw=40533
[    5.887809] i915 0000:00:02.0: [drm:tgl_get_bw_info.isra.0 [i915]] BW0 / PSF GV 2: num_planes=0 bw=51200
[    5.887981] i915 0000:00:02.0: [drm:tgl_get_bw_info.isra.0 [i915]] BW1 / QGV 0: num_planes=1 deratedbw=6112 peakbw: 17072
[    5.888167] i915 0000:00:02.0: [drm:tgl_get_bw_info.isra.0 [i915]] BW1 / QGV 1: num_planes=1 deratedbw=7384 peakbw: 21344
[    5.888363] i915 0000:00:02.0: [drm:tgl_get_bw_info.isra.0 [i915]] BW1 / QGV 2: num_planes=1 deratedbw=7384 peakbw: 21344
[    5.888531] i915 0000:00:02.0: [drm:tgl_get_bw_info.isra.0 [i915]] BW1 / QGV 3: num_planes=1 deratedbw=7384 peakbw: 21344
[    5.888702] i915 0000:00:02.0: [drm:tgl_get_bw_info.isra.0 [i915]] BW1 / PSF GV 0: num_planes=1 bw=34133
[    5.888876] i915 0000:00:02.0: [drm:tgl_get_bw_info.isra.0 [i915]] BW1 / PSF GV 1: num_planes=1 bw=40533
[    5.889061] i915 0000:00:02.0: [drm:tgl_get_bw_info.isra.0 [i915]] BW1 / PSF GV 2: num_planes=1 bw=51200
[    5.889227] i915 0000:00:02.0: [drm:tgl_get_bw_info.isra.0 [i915]] BW2 / QGV 0: num_planes=0 deratedbw=6451 peakbw: 17072
[    5.889403] i915 0000:00:02.0: [drm:tgl_get_bw_info.isra.0 [i915]] BW2 / QGV 1: num_planes=0 deratedbw=7919 peakbw: 21344
[    5.889568] i915 0000:00:02.0: [drm:tgl_get_bw_info.isra.0 [i915]] BW2 / QGV 2: num_planes=0 deratedbw=7919 peakbw: 21344
[    5.889731] i915 0000:00:02.0: [drm:tgl_get_bw_info.isra.0 [i915]] BW2 / QGV 3: num_planes=0 deratedbw=7919 peakbw: 21344
[    5.889906] i915 0000:00:02.0: [drm:tgl_get_bw_info.isra.0 [i915]] BW2 / PSF GV 0: num_planes=0 bw=34133
[    5.890082] i915 0000:00:02.0: [drm:tgl_get_bw_info.isra.0 [i915]] BW2 / PSF GV 1: num_planes=0 bw=40533
[    5.890245] i915 0000:00:02.0: [drm:tgl_get_bw_info.isra.0 [i915]] BW2 / PSF GV 2: num_planes=0 bw=51200
[    5.890407] i915 0000:00:02.0: [drm:tgl_get_bw_info.isra.0 [i915]] BW3 / QGV 0: num_planes=0 deratedbw=6635 peakbw: 17072
[    5.890573] i915 0000:00:02.0: [drm:tgl_get_bw_info.isra.0 [i915]] BW3 / QGV 1: num_planes=0 deratedbw=8216 peakbw: 21344
[    5.890732] i915 0000:00:02.0: [drm:tgl_get_bw_info.isra.0 [i915]] BW3 / QGV 2: num_planes=0 deratedbw=8216 peakbw: 21344
[    5.890894] i915 0000:00:02.0: [drm:tgl_get_bw_info.isra.0 [i915]] BW3 / QGV 3: num_planes=0 deratedbw=8216 peakbw: 21344
[    5.891068] i915 0000:00:02.0: [drm:tgl_get_bw_info.isra.0 [i915]] BW3 / PSF GV 0: num_planes=0 bw=34133
[    5.891220] i915 0000:00:02.0: [drm:tgl_get_bw_info.isra.0 [i915]] BW3 / PSF GV 1: num_planes=0 bw=40533
[    5.891374] i915 0000:00:02.0: [drm:tgl_get_bw_info.isra.0 [i915]] BW3 / PSF GV 2: num_planes=0 bw=51200
[    5.891526] i915 0000:00:02.0: [drm:tgl_get_bw_info.isra.0 [i915]] BW4 / QGV 0: num_planes=0 deratedbw=6730 peakbw: 17072
[    5.891678] i915 0000:00:02.0: [drm:tgl_get_bw_info.isra.0 [i915]] BW4 / QGV 1: num_planes=0 deratedbw=8374 peakbw: 21344
[    5.891833] i915 0000:00:02.0: [drm:tgl_get_bw_info.isra.0 [i915]] BW4 / QGV 2: num_planes=0 deratedbw=8374 peakbw: 21344
[    5.891984] i915 0000:00:02.0: [drm:tgl_get_bw_info.isra.0 [i915]] BW4 / QGV 3: num_planes=0 deratedbw=8374 peakbw: 21344
[    5.892185] i915 0000:00:02.0: [drm:tgl_get_bw_info.isra.0 [i915]] BW4 / PSF GV 0: num_planes=0 bw=34133
[    5.892348] i915 0000:00:02.0: [drm:tgl_get_bw_info.isra.0 [i915]] BW4 / PSF GV 1: num_planes=0 bw=40533
[    5.892503] i915 0000:00:02.0: [drm:tgl_get_bw_info.isra.0 [i915]] BW4 / PSF GV 2: num_planes=0 bw=51200
[    5.892661] i915 0000:00:02.0: [drm:tgl_get_bw_info.isra.0 [i915]] BW5 / QGV 0: num_planes=0 deratedbw=6779 peakbw: 17072
[    5.892859] i915 0000:00:02.0: [drm:tgl_get_bw_info.isra.0 [i915]] BW5 / QGV 1: num_planes=0 deratedbw=8455 peakbw: 21344
[    5.893018] i915 0000:00:02.0: [drm:tgl_get_bw_info.isra.0 [i915]] BW5 / QGV 2: num_planes=0 deratedbw=8455 peakbw: 21344
[    5.893183] i915 0000:00:02.0: [drm:tgl_get_bw_info.isra.0 [i915]] BW5 / QGV 3: num_planes=0 deratedbw=8455 peakbw: 21344
[    5.893367] i915 0000:00:02.0: [drm:tgl_get_bw_info.isra.0 [i915]] BW5 / PSF GV 0: num_planes=0 bw=34133
[    5.893525] i915 0000:00:02.0: [drm:tgl_get_bw_info.isra.0 [i915]] BW5 / PSF GV 1: num_planes=0 bw=40533
[    5.893682] i915 0000:00:02.0: [drm:tgl_get_bw_info.isra.0 [i915]] BW5 / PSF GV 2: num_planes=0 bw=51200
[    5.985083] i915 0000:00:02.0: [drm:intel_bios_init [i915]] Set default to SSC at 120000 kHz
[    5.995777] snd_hda_intel 0000:00:1f.3: enabling device (0000 -> 0002)
[    6.003578] i915 0000:00:02.0: [drm:intel_bios_init [i915]] VBT signature "$VBT ALDERLAKE-P    ", BDB version 251
[    6.003849] i915 0000:00:02.0: [drm:intel_bios_init [i915]] Found BDB block 1 (size 10, min size 7)
[    6.004085] i915 0000:00:02.0: [drm:intel_bios_init [i915]] Found BDB block 2 (size 395, min size 5)
[    6.004341] i915 0000:00:02.0: [drm:intel_bios_init [i915]] Found BDB block 9 (size 100, min size 100)
[    6.004538] i915 0000:00:02.0: [drm:intel_bios_init [i915]] Found BDB block 12 (size 19, min size 19)
[    6.004734] i915 0000:00:02.0: [drm:intel_bios_init [i915]] Found BDB block 27 (size 814, min size 848)
[    6.004956] i915 0000:00:02.0: [drm:intel_bios_init [i915]] Found BDB block 40 (size 34, min size 34)
[    6.005173] i915 0000:00:02.0: [drm:intel_bios_init [i915]] Generating LFP data table pointers
[    6.005354] i915 0000:00:02.0: [drm:intel_bios_init [i915]] Found BDB block 41 (size 148, min size 148)
[    6.005545] i915 0000:00:02.0: [drm:intel_bios_init [i915]] Found BDB block 42 (size 1366, min size 1366)
[    6.005722] i915 0000:00:02.0: [drm:intel_bios_init [i915]] Found BDB block 43 (size 305, min size 305)
[    6.005903] i915 0000:00:02.0: [drm:intel_bios_init [i915]] Found BDB block 44 (size 78, min size 136)
[    6.022800] i915 0000:00:02.0: [drm:intel_bios_init [i915]] Found BDB block 52 (size 822, min size 822)
[    6.025180] i915 0000:00:02.0: [drm:intel_bios_init [i915]] Found BDB block 56 (size 210, min size 210)
[    6.025431] i915 0000:00:02.0: [drm:intel_bios_init [i915]] BDB_GENERAL_FEATURES int_tv_support 0 int_crt_support 0 lvds_use_ssc 0 lvds_ssc_freq 120000 display_clock_mode 1 fdi_rx_polarity_inverted 0
[    6.025625] i915 0000:00:02.0: [drm:intel_bios_init [i915]] crt_ddc_bus_pin: 2
[    6.025811] i915 0000:00:02.0: [drm:intel_bios_init [i915]] Found VBT child device with type 0x60d2
[    6.025994] i915 0000:00:02.0: [drm:intel_bios_init [i915]] Found VBT child device with type 0x60d2
[    6.029358] i915 0000:00:02.0: [drm:intel_bios_init [i915]] Skipping SDVO device mapping
[    6.029687] i915 0000:00:02.0: [drm:intel_bios_init [i915]] Port A VBT info: CRT:0 DVI:1 HDMI:1 DP:0 eDP:0 DSI:0 DP++:0 LSPCON:0 USB-Type-C:0 TBT:0 DSC:0
[    6.029882] i915 0000:00:02.0: [drm:intel_bios_init [i915]] Port A VBT HDMI level shift: 0
[    6.030106] i915 0000:00:02.0: [drm:intel_bios_init [i915]] Port A VBT HDMI max TMDS clock: 594000 kHz
[    6.030293] i915 0000:00:02.0: [drm:intel_bios_init [i915]] Port B VBT info: CRT:0 DVI:1 HDMI:1 DP:0 eDP:0 DSI:0 DP++:0 LSPCON:0 USB-Type-C:1 TBT:1 DSC:0
[    6.030475] i915 0000:00:02.0: [drm:intel_bios_init [i915]] Port B VBT HDMI level shift: 0
[    6.030669] i915 0000:00:02.0: [drm:intel_bios_init [i915]] Port B VBT HDMI max TMDS clock: 594000 kHz
[    6.030849] i915 0000:00:02.0: [drm:intel_power_domains_init [i915]] Allowed DC state mask 4000000a
[    6.031058] i915 0000:00:02.0: [drm:gen9_set_dc_state.part.0 [i915]] Setting DC state from 00 to 00
[    6.031332] i915 0000:00:02.0: [drm:check_phy_reg [i915]] Combo PHY A reg 001628a0 state mismatch: current 900339fc mask e0000000 expected a0000000
[    6.031543] i915 0000:00:02.0: [drm:icl_combo_phys_init [i915]] Initializing combo PHY A (Voltage/Process Info : 0.85V dot0 (low-voltage))
[    6.031811] i915 0000:00:02.0: [drm:intel_power_well_enable [i915]] enabling PW_1
[    6.032003] i915 0000:00:02.0: [drm:intel_cdclk_init_hw [i915]] Current CDCLK 652800 kHz, VCO 1305600 kHz, ref 38400 kHz, bypass 19200 kHz, voltage level 3
[    6.032269] i915 0000:00:02.0: [drm:gen9_dbuf_slices_update [i915]] Updating dbuf slices to 0xf
[    6.032932] i915 0000:00:02.0: [drm:intel_power_well_enable [i915]] enabling always-on
[    6.033155] i915 0000:00:02.0: [drm:intel_power_well_enable [i915]] enabling DC_off
[    6.033358] i915 0000:00:02.0: [drm:gen9_set_dc_state.part.0 [i915]] Setting DC state from 00 to 00
[    6.033596] i915 0000:00:02.0: [drm:intel_power_well_enable [i915]] enabling PW_2
[    6.033776] i915 0000:00:02.0: vgaarb: VGA decodes changed: olddecodes=io+mem,decodes=io+mem:owns=io+mem
[    6.033781] i915 0000:00:02.0: [drm:intel_power_well_enable [i915]] enabling PW_A
[    6.033956] i915 0000:00:02.0: [drm:intel_power_well_enable [i915]] enabling PW_B
[    6.034288] i915 0000:00:02.0: [drm:intel_power_well_enable [i915]] enabling PW_C
[    6.034489] i915 0000:00:02.0: [drm:intel_power_well_enable [i915]] enabling PW_D
[    6.034701] i915 0000:00:02.0: [drm:intel_dmc_init [i915]] Loading i915/adlp_dmc.bin
[    6.034940] i915 0000:00:02.0: [drm:intel_bw_init [i915]] Forcing SAGV disable: mask 0x30d
[    6.035364] i915 0000:00:02.0: [drm:intel_fbc_init [i915]] Sanitized enable_fbc value: 1
[    6.035781] i915 0000:00:02.0: [drm:skl_wm_init [i915]] SAGV supported: yes, original SAGV block time: 35 us
[    6.036001] i915 0000:00:02.0: [drm:intel_print_wm_latency [i915]] Gen9 Plane WM0 latency 3 (3.0 usec)
[    6.036200] i915 0000:00:02.0: [drm:intel_print_wm_latency [i915]] Gen9 Plane WM1 latency 54 (54.0 usec)
[    6.036369] i915 0000:00:02.0: [drm:intel_print_wm_latency [i915]] Gen9 Plane WM2 latency 83 (83.0 usec)
[    6.036572] i915 0000:00:02.0: [drm:intel_print_wm_latency [i915]] Gen9 Plane WM3 latency 102 (102.0 usec)
[    6.036727] i915 0000:00:02.0: [drm:intel_print_wm_latency [i915]] Gen9 Plane WM4 latency 147 (147.0 usec)
[    6.036884] i915 0000:00:02.0: [drm:intel_print_wm_latency [i915]] Gen9 Plane WM5 latency 147 (147.0 usec)
[    6.038439] i915 0000:00:02.0: [drm:dmc_load_work_fn [i915]] DMC 0:
[    6.038650] i915 0000:00:02.0: [drm:dmc_load_work_fn [i915]]  mmio[0]: 0x8f074 = 0x86fc0
[    6.038830] i915 0000:00:02.0: [drm:dmc_load_work_fn [i915]]  mmio[1]: 0x8f034 = 0xc003b400 (EVT_CTL)
[    6.038993] i915 0000:00:02.0: [drm:dmc_load_work_fn [i915]]  mmio[2]: 0x8f004 = 0x1240108 (EVT_HTP)
[    6.039178] i915 0000:00:02.0: [drm:dmc_load_work_fn [i915]]  mmio[3]: 0x8f038 = 0xc003b200 (EVT_CTL)
[    6.039416] i915 0000:00:02.0: [drm:dmc_load_work_fn [i915]]  mmio[4]: 0x8f008 = 0x512050d4 (EVT_HTP)
[    6.039592] i915 0000:00:02.0: [drm:dmc_load_work_fn [i915]]  mmio[5]: 0x8f03c = 0xc003b300 (EVT_CTL)
[    6.039760] i915 0000:00:02.0: [drm:dmc_load_work_fn [i915]]  mmio[6]: 0x8f00c = 0x584c57fc (EVT_HTP)
[    6.039956] i915 0000:00:02.0: [drm:dmc_load_work_fn [i915]] DMC 1:
[    6.040135] i915 0000:00:02.0: [drm:dmc_load_work_fn [i915]]  mmio[0]: 0x5f074 = 0x96fc0
[    6.040299] i915 0000:00:02.0: [drm:dmc_load_work_fn [i915]]  mmio[1]: 0x5f034 = 0xc003df00 (EVT_CTL) (disabling)
[    6.040484] i915 0000:00:02.0: [drm:dmc_load_work_fn [i915]]  mmio[2]: 0x5f004 = 0x214c2114 (EVT_HTP)
[    6.040653] i915 0000:00:02.0: [drm:dmc_load_work_fn [i915]]  mmio[3]: 0x5f038 = 0xc003e000 (EVT_CTL) (disabling)
[    6.040815] i915 0000:00:02.0: [drm:dmc_load_work_fn [i915]]  mmio[4]: 0x5f008 = 0x22402208 (EVT_HTP)
[    6.040973] i915 0000:00:02.0: [drm:dmc_load_work_fn [i915]]  mmio[5]: 0x5f03c = 0xc0032c00 (EVT_CTL) (disabling)
[    6.041187] i915 0000:00:02.0: [drm:dmc_load_work_fn [i915]]  mmio[6]: 0x5f00c = 0x241422fc (EVT_HTP)
[    6.041341] i915 0000:00:02.0: [drm:dmc_load_work_fn [i915]]  mmio[7]: 0x5f040 = 0xc0033100 (EVT_CTL) (disabling)
[    6.041495] i915 0000:00:02.0: [drm:dmc_load_work_fn [i915]]  mmio[8]: 0x5f010 = 0x26f826cc (EVT_HTP)
[    6.041689] i915 0000:00:02.0: [drm:dmc_load_work_fn [i915]] DMC 2:
[    6.041844] i915 0000:00:02.0: [drm:dmc_load_work_fn [i915]]  mmio[0]: 0x5f474 = 0x9efc0
[    6.041998] i915 0000:00:02.0: [drm:dmc_load_work_fn [i915]]  mmio[1]: 0x5f434 = 0xc003df00 (EVT_CTL) (disabling)
[    6.042213] i915 0000:00:02.0: [drm:dmc_load_work_fn [i915]]  mmio[2]: 0x5f404 = 0xa968a930 (EVT_HTP)
[    6.042365] i915 0000:00:02.0: [drm:dmc_load_work_fn [i915]]  mmio[3]: 0x5f438 = 0xc003e000 (EVT_CTL) (disabling)
[    6.042511] i915 0000:00:02.0: [drm:dmc_load_work_fn [i915]]  mmio[4]: 0x5f408 = 0xaa5caa24 (EVT_HTP)
[    6.042660] i915 0000:00:02.0: [drm:dmc_load_work_fn [i915]]  mmio[5]: 0x5f43c = 0xc0032c00 (EVT_CTL) (disabling)
[    6.042849] i915 0000:00:02.0: [drm:dmc_load_work_fn [i915]]  mmio[6]: 0x5f40c = 0xac30ab18 (EVT_HTP)
[    6.043000] i915 0000:00:02.0: [drm:dmc_load_work_fn [i915]]  mmio[7]: 0x5f440 = 0xc0033100 (EVT_CTL) (disabling)
[    6.043159] i915 0000:00:02.0: [drm:dmc_load_work_fn [i915]]  mmio[8]: 0x5f410 = 0xaf14aee8 (EVT_HTP)
[    6.043354] i915 0000:00:02.0: [drm:dmc_load_work_fn [i915]] DMC 3:
[    6.043504] i915 0000:00:02.0: [drm:dmc_load_work_fn [i915]]  mmio[0]: 0x5f874 = 0x53fc0
[    6.043651] i915 0000:00:02.0: [drm:dmc_load_work_fn [i915]]  mmio[1]: 0x5f83c = 0xc0032c00 (EVT_CTL) (disabling)
[    6.043803] i915 0000:00:02.0: [drm:dmc_load_work_fn [i915]]  mmio[2]: 0x5f80c = 0x25202408 (EVT_HTP)
[    6.043954] i915 0000:00:02.0: [drm:dmc_load_work_fn [i915]]  mmio[3]: 0x5f840 = 0xc0033100 (EVT_CTL) (disabling)
[    6.044106] i915 0000:00:02.0: [drm:dmc_load_work_fn [i915]]  mmio[4]: 0x5f810 = 0x280427d8 (EVT_HTP)
[    6.044259] i915 0000:00:02.0: [drm:dmc_load_work_fn [i915]] DMC 4:
[    6.044449] i915 0000:00:02.0: [drm:dmc_load_work_fn [i915]]  mmio[0]: 0x5fc74 = 0x5afc0
[    6.044443] i915 0000:00:02.0: [drm:intel_display_driver_probe_nogem [i915]] 3 display pipes available.
[    6.044604] i915 0000:00:02.0: [drm:dmc_load_work_fn [i915]]  mmio[1]: 0x5fc3c = 0xc0032c00 (EVT_CTL) (disabling)
[    6.044764] i915 0000:00:02.0: [drm:dmc_load_work_fn [i915]]  mmio[2]: 0x5fc0c = 0x95209408 (EVT_HTP)
[    6.044914] i915 0000:00:02.0: [drm:dmc_load_work_fn [i915]]  mmio[3]: 0x5fc40 = 0xc0033100 (EVT_CTL) (disabling)
[    6.045089] i915 0000:00:02.0: [drm:dmc_load_work_fn [i915]]  mmio[4]: 0x5fc10 = 0x980497d8 (EVT_HTP)
[    6.045352] i915 0000:00:02.0: [drm:intel_cdclk_read_hw [i915]] Current CDCLK 652800 kHz, VCO 1305600 kHz, ref 38400 kHz, bypass 19200 kHz, voltage level 3
[    6.045571] i915 0000:00:02.0: [drm:intel_hdmi_init_connector [i915]] Adding HDMI connector on [ENCODER:204:DDI A/PHY A]
[    6.045734] i915 0000:00:02.0: [drm:intel_hdmi_init_connector [i915]] [ENCODER:204:DDI A/PHY A] Using DDC pin 0x1 (VBT)
[    6.045906] i915 0000:00:02.0: [drm:intel_hdmi_init_connector [i915]] Adding HDMI connector on [ENCODER:214:DDI B/PHY B]
[    6.046107] i915 0000:00:02.0: [drm:intel_hdmi_init_connector [i915]] [ENCODER:214:DDI B/PHY B] Using DDC pin 0x2 (VBT)
[    6.046318] i915 0000:00:02.0: [drm:intel_modeset_setup_hw_state [i915]] [CRTC:88:pipe A] hw state readout: enabled
[    6.046499] i915 0000:00:02.0: [drm:intel_modeset_setup_hw_state [i915]] [CRTC:145:pipe B] hw state readout: disabled
[    6.046691] i915 0000:00:02.0: [drm:intel_modeset_setup_hw_state [i915]] [CRTC:202:pipe C] hw state readout: disabled
[    6.046854] i915 0000:00:02.0: [drm:intel_modeset_setup_hw_state [i915]] [PLANE:33:plane 1A] hw state readout: enabled, pipe A
[    6.046954] i915 0000:00:02.0: [drm] Finished loading DMC firmware i915/adlp_dmc.bin (v2.20)
[    6.047014] i915 0000:00:02.0: [drm:intel_modeset_setup_hw_state [i915]] [PLANE:43:plane 2A] hw state readout: disabled, pipe A
[    6.047218] i915 0000:00:02.0: [drm:intel_modeset_setup_hw_state [i915]] [PLANE:53:plane 3A] hw state readout: disabled, pipe A
[    6.048100] i915 0000:00:02.0: [drm:intel_modeset_setup_hw_state [i915]] [PLANE:63:plane 4A] hw state readout: disabled, pipe A
[    6.048343] i915 0000:00:02.0: [drm:intel_modeset_setup_hw_state [i915]] [PLANE:73:plane 5A] hw state readout: disabled, pipe A
[    6.048507] i915 0000:00:02.0: [drm:intel_modeset_setup_hw_state [i915]] [PLANE:83:cursor A] hw state readout: disabled, pipe A
[    6.048664] i915 0000:00:02.0: [drm:intel_modeset_setup_hw_state [i915]] [PLANE:90:plane 1B] hw state readout: disabled, pipe B
[    6.048820] i915 0000:00:02.0: [drm:intel_modeset_setup_hw_state [i915]] [PLANE:100:plane 2B] hw state readout: disabled, pipe B
[    6.048976] i915 0000:00:02.0: [drm:intel_modeset_setup_hw_state [i915]] [PLANE:110:plane 3B] hw state readout: disabled, pipe B
[    6.049141] i915 0000:00:02.0: [drm:intel_modeset_setup_hw_state [i915]] [PLANE:120:plane 4B] hw state readout: disabled, pipe B
[    6.049292] i915 0000:00:02.0: [drm:intel_modeset_setup_hw_state [i915]] [PLANE:130:plane 5B] hw state readout: disabled, pipe B
[    6.049459] i915 0000:00:02.0: [drm:intel_modeset_setup_hw_state [i915]] [PLANE:140:cursor B] hw state readout: disabled, pipe B
[    6.049609] i915 0000:00:02.0: [drm:intel_modeset_setup_hw_state [i915]] [PLANE:147:plane 1C] hw state readout: disabled, pipe C
[    6.049756] i915 0000:00:02.0: [drm:intel_modeset_setup_hw_state [i915]] [PLANE:157:plane 2C] hw state readout: disabled, pipe C
[    6.049901] i915 0000:00:02.0: [drm:intel_modeset_setup_hw_state [i915]] [PLANE:167:plane 3C] hw state readout: disabled, pipe C
[    6.057029] i915 0000:00:02.0: [drm:intel_modeset_setup_hw_state [i915]] [PLANE:177:plane 4C] hw state readout: disabled, pipe C
[    6.058748] i915 0000:00:02.0: [drm:intel_modeset_setup_hw_state [i915]] [PLANE:187:plane 5C] hw state readout: disabled, pipe C
[    6.058989] i915 0000:00:02.0: [drm:intel_modeset_setup_hw_state [i915]] [PLANE:197:cursor C] hw state readout: disabled, pipe C
[    6.059739] i915 0000:00:02.0: [drm:intel_modeset_setup_hw_state [i915]] [ENCODER:204:DDI A/PHY A] hw state readout: enabled, pipe A
[    6.059923] i915 0000:00:02.0: [drm:intel_modeset_setup_hw_state [i915]] [ENCODER:214:DDI B/PHY B] hw state readout: disabled, pipe A
[    6.060155] i915 0000:00:02.0: [drm:intel_dpll_readout_hw_state [i915]] DPLL 0 hw state readout: pipe_mask 0x0, on 0
[    6.060335] i915 0000:00:02.0: [drm:intel_dpll_crtc_get [i915]] [CRTC:88:pipe A] reserving DPLL 1
[    6.060514] i915 0000:00:02.0: [drm:intel_dpll_readout_hw_state [i915]] DPLL 1 hw state readout: pipe_mask 0x1, on 1
[    6.060683] i915 0000:00:02.0: [drm:intel_dpll_readout_hw_state [i915]] TBT PLL hw state readout: pipe_mask 0x0, on 0
[    6.060853] i915 0000:00:02.0: [drm:intel_dpll_readout_hw_state [i915]] TC PLL 1 hw state readout: pipe_mask 0x0, on 0
[    6.061166] i915 0000:00:02.0: [drm:intel_dpll_readout_hw_state [i915]] TC PLL 2 hw state readout: pipe_mask 0x0, on 0
[    6.061350] i915 0000:00:02.0: [drm:intel_dpll_readout_hw_state [i915]] TC PLL 3 hw state readout: pipe_mask 0x0, on 0
[    6.061522] i915 0000:00:02.0: [drm:intel_dpll_readout_hw_state [i915]] TC PLL 4 hw state readout: pipe_mask 0x0, on 0
[    6.061738] i915 0000:00:02.0: [drm:intel_modeset_setup_hw_state [i915]] [CONNECTOR:205:HDMI-A-1] hw state readout: enabled
[    6.061907] i915 0000:00:02.0: [drm:intel_modeset_setup_hw_state [i915]] [CONNECTOR:215:HDMI-A-2] hw state readout: disabled
[    6.062192] i915 0000:00:02.0: [drm:intel_modeset_setup_hw_state [i915]] [PLANE:33:plane 1A] min_cdclk 297000 kHz
[    6.062355] i915 0000:00:02.0: [drm:intel_modeset_setup_hw_state [i915]] [PLANE:43:plane 2A] min_cdclk 0 kHz
[    6.062516] i915 0000:00:02.0: [drm:intel_modeset_setup_hw_state [i915]] [PLANE:53:plane 3A] min_cdclk 0 kHz
[    6.062680] i915 0000:00:02.0: [drm:intel_modeset_setup_hw_state [i915]] [PLANE:63:plane 4A] min_cdclk 0 kHz
