[    0.000000] Linux version 6.18.1-061801-generic (kernel@balboa) (x86_64-linux-gnu-gcc-15 (Ubuntu 15.2.0-4ubuntu4) 15.2.0, GNU ld (GNU Binutils for Ubuntu) 2.45) #202512121839 SMP PREEMPT_DYNAMIC Fri Dec 12 19:19:06 UTC 2025
[    0.000000] Command line: BOOT_IMAGE=/boot/vmlinuz-6.18.1-061801-generic root=UUID=f3b0e203-1f3d-408b-9074-e8041e5758ec ro drm.debug=0x04
[    0.000000] KERNEL supported cpus:
[    0.000000]   Intel GenuineIntel
[    0.000000]   AMD AuthenticAMD
[    0.000000]   Hygon HygonGenuine
[    0.000000]   Centaur CentaurHauls
[    0.000000]   zhaoxin   Shanghai  
[    0.000000] x86/split lock detection: #AC: crashing the kernel on kernel split_locks and warning on user-space split_locks
[    0.000000] BIOS-provided physical RAM map:
[    0.000000] BIOS-e820: [mem 0x0000000000000000-0x000000000009dfff] usable
[    0.000000] BIOS-e820: [mem 0x000000000009e000-0x000000000009efff] reserved
[    0.000000] BIOS-e820: [mem 0x000000000009f000-0x000000000009ffff] usable
[    0.000000] BIOS-e820: [mem 0x00000000000a0000-0x00000000000fffff] reserved
[    0.000000] BIOS-e820: [mem 0x0000000000100000-0x00000000723d2fff] usable
[    0.000000] BIOS-e820: [mem 0x00000000723d3000-0x00000000754d2fff] reserved
[    0.000000] BIOS-e820: [mem 0x00000000754d3000-0x00000000755a2fff] ACPI data
[    0.000000] BIOS-e820: [mem 0x00000000755a3000-0x0000000075662fff] ACPI NVS
[    0.000000] BIOS-e820: [mem 0x0000000075663000-0x0000000075ffefff] reserved
[    0.000000] BIOS-e820: [mem 0x0000000075fff000-0x0000000075ffffff] usable
[    0.000000] BIOS-e820: [mem 0x0000000076000000-0x0000000079ffffff] reserved
[    0.000000] BIOS-e820: [mem 0x000000007aa00000-0x000000007abfffff] reserved
[    0.000000] BIOS-e820: [mem 0x000000007b000000-0x00000000803fffff] reserved
[    0.000000] BIOS-e820: [mem 0x00000000c0000000-0x00000000cfffffff] reserved
[    0.000000] BIOS-e820: [mem 0x00000000fe000000-0x00000000fe010fff] reserved
[    0.000000] BIOS-e820: [mem 0x00000000fec00000-0x00000000fec00fff] reserved
[    0.000000] BIOS-e820: [mem 0x00000000fed00000-0x00000000fed00fff] reserved
[    0.000000] BIOS-e820: [mem 0x00000000fed20000-0x00000000fed7ffff] reserved
[    0.000000] BIOS-e820: [mem 0x00000000fee00000-0x00000000fee00fff] reserved
[    0.000000] BIOS-e820: [mem 0x00000000ff000000-0x00000000ffffffff] reserved
[    0.000000] BIOS-e820: [mem 0x0000000100000000-0x000000027fbfffff] usable
[    0.000000] NX (Execute Disable) protection: active
[    0.000000] APIC: Static calls initialized
[    0.000000] efi: EFI v2.8 by American Megatrends
[    0.000000] efi: ACPI=0x755a2000 ACPI 2.0=0x755a2014 TPMFinalLog=0x75610000 SMBIOS=0x75cc7000 SMBIOS 3.0=0x75cc6000 MEMATTR=0x6c663018 ESRT=0x6eae8018 MOKvar=0x75ccb000 INITRD=0x6c23e698 TPMEventLog=0x754f9018 
[    0.000000] efi: Remove mem75: MMIO range=[0xc0000000-0xcfffffff] (256MB) from e820 map
[    0.000000] e820: remove [mem 0xc0000000-0xcfffffff] reserved
[    0.000000] efi: Not removing mem76: MMIO range=[0xfe000000-0xfe010fff] (68KB) from e820 map
[    0.000000] efi: Not removing mem77: MMIO range=[0xfec00000-0xfec00fff] (4KB) from e820 map
[    0.000000] efi: Not removing mem78: MMIO range=[0xfed00000-0xfed00fff] (4KB) from e820 map
[    0.000000] efi: Not removing mem80: MMIO range=[0xfee00000-0xfee00fff] (4KB) from e820 map
[    0.000000] efi: Remove mem81: MMIO range=[0xff000000-0xffffffff] (16MB) from e820 map
[    0.000000] e820: remove [mem 0xff000000-0xffffffff] reserved
[    0.000000] SMBIOS 3.5.0 present.
[    0.000000] DMI: Mllse Default string/Default string, BIOS ANB03C_MLE 05/20/2024
[    0.000000] DMI: Memory slots populated: 1/2
[    0.000000] tsc: Detected 800.000 MHz processor
[    0.000000] tsc: Detected 806.400 MHz TSC
[    0.000393] e820: update [mem 0x00000000-0x00000fff] usable ==> reserved
[    0.000396] e820: remove [mem 0x000a0000-0x000fffff] usable
[    0.000404] last_pfn = 0x27fc00 max_arch_pfn = 0x400000000
[    0.000408] MTRR map: 6 entries (3 fixed + 3 variable; max 23), built from 10 variable MTRRs
[    0.000410] x86/PAT: Configuration [0-7]: WB  WC  UC- UC  WB  WP  UC- WT  
[    0.000520] last_pfn = 0x76000 max_arch_pfn = 0x400000000
[    0.017899] esrt: Reserving ESRT space from 0x000000006eae8018 to 0x000000006eae80c8.
[    0.017951] e820: update [mem 0x6eae8000-0x6eae8fff] usable ==> reserved
[    0.017968] Using GB pages for direct mapping
[    0.018081] Secure boot disabled
[    0.018082] RAMDISK: [mem 0x5348d000-0x57c5bfff]
[    0.018400] ACPI: Early table checksum verification disabled
[    0.018403] ACPI: RSDP 0x00000000755A2014 000024 (v02 ALASKA)
[    0.018407] ACPI: XSDT 0x00000000755A1728 000104 (v01 ALASKA A M I    01072009 AMI  01000013)
[    0.018412] ACPI: FACP 0x00000000755A0000 000114 (v06 ALASKA A M I    01072009 AMI  01000013)
[    0.018417] ACPI: DSDT 0x000000007552D000 07248C (v02 ALASKA A M I    01072009 INTL 20200717)
[    0.018419] ACPI: FACS 0x0000000075662000 000040
[    0.018421] ACPI: FIDT 0x000000007552C000 00009C (v01 ALASKA A M I    01072009 AMI  00010013)
[    0.018424] ACPI: MSDM 0x000000007552B000 000055 (v03 ALASKA A M I    01072009 AMI  01000013)
[    0.018426] ACPI: SSDT 0x000000007552A000 00038C (v02 PmaxDv Pmax_Dev 00000001 INTL 20200717)
[    0.018428] ACPI: SSDT 0x0000000075524000 005D0B (v02 CpuRef CpuSsdt  00003000 INTL 20200717)
[    0.018430] ACPI: SSDT 0x0000000075521000 002935 (v02 SaSsdt SaSsdt   00003000 INTL 20200717)
[    0.018432] ACPI: SSDT 0x000000007551D000 0033D3 (v02 INTEL  IgfxSsdt 00003000 INTL 20200717)
[    0.018435] ACPI: HPET 0x000000007551C000 000038 (v01 ALASKA A M I    01072009 AMI  01000013)
[    0.018437] ACPI: APIC 0x000000007551B000 0001DC (v05 ALASKA A M I    01072009 AMI  01000013)
[    0.018439] ACPI: MCFG 0x000000007551A000 00003C (v01 ALASKA A M I    01072009 AMI  01000013)
[    0.018441] ACPI: SSDT 0x0000000075518000 001F1A (v02 ALASKA Ther_Rvp 00001000 INTL 20200717)
[    0.018443] ACPI: UEFI 0x00000000755F7000 000048 (v01 ALASKA A M I    01072009 AMI  01000013)
[    0.018445] ACPI: NHLT 0x0000000075517000 00002D (v00 ALASKA A M I    01072009 AMI  01000013)
[    0.018448] ACPI: LPIT 0x0000000075516000 0000CC (v01 ALASKA A M I    01072009 AMI  01000013)
[    0.018450] ACPI: SSDT 0x0000000075512000 002A83 (v02 ALASKA PtidDevc 00001000 INTL 20200717)
[    0.018452] ACPI: SSDT 0x000000007550F000 002357 (v02 ALASKA TbtTypeC 00000000 INTL 20200717)
[    0.018458] ACPI: DBGP 0x000000007550E000 000034 (v01 ALASKA A M I    01072009 AMI  01000013)
[    0.018463] ACPI: DBG2 0x000000007550D000 000054 (v00 ALASKA A M I    01072009 AMI  01000013)
[    0.018468] ACPI: SSDT 0x000000007550B000 001918 (v02 ALASKA UsbCTabl 00001000 INTL 20200717)
[    0.018471] ACPI: FPDT 0x000000007550A000 000044 (v01 ALASKA A M I    01072009 AMI  01000013)
[    0.018474] ACPI: SSDT 0x0000000075509000 00073A (v02 INTEL  xh_adl_N 00000000 INTL 20200717)
[    0.018477] ACPI: SSDT 0x0000000075505000 003AEA (v02 SocGpe SocGpe   00003000 INTL 20200717)
[    0.018480] ACPI: SSDT 0x0000000075501000 0039DA (v02 SocCmn SocCmn   00003000 INTL 20200717)
[    0.018483] ACPI: SSDT 0x0000000075500000 000144 (v02 Intel  ADebTabl 00001000 INTL 20200717)
[    0.018485] ACPI: BGRT 0x00000000754FF000 000038 (v01 ALASKA A M I    01072009 AMI  00010013)
[    0.018488] ACPI: TPM2 0x00000000754FE000 00004C (v04 ALASKA A M I    00000001 AMI  00000000)
[    0.018490] ACPI: PHAT 0x00000000754FD000 0005F1 (v01 ALASKA A M I    00000005 MSFT 0100000D)
[    0.018494] ACPI: WSMT 0x0000000075515000 000028 (v01 ALASKA A M I    01072009 AMI  00010013)
[    0.018495] ACPI: Reserving FACP table memory at [mem 0x755a0000-0x755a0113]
[    0.018497] ACPI: Reserving DSDT table memory at [mem 0x7552d000-0x7559f48b]
[    0.018497] ACPI: Reserving FACS table memory at [mem 0x75662000-0x7566203f]
[    0.018498] ACPI: Reserving FIDT table memory at [mem 0x7552c000-0x7552c09b]
[    0.018499] ACPI: Reserving MSDM table memory at [mem 0x7552b000-0x7552b054]
[    0.018499] ACPI: Reserving SSDT table memory at [mem 0x7552a000-0x7552a38b]
[    0.018500] ACPI: Reserving SSDT table memory at [mem 0x75524000-0x75529d0a]
[    0.018500] ACPI: Reserving SSDT table memory at [mem 0x75521000-0x75523934]
[    0.018501] ACPI: Reserving SSDT table memory at [mem 0x7551d000-0x755203d2]
[    0.018502] ACPI: Reserving HPET table memory at [mem 0x7551c000-0x7551c037]
[    0.018502] ACPI: Reserving APIC table memory at [mem 0x7551b000-0x7551b1db]
[    0.018503] ACPI: Reserving MCFG table memory at [mem 0x7551a000-0x7551a03b]
[    0.018503] ACPI: Reserving SSDT table memory at [mem 0x75518000-0x75519f19]
[    0.018504] ACPI: Reserving UEFI table memory at [mem 0x755f7000-0x755f7047]
[    0.018504] ACPI: Reserving NHLT table memory at [mem 0x75517000-0x7551702c]
[    0.018505] ACPI: Reserving LPIT table memory at [mem 0x75516000-0x755160cb]
[    0.018506] ACPI: Reserving SSDT table memory at [mem 0x75512000-0x75514a82]
[    0.018506] ACPI: Reserving SSDT table memory at [mem 0x7550f000-0x75511356]
[    0.018507] ACPI: Reserving DBGP table memory at [mem 0x7550e000-0x7550e033]
[    0.018507] ACPI: Reserving DBG2 table memory at [mem 0x7550d000-0x7550d053]
[    0.018508] ACPI: Reserving SSDT table memory at [mem 0x7550b000-0x7550c917]
[    0.018508] ACPI: Reserving FPDT table memory at [mem 0x7550a000-0x7550a043]
[    0.018509] ACPI: Reserving SSDT table memory at [mem 0x75509000-0x75509739]
[    0.018509] ACPI: Reserving SSDT table memory at [mem 0x75505000-0x75508ae9]
[    0.018510] ACPI: Reserving SSDT table memory at [mem 0x75501000-0x755049d9]
[    0.018511] ACPI: Reserving SSDT table memory at [mem 0x75500000-0x75500143]
[    0.018511] ACPI: Reserving BGRT table memory at [mem 0x754ff000-0x754ff037]
[    0.018512] ACPI: Reserving TPM2 table memory at [mem 0x754fe000-0x754fe04b]
[    0.018512] ACPI: Reserving PHAT table memory at [mem 0x754fd000-0x754fd5f0]
[    0.018513] ACPI: Reserving WSMT table memory at [mem 0x75515000-0x75515027]
[    0.018771] No NUMA configuration found
[    0.018772] Faking a node at [mem 0x0000000000000000-0x000000027fbfffff]
[    0.018784] NODE_DATA(0) allocated [mem 0x27fbd5280-0x27fbfffff]
[    0.018952] Zone ranges:
[    0.018952]   DMA      [mem 0x0000000000001000-0x0000000000ffffff]
[    0.018954]   DMA32    [mem 0x0000000001000000-0x00000000ffffffff]
[    0.018956]   Normal   [mem 0x0000000100000000-0x000000027fbfffff]
[    0.018957]   Device   empty
[    0.018958] Movable zone start for each node
[    0.018960] Early memory node ranges
[    0.018960]   node   0: [mem 0x0000000000001000-0x000000000009dfff]
[    0.018962]   node   0: [mem 0x000000000009f000-0x000000000009ffff]
[    0.018962]   node   0: [mem 0x0000000000100000-0x00000000723d2fff]
[    0.018963]   node   0: [mem 0x0000000075fff000-0x0000000075ffffff]
[    0.018964]   node   0: [mem 0x0000000100000000-0x000000027fbfffff]
[    0.018966] Initmem setup node 0 [mem 0x0000000000001000-0x000000027fbfffff]
[    0.018971] On node 0, zone DMA: 1 pages in unavailable ranges
[    0.018972] On node 0, zone DMA: 1 pages in unavailable ranges
[    0.018993] On node 0, zone DMA: 96 pages in unavailable ranges
[    0.022896] On node 0, zone DMA32: 15404 pages in unavailable ranges
[    0.036897] On node 0, zone Normal: 8192 pages in unavailable ranges
[    0.036910] On node 0, zone Normal: 1024 pages in unavailable ranges
[    0.036933] Reserving Intel graphics memory at [mem 0x7c800000-0x803fffff]
[    0.037230] ACPI: PM-Timer IO Port: 0x1808
[    0.037243] ACPI: LAPIC_NMI (acpi_id[0x01] high edge lint[0x1])
[    0.037245] ACPI: LAPIC_NMI (acpi_id[0x02] high edge lint[0x1])
[    0.037245] ACPI: LAPIC_NMI (acpi_id[0x03] high edge lint[0x1])
[    0.037246] ACPI: LAPIC_NMI (acpi_id[0x04] high edge lint[0x1])
[    0.037246] ACPI: LAPIC_NMI (acpi_id[0x05] high edge lint[0x1])
[    0.037247] ACPI: LAPIC_NMI (acpi_id[0x06] high edge lint[0x1])
[    0.037247] ACPI: LAPIC_NMI (acpi_id[0x07] high edge lint[0x1])
[    0.037248] ACPI: LAPIC_NMI (acpi_id[0x08] high edge lint[0x1])
[    0.037249] ACPI: LAPIC_NMI (acpi_id[0x09] high edge lint[0x1])
[    0.037249] ACPI: LAPIC_NMI (acpi_id[0x0a] high edge lint[0x1])
[    0.037250] ACPI: LAPIC_NMI (acpi_id[0x0b] high edge lint[0x1])
[    0.037250] ACPI: LAPIC_NMI (acpi_id[0x0c] high edge lint[0x1])
[    0.037251] ACPI: LAPIC_NMI (acpi_id[0x0d] high edge lint[0x1])
[    0.037251] ACPI: LAPIC_NMI (acpi_id[0x0e] high edge lint[0x1])
[    0.037252] ACPI: LAPIC_NMI (acpi_id[0x0f] high edge lint[0x1])
[    0.037252] ACPI: LAPIC_NMI (acpi_id[0x10] high edge lint[0x1])
[    0.037253] ACPI: LAPIC_NMI (acpi_id[0x11] high edge lint[0x1])
[    0.037253] ACPI: LAPIC_NMI (acpi_id[0x12] high edge lint[0x1])
[    0.037254] ACPI: LAPIC_NMI (acpi_id[0x13] high edge lint[0x1])
[    0.037255] ACPI: LAPIC_NMI (acpi_id[0x14] high edge lint[0x1])
[    0.037255] ACPI: LAPIC_NMI (acpi_id[0x15] high edge lint[0x1])
[    0.037256] ACPI: LAPIC_NMI (acpi_id[0x16] high edge lint[0x1])
[    0.037256] ACPI: LAPIC_NMI (acpi_id[0x17] high edge lint[0x1])
[    0.037257] ACPI: LAPIC_NMI (acpi_id[0x00] high edge lint[0x1])
[    0.037295] IOAPIC[0]: apic_id 2, version 32, address 0xfec00000, GSI 0-119
[    0.037298] ACPI: INT_SRC_OVR (bus 0 bus_irq 0 global_irq 2 dfl dfl)
[    0.037300] ACPI: INT_SRC_OVR (bus 0 bus_irq 9 global_irq 9 high level)
[    0.037304] ACPI: Using ACPI (MADT) for SMP configuration information
[    0.037305] ACPI: HPET id: 0x8086a201 base: 0xfed00000
[    0.037313] e820: update [mem 0x6c3f4000-0x6c508fff] usable ==> reserved
[    0.037325] TSC deadline timer available
[    0.037328] CPU topo: Max. logical packages:   1
[    0.037329] CPU topo: Max. logical dies:       1
[    0.037330] CPU topo: Max. dies per package:   1
[    0.037333] CPU topo: Max. threads per core:   1
[    0.037333] CPU topo: Num. cores per package:     4
[    0.037334] CPU topo: Num. threads per package:   4
[    0.037334] CPU topo: Allowing 4 present CPUs plus 0 hotplug CPUs
[    0.037353] PM: hibernation: Registered nosave memory: [mem 0x00000000-0x00000fff]
[    0.037355] PM: hibernation: Registered nosave memory: [mem 0x0009e000-0x0009efff]
[    0.037356] PM: hibernation: Registered nosave memory: [mem 0x000a0000-0x000fffff]
[    0.037357] PM: hibernation: Registered nosave memory: [mem 0x6c3f4000-0x6c508fff]
[    0.037359] PM: hibernation: Registered nosave memory: [mem 0x6eae8000-0x6eae8fff]
[    0.037360] PM: hibernation: Registered nosave memory: [mem 0x723d3000-0x75ffefff]
[    0.037361] PM: hibernation: Registered nosave memory: [mem 0x76000000-0xffffffff]
[    0.037363] [mem 0x80400000-0xfdffffff] available for PCI devices
[    0.037364] Booting paravirtualized kernel on bare hardware
[    0.037366] clocksource: refined-jiffies: mask: 0xffffffff max_cycles: 0xffffffff, max_idle_ns: 1910969940391419 ns
[    0.037380] setup_percpu: NR_CPUS:8192 nr_cpumask_bits:4 nr_cpu_ids:4 nr_node_ids:1
[    0.037745] percpu: Embedded 84 pages/cpu s221184 r8192 d114688 u524288
[    0.037751] pcpu-alloc: s221184 r8192 d114688 u524288 alloc=1*2097152
[    0.037753] pcpu-alloc: [0] 0 1 2 3 
[    0.037771] Kernel command line: BOOT_IMAGE=/boot/vmlinuz-6.18.1-061801-generic root=UUID=f3b0e203-1f3d-408b-9074-e8041e5758ec ro drm.debug=0x04
[    0.037806] random: crng init done
[    0.037807] printk: log buffer data + meta data: 262144 + 917504 = 1179648 bytes
[    0.038872] Dentry cache hash table entries: 1048576 (order: 11, 8388608 bytes, linear)
[    0.039452] Inode-cache hash table entries: 524288 (order: 10, 4194304 bytes, linear)
[    0.039504] software IO TLB: area num 4.
[    0.058176] Fallback order for Node 0: 0 
[    0.058181] Built 1 zonelists, mobility grouping on.  Total pages: 2039666
[    0.058183] Policy zone: Normal
[    0.058193] mem auto-init: stack:all(zero), heap alloc:on, heap free:off
[    0.081072] SLUB: HWalign=64, Order=0-3, MinObjects=0, CPUs=4, Nodes=1
[    0.086558] ftrace: allocating 62037 entries in 244 pages
[    0.086561] ftrace: allocated 244 pages with 5 groups
[    0.087246] Dynamic Preempt: voluntary
[    0.087299] rcu: Preemptible hierarchical RCU implementation.
[    0.087300] rcu: 	RCU restricting CPUs from NR_CPUS=8192 to nr_cpu_ids=4.
[    0.087302] 	Trampoline variant of Tasks RCU enabled.
[    0.087302] 	Rude variant of Tasks RCU enabled.
[    0.087302] 	Tracing variant of Tasks RCU enabled.
[    0.087303] rcu: RCU calculated value of scheduler-enlistment delay is 100 jiffies.
[    0.087304] rcu: Adjusting geometry for rcu_fanout_leaf=16, nr_cpu_ids=4
[    0.087313] RCU Tasks: Setting shift to 2 and lim to 1 rcu_task_cb_adjust=1 rcu_task_cpu_ids=4.
[    0.087315] RCU Tasks Rude: Setting shift to 2 and lim to 1 rcu_task_cb_adjust=1 rcu_task_cpu_ids=4.
[    0.087316] RCU Tasks Trace: Setting shift to 2 and lim to 1 rcu_task_cb_adjust=1 rcu_task_cpu_ids=4.
[    0.092133] NR_IRQS: 524544, nr_irqs: 1024, preallocated irqs: 16
[    0.092463] rcu: srcu_init: Setting srcu_struct sizes based on contention.
[    0.092694] Console: colour dummy device 80x25
[    0.092696] printk: legacy console [tty0] enabled
[    0.093015] ACPI: Core revision 20250807
[    0.093347] hpet: HPET dysfunctional in PC10. Force disabled.
[    0.093409] APIC: Switch to symmetric I/O mode setup
[    0.094705] x2apic: IRQ remapping doesn't support X2APIC mode
[    0.099598] clocksource: tsc-early: mask: 0xffffffffffffffff max_cycles: 0xb9fb05486c, max_idle_ns: 440795231721 ns
[    0.099620] Calibrating delay loop (skipped), value calculated using timer frequency.. 1612.80 BogoMIPS (lpj=806400)
[    0.099653] CPU0: Thermal monitoring enabled (TM1)
[    0.099656] x86/cpu: User Mode Instruction Prevention (UMIP) activated
[    0.099732] Last level iTLB entries: 4KB 0, 2MB 0, 4MB 0
[    0.099734] Last level dTLB entries: 4KB 0, 2MB 0, 4MB 0, 1GB 0
[    0.099742] process: using mwait in idle threads
[    0.099745] mitigations: Enabled attack vectors: user_kernel, user_user, guest_host, guest_guest, SMT mitigations: auto
[    0.099751] Speculative Store Bypass: Mitigation: Speculative Store Bypass disabled via prctl
[    0.099754] Spectre V2 : Mitigation: Enhanced / Automatic IBRS
[    0.099756] Register File Data Sampling: Mitigation: Clear Register File
[    0.099758] VMSCAPE: Mitigation: IBPB before exit to userspace
[    0.099759] Spectre V1 : Mitigation: usercopy/swapgs barriers and __user pointer sanitization
[    0.099763] Spectre V2 : mitigation: Enabling conditional Indirect Branch Prediction Barrier
[    0.099773] x86/fpu: Supporting XSAVE feature 0x001: 'x87 floating point registers'
[    0.099775] x86/fpu: Supporting XSAVE feature 0x002: 'SSE registers'
[    0.099777] x86/fpu: Supporting XSAVE feature 0x004: 'AVX registers'
[    0.099779] x86/fpu: Supporting XSAVE feature 0x200: 'Protection Keys User registers'
[    0.099782] x86/fpu: Supporting XSAVE feature 0x800: 'Control-flow User registers'
[    0.099784] x86/fpu: Supporting XSAVE feature 0x1000: 'Control-flow Kernel registers (KVM only)'
[    0.099787] x86/fpu: xstate_offset[2]:  576, xstate_sizes[2]:  256
[    0.099790] x86/fpu: xstate_offset[9]:  832, xstate_sizes[9]:    8
[    0.099792] x86/fpu: xstate_offset[11]:  840, xstate_sizes[11]:   16
[    0.099795] x86/fpu: xstate_offset[12]:  856, xstate_sizes[12]:   24
[    0.099797] x86/fpu: Enabled xstate features 0x1a07, context size is 880 bytes, using 'compacted' format.
[    0.100618] Freeing SMP alternatives memory: 52K
[    0.100618] pid_max: default: 32768 minimum: 301
[    0.100618] LSM: initializing lsm=lockdown,capability,landlock,yama,apparmor,ima,evm
[    0.100618] landlock: Up and running.
[    0.100618] Yama: becoming mindful.
[    0.100618] AppArmor: AppArmor initialized
[    0.100618] Mount-cache hash table entries: 16384 (order: 5, 131072 bytes, linear)
[    0.100618] Mountpoint-cache hash table entries: 16384 (order: 5, 131072 bytes, linear)
[    0.100618] smpboot: CPU0: Intel(R) N100 (family: 0x6, model: 0xbe, stepping: 0x0)
[    0.100618] Performance Events: XSAVE Architectural LBR, PEBS fmt4+-baseline, PEBS-via-PT,  AnyThread deprecated, Gracemont events, 32-deep LBR, full-width counters, Intel PMU driver.
[    0.100618] ... version:                   5
[    0.100618] ... bit width:                 48
[    0.100618] ... generic counters:          6
[    0.100618] ... generic bitmap:            000000000000003f
[    0.100618] ... fixed-purpose counters:    3
[    0.100618] ... fixed-purpose bitmap:      0000000000000007
[    0.100618] ... value mask:                0000ffffffffffff
[    0.100618] ... max period:                00007fffffffffff
[    0.100618] ... global_ctrl mask:          000000070000003f
[    0.100618] signal: max sigframe size: 3632
[    0.100618] Estimated ratio of average max frequency by base frequency (times 1024): 3712
[    0.101910] rcu: Hierarchical SRCU implementation.
[    0.101917] rcu: 	Max phase no-delay instances is 400.
[    0.101966] Timer migration: 1 hierarchy levels; 8 children per group; 1 crossnode level
[    0.102488] NMI watchdog: Enabled. Permanently consumes one hw-PMU counter.
[    0.102544] smp: Bringing up secondary CPUs ...
[    0.102657] smpboot: x86: Booting SMP configuration:
[    0.102660] .... node  #0, CPUs:      #1 #2 #3
[    0.103739] smp: Brought up 1 node, 4 CPUs
[    0.103739] smpboot: Total of 4 processors activated (6451.20 BogoMIPS)
[    0.104130] Memory: 7804844K/8158664K available (23041K kernel code, 4733K rwdata, 16932K rodata, 5184K init, 6260K bss, 343908K reserved, 0K cma-reserved)
[    0.104771] devtmpfs: initialized
[    0.104771] x86/mm: Memory block size: 128MB
[    0.105801] ACPI: PM: Registering ACPI NVS region [mem 0x755a3000-0x75662fff] (786432 bytes)
[    0.105887] clocksource: jiffies: mask: 0xffffffff max_cycles: 0xffffffff, max_idle_ns: 1911260446275000 ns
[    0.105887] posixtimers hash table entries: 2048 (order: 3, 32768 bytes, linear)
[    0.105887] futex hash table entries: 1024 (65536 bytes on 1 NUMA nodes, total 64 KiB, linear).
[    0.105887] pinctrl core: initialized pinctrl subsystem
[    0.106012] PM: RTC time: 08:36:18, date: 2026-01-07
[    0.106854] NET: Registered PF_NETLINK/PF_ROUTE protocol family
[    0.107067] DMA: preallocated 1024 KiB GFP_KERNEL pool for atomic allocations
[    0.107226] DMA: preallocated 1024 KiB GFP_KERNEL|GFP_DMA pool for atomic allocations
[    0.107346] DMA: preallocated 1024 KiB GFP_KERNEL|GFP_DMA32 pool for atomic allocations
[    0.107361] audit: initializing netlink subsys (disabled)
[    0.107412] audit: type=2000 audit(1767774978.007:1): state=initialized audit_enabled=0 res=1
[    0.107412] thermal_sys: Registered thermal governor 'fair_share'
[    0.107412] thermal_sys: Registered thermal governor 'bang_bang'
[    0.107412] thermal_sys: Registered thermal governor 'step_wise'
[    0.107412] thermal_sys: Registered thermal governor 'user_space'
[    0.107412] thermal_sys: Registered thermal governor 'power_allocator'
[    0.107412] cpuidle: using governor ladder
[    0.107412] cpuidle: using governor menu
[    0.107626] ACPI FADT declares the system doesn't support PCIe ASPM, so disable it
[    0.107630] acpiphp: ACPI Hot Plug PCI Controller Driver version: 0.5
[    0.107754] PCI: ECAM [mem 0xc0000000-0xcfffffff] (base 0xc0000000) for domain 0000 [bus 00-ff]
[    0.107773] PCI: Using configuration type 1 for base access
[    0.107846] kprobes: kprobe jump-optimization is enabled. All kprobes are optimized if possible.
[    0.107846] HugeTLB: registered 1.00 GiB page size, pre-allocated 0 pages
[    0.107846] HugeTLB: 16380 KiB vmemmap can be freed for a 1.00 GiB page
[    0.107846] HugeTLB: registered 2.00 MiB page size, pre-allocated 0 pages
[    0.107846] HugeTLB: 28 KiB vmemmap can be freed for a 2.00 MiB page
[    0.108736] fbcon: Taking over console
[    0.108771] ACPI: Added _OSI(Module Device)
[    0.108774] ACPI: Added _OSI(Processor Device)
[    0.108776] ACPI: Added _OSI(Processor Aggregator Device)
[    0.212087] ACPI BIOS Error (bug): Could not resolve symbol [\_SB.PC00.TXHC.RHUB.SS01], AE_NOT_FOUND (20250807/dswload2-162)
[    0.212104] ACPI Error: AE_NOT_FOUND, During name lookup/catalog (20250807/psobject-220)
[    0.212108] ACPI: Skipping parse of AML opcode: Scope (0x0010)
[    0.212114] ACPI BIOS Error (bug): Could not resolve symbol [\_SB.PC00.TXHC.RHUB.SS02], AE_NOT_FOUND (20250807/dswload2-162)
[    0.212119] ACPI Error: AE_NOT_FOUND, During name lookup/catalog (20250807/psobject-220)
[    0.212123] ACPI: Skipping parse of AML opcode: Scope (0x0010)
[    0.214920] ACPI: 13 ACPI AML tables successfully acquired and loaded
[    0.231272] ACPI: Dynamic OEM Table Load:
[    0.231286] ACPI: SSDT 0xFFFF8975C0FFD800 000394 (v02 PmRef  Cpu0Cst  00003001 INTL 20200717)
[    0.232631] ACPI: Dynamic OEM Table Load:
[    0.232639] ACPI: SSDT 0xFFFF8975C0CFF600 0001A3 (v02 PmRef  Cpu0Ist  00003000 INTL 20200717)
[    0.233946] ACPI: Dynamic OEM Table Load:
[    0.233953] ACPI: SSDT 0xFFFF8975C0CFE800 0001AB (v02 PmRef  Cpu0Psd  00003000 INTL 20200717)
[    0.235274] ACPI: Dynamic OEM Table Load:
[    0.235281] ACPI: SSDT 0xFFFF8975C1358800 0004B5 (v02 PmRef  Cpu0Hwp  00003000 INTL 20200717)
[    0.237123] ACPI: Dynamic OEM Table Load:
[    0.237137] ACPI: SSDT 0xFFFF8975C136A000 001BAF (v02 PmRef  ApIst    00003000 INTL 20200717)
[    0.239396] ACPI: Dynamic OEM Table Load:
[    0.239404] ACPI: SSDT 0xFFFF8975C1368000 001038 (v02 PmRef  ApHwp    00003000 INTL 20200717)
[    0.241379] ACPI: Dynamic OEM Table Load:
[    0.241387] ACPI: SSDT 0xFFFF8975C136E000 001349 (v02 PmRef  ApPsd    00003000 INTL 20200717)
[    0.243425] ACPI: Dynamic OEM Table Load:
[    0.243433] ACPI: SSDT 0xFFFF8975C0BAB000 000FBB (v02 PmRef  ApCst    00003000 INTL 20200717)
[    0.247569] ACPI: Interpreter enabled
[    0.247657] ACPI: PM: (supports S0 S5)
[    0.247663] ACPI: Using IOAPIC for interrupt routing
[    0.249389] PCI: Using host bridge windows from ACPI; if necessary, use "pci=nocrs" and report a bug
[    0.249392] PCI: Ignoring E820 reservations for host bridge windows
[    0.250830] ACPI: Enabled 7 GPEs in block 00 to 7F
[    0.277935] ACPI: \_SB_.PC00.CNVW.WRST: New power resource
[    0.295069] ACPI: \_TZ_.FN00: New power resource
[    0.295149] ACPI: \_TZ_.FN01: New power resource
[    0.295223] ACPI: \_TZ_.FN02: New power resource
[    0.295296] ACPI: \_TZ_.FN03: New power resource
[    0.295383] ACPI: \_TZ_.FN04: New power resource
[    0.296093] ACPI: \PIN_: New power resource
[    0.296450] ACPI: PCI Root Bridge [PC00] (domain 0000 [bus 00-fe])
[    0.296494] acpi PNP0A08:00: _OSC: OS supports [ExtendedConfig ASPM ClockPM Segments MSI EDR HPX-Type3]
[    0.296685] acpi PNP0A08:00: _OSC: platform does not support [PCIeHotplug SHPCHotplug PME]
[    0.297035] acpi PNP0A08:00: _OSC: OS now controls [AER PCIeCapability LTR DPC]
[    0.297038] acpi PNP0A08:00: FADT indicates ASPM is unsupported, using BIOS configuration
[    0.298742] PCI host bridge to bus 0000:00
[    0.298747] pci_bus 0000:00: root bus resource [io  0x0000-0x0cf7 window]
[    0.298751] pci_bus 0000:00: root bus resource [io  0x0d00-0xffff window]
[    0.298754] pci_bus 0000:00: root bus resource [mem 0x000a0000-0x000bffff window]
[    0.298757] pci_bus 0000:00: root bus resource [mem 0x000e0000-0x000fffff window]
[    0.298760] pci_bus 0000:00: root bus resource [mem 0x80400000-0xbfffffff window]
[    0.298763] pci_bus 0000:00: root bus resource [mem 0x4000000000-0x7fffffffff window]
[    0.298767] pci_bus 0000:00: root bus resource [bus 00-fe]
[    0.298805] pci 0000:00:00.0: [8086:461c] type 00 class 0x060000 conventional PCI endpoint
[    0.298974] pci 0000:00:02.0: [8086:46d1] type 00 class 0x030000 PCIe Root Complex Integrated Endpoint
[    0.298995] pci 0000:00:02.0: BAR 0 [mem 0x6000000000-0x6000ffffff 64bit]
[    0.298999] pci 0000:00:02.0: BAR 2 [mem 0x4000000000-0x400fffffff 64bit pref]
[    0.299002] pci 0000:00:02.0: BAR 4 [io  0x5000-0x503f]
[    0.299016] pci 0000:00:02.0: DMAR: Skip IOMMU disabling for graphics
[    0.299020] pci 0000:00:02.0: Video device with shadowed ROM at [mem 0x000c0000-0x000dffff]
[    0.299056] pci 0000:00:02.0: VF BAR 0 [mem 0x00000000-0x00ffffff 64bit]
[    0.299059] pci 0000:00:02.0: VF BAR 0 [mem 0x00000000-0x06ffffff 64bit]: contains BAR 0 for 7 VFs
[    0.299064] pci 0000:00:02.0: VF BAR 2 [mem 0x00000000-0x1fffffff 64bit pref]
[    0.299067] pci 0000:00:02.0: VF BAR 2 [mem 0x00000000-0xdfffffff 64bit pref]: contains BAR 2 for 7 VFs
[    0.299283] pci 0000:00:0a.0: [8086:467d] type 00 class 0x118000 PCIe Root Complex Integrated Endpoint
[    0.299303] pci 0000:00:0a.0: BAR 0 [mem 0x6001110000-0x6001117fff 64bit]
[    0.299311] pci 0000:00:0a.0: enabling Extended Tags
[    0.299432] pci 0000:00:14.0: [8086:54ed] type 00 class 0x0c0330 conventional PCI endpoint
[    0.299482] pci 0000:00:14.0: BAR 0 [mem 0x6001100000-0x600110ffff 64bit]
[    0.299537] pci 0000:00:14.0: PME# supported from D3hot D3cold
[    0.302503] pci 0000:00:14.2: [8086:54ef] type 00 class 0x050000 conventional PCI endpoint
[    0.302556] pci 0000:00:14.2: BAR 0 [mem 0x6001124000-0x6001127fff 64bit]
[    0.302562] pci 0000:00:14.2: BAR 2 [mem 0x600112e000-0x600112efff 64bit]
[    0.302765] pci 0000:00:15.0: [8086:54e8] type 00 class 0x0c8000 conventional PCI endpoint
[    0.302881] pci 0000:00:15.0: BAR 0 [mem 0x00000000-0x00000fff 64bit]
[    0.312762] pci 0000:00:15.2: [8086:54ea] type 00 class 0x0c8000 conventional PCI endpoint
[    0.312840] pci 0000:00:15.2: BAR 0 [mem 0x00000000-0x00000fff 64bit]
[    0.322981] pci 0000:00:15.3: [8086:54eb] type 00 class 0x0c8000 conventional PCI endpoint
[    0.323056] pci 0000:00:15.3: BAR 0 [mem 0x00000000-0x00000fff 64bit]
[    0.332996] pci 0000:00:16.0: [8086:54e0] type 00 class 0x078000 conventional PCI endpoint
[    0.333056] pci 0000:00:16.0: BAR 0 [mem 0x600112a000-0x600112afff 64bit]
[    0.333117] pci 0000:00:16.0: PME# supported from D3hot
[    0.333862] pci 0000:00:17.0: [8086:54d3] type 00 class 0x010601 conventional PCI endpoint
[    0.333911] pci 0000:00:17.0: BAR 0 [mem 0x80700000-0x80701fff]
[    0.333916] pci 0000:00:17.0: BAR 1 [mem 0x80703000-0x807030ff]
[    0.333921] pci 0000:00:17.0: BAR 2 [io  0x5090-0x5097]
[    0.333926] pci 0000:00:17.0: BAR 3 [io  0x5080-0x5083]
[    0.333930] pci 0000:00:17.0: BAR 4 [io  0x5060-0x507f]
[    0.333935] pci 0000:00:17.0: BAR 5 [mem 0x80702000-0x807027ff]
[    0.333983] pci 0000:00:17.0: PME# supported from D3hot
[    0.334422] pci 0000:00:1a.0: [8086:54c4] type 00 class 0x080501 conventional PCI endpoint
[    0.334478] pci 0000:00:1a.0: BAR 0 [mem 0x6001129000-0x6001129fff 64bit]
[    0.334903] pci 0000:00:1c.0: [8086:54be] type 01 class 0x060400 PCIe Root Port
[    0.334931] pci 0000:00:1c.0: PCI bridge to [bus 01]
[    0.334937] pci 0000:00:1c.0:   bridge window [io  0x4000-0x4fff]
[    0.334941] pci 0000:00:1c.0:   bridge window [mem 0x80600000-0x806fffff]
[    0.335024] pci 0000:00:1c.0: PME# supported from D0 D3hot D3cold
[    0.335061] pci 0000:00:1c.0: PTM enabled (root), 4ns granularity
[    0.335839] pci 0000:00:1d.0: [8086:54b0] type 01 class 0x060400 PCIe Root Port
[    0.335868] pci 0000:00:1d.0: PCI bridge to [bus 02]
[    0.335875] pci 0000:00:1d.0:   bridge window [mem 0x80500000-0x805fffff]
[    0.335956] pci 0000:00:1d.0: PME# supported from D0 D3hot D3cold
[    0.335993] pci 0000:00:1d.0: PTM enabled (root), 4ns granularity
[    0.336740] pci 0000:00:1d.2: [8086:54b2] type 01 class 0x060400 PCIe Root Port
[    0.336768] pci 0000:00:1d.2: PCI bridge to [bus 03]
[    0.336774] pci 0000:00:1d.2:   bridge window [io  0x3000-0x3fff]
[    0.336779] pci 0000:00:1d.2:   bridge window [mem 0x80400000-0x804fffff]
[    0.336859] pci 0000:00:1d.2: PME# supported from D0 D3hot D3cold
[    0.336896] pci 0000:00:1d.2: PTM enabled (root), 4ns granularity
[    0.337656] pci 0000:00:1f.0: [8086:5481] type 00 class 0x060100 conventional PCI endpoint
[    0.338078] pci 0000:00:1f.3: [8086:54c8] type 00 class 0x040300 conventional PCI endpoint
[    0.338182] pci 0000:00:1f.3: BAR 0 [mem 0x6001120000-0x6001123fff 64bit]
[    0.338194] pci 0000:00:1f.3: BAR 4 [mem 0x6001000000-0x60010fffff 64bit]
[    0.338293] pci 0000:00:1f.3: PME# supported from D3hot D3cold
[    0.338418] pci 0000:00:1f.4: [8086:54a3] type 00 class 0x0c0500 conventional PCI endpoint
[    0.338471] pci 0000:00:1f.4: BAR 0 [mem 0x6001128000-0x60011280ff 64bit]
[    0.338480] pci 0000:00:1f.4: BAR 4 [io  0xefa0-0xefbf]
[    0.338799] pci 0000:00:1f.5: [8086:54a4] type 00 class 0x0c8000 conventional PCI endpoint
[    0.338858] pci 0000:00:1f.5: BAR 0 [mem 0xfe010000-0xfe010fff]
[    0.339010] pci 0000:01:00.0: [10ec:c821] type 00 class 0x028000 PCIe Endpoint
[    0.339084] pci 0000:01:00.0: BAR 0 [io  0x4000-0x40ff]
[    0.339092] pci 0000:01:00.0: BAR 2 [mem 0x80600000-0x8060ffff 64bit]
[    0.339230] pci 0000:01:00.0: supports D1 D2
[    0.339232] pci 0000:01:00.0: PME# supported from D0 D1 D2 D3hot D3cold
[    0.339489] pci 0000:00:1c.0: PCI bridge to [bus 01]
[    0.339570] pci 0000:02:00.0: [10ec:5765] type 00 class 0x010802 PCIe Endpoint
[    0.339632] pci 0000:02:00.0: BAR 0 [mem 0x80500000-0x80503fff 64bit]
[    0.339641] pci 0000:02:00.0: BAR 5 [mem 0x80504000-0x80505fff]
[    0.339871] pci 0000:02:00.0: 15.752 Gb/s available PCIe bandwidth, limited by 8.0 GT/s PCIe x2 link at 0000:00:1d.0 (capable of 31.504 Gb/s with 8.0 GT/s PCIe x4 link)
[    0.339961] pci 0000:00:1d.0: PCI bridge to [bus 02]
[    0.340045] pci 0000:03:00.0: [10ec:8168] type 00 class 0x020000 PCIe Endpoint
[    0.340111] pci 0000:03:00.0: BAR 0 [io  0x3000-0x30ff]
[    0.340118] pci 0000:03:00.0: BAR 2 [mem 0x80404000-0x80404fff 64bit]
[    0.340124] pci 0000:03:00.0: BAR 4 [mem 0x80400000-0x80403fff 64bit]
[    0.340245] pci 0000:03:00.0: supports D1 D2
[    0.340247] pci 0000:03:00.0: PME# supported from D0 D1 D2 D3hot D3cold
[    0.340448] pci 0000:00:1d.2: PCI bridge to [bus 03]
[    0.341633] ACPI: PCI: Interrupt link LNKA configured for IRQ 0
[    0.341765] ACPI: PCI: Interrupt link LNKB configured for IRQ 1
[    0.341894] ACPI: PCI: Interrupt link LNKC configured for IRQ 0
[    0.342024] ACPI: PCI: Interrupt link LNKD configured for IRQ 0
[    0.342151] ACPI: PCI: Interrupt link LNKE configured for IRQ 0
[    0.342280] ACPI: PCI: Interrupt link LNKF configured for IRQ 0
[    0.342410] ACPI: PCI: Interrupt link LNKG configured for IRQ 0
[    0.342539] ACPI: PCI: Interrupt link LNKH configured for IRQ 0
[    0.352637] iommu: Default domain type: Translated
[    0.352637] iommu: DMA domain TLB invalidation policy: lazy mode
[    0.352832] SCSI subsystem initialized
[    0.352842] libata version 3.00 loaded.
[    0.352842] ACPI: bus type USB registered
[    0.352842] usbcore: registered new interface driver usbfs
[    0.352842] usbcore: registered new interface driver hub
[    0.352842] usbcore: registered new device driver usb
[    0.352842] pps_core: LinuxPPS API ver. 1 registered
[    0.352842] pps_core: Software ver. 5.3.6 - Copyright 2005-2007 Rodolfo Giometti <giometti@linux.it>
[    0.352842] PTP clock support registered
[    0.352842] EDAC MC: Ver: 3.0.0
[    0.352842] efivars: Registered efivars operations
[    0.352908] NetLabel: Initializing
[    0.352910] NetLabel:  domain hash size = 128
[    0.352912] NetLabel:  protocols = UNLABELED CIPSOv4 CALIPSO
[    0.352933] NetLabel:  unlabeled traffic allowed by default
[    0.353642] mctp: management component transport protocol core
[    0.353642] NET: Registered PF_MCTP protocol family
[    0.353644] PCI: Using ACPI for IRQ routing
[    0.375994] PCI: pci_cache_line_size set to 64 bytes
[    0.376042] pci 0000:00:1f.5: BAR 0 [mem 0xfe010000-0xfe010fff]: can't claim; no compatible bridge window
[    0.376083] e820: reserve RAM buffer [mem 0x0009e000-0x0009ffff]
[    0.376085] e820: reserve RAM buffer [mem 0x6c3f4000-0x6fffffff]
[    0.376087] e820: reserve RAM buffer [mem 0x6eae8000-0x6fffffff]
[    0.376088] e820: reserve RAM buffer [mem 0x723d3000-0x73ffffff]
[    0.376089] e820: reserve RAM buffer [mem 0x76000000-0x77ffffff]
[    0.376090] e820: reserve RAM buffer [mem 0x27fc00000-0x27fffffff]
[    0.376625] pci 0000:00:02.0: vgaarb: setting as boot VGA device
[    0.376628] pci 0000:00:02.0: vgaarb: bridge control possible
[    0.376630] pci 0000:00:02.0: vgaarb: VGA device added: decodes=io+mem,owns=io+mem,locks=none
[    0.376635] vgaarb: loaded
[    0.376759] clocksource: Switched to clocksource tsc-early
[    0.377283] VFS: Disk quotas dquot_6.6.0
[    0.377301] VFS: Dquot-cache hash table entries: 512 (order 0, 4096 bytes)
[    0.377654] AppArmor: AppArmor Filesystem Enabled
[    0.377691] pnp: PnP ACPI init
[    0.377972] system 00:00: [io  0x0a00-0x0a1f] has been reserved
[    0.377977] system 00:00: [io  0x0a20-0x0a2f] has been reserved
[    0.377979] system 00:00: [io  0x0a30-0x0a3f] has been reserved
[    0.378191] system 00:01: [io  0x0680-0x069f] has been reserved
[    0.378195] system 00:01: [io  0x164e-0x164f] has been reserved
[    0.378756] pnp 00:02: disabling [mem 0xc0000000-0xcfffffff] because it overlaps 0000:00:02.0 BAR 9 [mem 0x00000000-0xdfffffff 64bit pref]
[    0.378781] system 00:02: [mem 0xfedc0000-0xfedc7fff] has been reserved
[    0.378783] system 00:02: [mem 0xfeda0000-0xfeda0fff] has been reserved
[    0.378786] system 00:02: [mem 0xfeda1000-0xfeda1fff] has been reserved
[    0.378788] system 00:02: [mem 0xfed20000-0xfed7ffff] could not be reserved
[    0.378791] system 00:02: [mem 0xfed90000-0xfed93fff] has been reserved
[    0.378793] system 00:02: [mem 0xfed45000-0xfed8ffff] could not be reserved
[    0.378795] system 00:02: [mem 0xfee00000-0xfeefffff] could not be reserved
[    0.379636] system 00:03: [io  0x2000-0x20fe] has been reserved
[    0.380573] pnp: PnP ACPI: found 5 devices
[    0.386351] clocksource: acpi_pm: mask: 0xffffff max_cycles: 0xffffff, max_idle_ns: 2085701024 ns
[    0.386404] NET: Registered PF_INET protocol family
[    0.386542] IP idents hash table entries: 131072 (order: 8, 1048576 bytes, linear)
[    0.400651] tcp_listen_portaddr_hash hash table entries: 4096 (order: 4, 65536 bytes, linear)
[    0.400704] Table-perturb hash table entries: 65536 (order: 6, 262144 bytes, linear)
[    0.400773] TCP established hash table entries: 65536 (order: 7, 524288 bytes, linear)
[    0.401032] TCP bind hash table entries: 65536 (order: 9, 2097152 bytes, linear)
[    0.401123] TCP: Hash tables configured (established 65536 bind 65536)
[    0.401203] MPTCP token hash table entries: 8192 (order: 6, 196608 bytes, linear)
[    0.401244] UDP hash table entries: 4096 (order: 6, 262144 bytes, linear)
[    0.401286] UDP-Lite hash table entries: 4096 (order: 6, 262144 bytes, linear)
[    0.401345] NET: Registered PF_UNIX/PF_LOCAL protocol family
[    0.401415] NET: Registered PF_XDP protocol family
[    0.401426] pci_bus 0000:00: max bus depth: 1 pci_try_num: 2
[    0.401440] pci 0000:00:02.0: VF BAR 2 [mem 0x4020000000-0x40ffffffff 64bit pref]: assigned
[    0.401447] pci 0000:00:02.0: VF BAR 0 [mem 0x4010000000-0x4016ffffff 64bit]: assigned
[    0.401451] pci 0000:00:15.0: BAR 0 [mem 0x4017000000-0x4017000fff 64bit]: assigned
[    0.401470] pci 0000:00:15.2: BAR 0 [mem 0x4017001000-0x4017001fff 64bit]: assigned
[    0.401486] pci 0000:00:15.3: BAR 0 [mem 0x4017002000-0x4017002fff 64bit]: assigned
[    0.401503] pci 0000:00:1f.5: BAR 0 [mem 0x80704000-0x80704fff]: assigned
[    0.401516] pci 0000:00:1c.0: PCI bridge to [bus 01]
[    0.401520] pci 0000:00:1c.0:   bridge window [io  0x4000-0x4fff]
[    0.401525] pci 0000:00:1c.0:   bridge window [mem 0x80600000-0x806fffff]
[    0.401532] pci 0000:00:1d.0: PCI bridge to [bus 02]
[    0.401537] pci 0000:00:1d.0:   bridge window [mem 0x80500000-0x805fffff]
[    0.401545] pci 0000:00:1d.2: PCI bridge to [bus 03]
[    0.401548] pci 0000:00:1d.2:   bridge window [io  0x3000-0x3fff]
[    0.401552] pci 0000:00:1d.2:   bridge window [mem 0x80400000-0x804fffff]
[    0.401560] pci_bus 0000:00: resource 4 [io  0x0000-0x0cf7 window]
[    0.401563] pci_bus 0000:00: resource 5 [io  0x0d00-0xffff window]
[    0.401565] pci_bus 0000:00: resource 6 [mem 0x000a0000-0x000bffff window]
[    0.401567] pci_bus 0000:00: resource 7 [mem 0x000e0000-0x000fffff window]
[    0.401569] pci_bus 0000:00: resource 8 [mem 0x80400000-0xbfffffff window]
[    0.401571] pci_bus 0000:00: resource 9 [mem 0x4000000000-0x7fffffffff window]
[    0.401574] pci_bus 0000:01: resource 0 [io  0x4000-0x4fff]
[    0.401576] pci_bus 0000:01: resource 1 [mem 0x80600000-0x806fffff]
[    0.401578] pci_bus 0000:02: resource 1 [mem 0x80500000-0x805fffff]
[    0.401580] pci_bus 0000:03: resource 0 [io  0x3000-0x3fff]
[    0.401582] pci_bus 0000:03: resource 1 [mem 0x80400000-0x804fffff]
[    0.402155] PCI: CLS 64 bytes, default 64
[    0.402189] PCI-DMA: Using software bounce buffering for IO (SWIOTLB)
[    0.402191] software IO TLB: mapped [mem 0x00000000639ff000-0x00000000679ff000] (64MB)
[    0.402281] Trying to unpack rootfs image as initramfs...
[    0.405018] clocksource: tsc: mask: 0xffffffffffffffff max_cycles: 0xb9fb05486c, max_idle_ns: 440795231721 ns
[    0.405081] clocksource: Switched to clocksource tsc
[    0.405140] platform rtc_cmos: registered platform RTC device (no PNP device found)
[    0.434951] Initialise system trusted keyrings
[    0.434967] Key type blacklist registered
[    0.435088] workingset: timestamp_bits=36 max_order=21 bucket_order=0
[    0.435330] squashfs: version 4.0 (2009/01/31) Phillip Lougher
[    0.435477] fuse: init (API version 7.45)
[    0.435711] integrity: Platform Keyring initialized
[    0.435718] integrity: Machine keyring initialized
[    0.444871] Key type asymmetric registered
[    0.444879] Asymmetric key parser 'x509' registered
[    0.444914] Block layer SCSI generic (bsg) driver version 0.4 loaded (major 242)
[    0.445037] io scheduler mq-deadline registered
[    0.445486] ledtrig-cpu: registered to indicate activity on CPUs
[    0.446002] pcieport 0000:00:1c.0: AER: enabled with IRQ 120
[    0.446493] pcieport 0000:00:1d.0: AER: enabled with IRQ 121
[    0.446885] pcieport 0000:00:1d.2: AER: enabled with IRQ 122
[    0.447188] input: Sleep Button as /devices/LNXSYSTM:00/LNXSYBUS:00/PNP0C0E:00/input/input0
[    0.447212] ACPI: button: Sleep Button [SLPB]
[    0.447239] input: Power Button as /devices/LNXSYSTM:00/LNXSYBUS:00/PNP0C0C:00/input/input1
[    0.447254] ACPI: button: Power Button [PWRB]
[    0.447276] input: Power Button as /devices/LNXSYSTM:00/LNXPWRBN:00/input/input2
[    0.447347] ACPI: button: Power Button [PWRF]
[    0.449196] thermal LNXTHERM:00: registered as thermal_zone0
[    0.449203] ACPI: thermal: Thermal Zone [TZ00] (28 C)
[    0.449402] Serial: 8250/16550 driver, 32 ports, IRQ sharing enabled
[    0.472181] serial8250: ttyS0 at I/O 0x3f8 (irq = 4, base_baud = 115200) is a 16550A
[    0.474469] hpet_acpi_add: no address or irqs in _CRS
[    0.474523] Linux agpgart interface v0.103
[    0.480107] ACPI: bus type drm_connector registered
[    0.482973] loop: module loaded
[    0.483277] tun: Universal TUN/TAP device driver, 1.6
[    0.483307] PPP generic driver version 2.4.2
[    0.483645] xhci_hcd 0000:00:14.0: xHCI Host Controller
[    0.483654] xhci_hcd 0000:00:14.0: new USB bus registered, assigned bus number 1
[    0.484828] xhci_hcd 0000:00:14.0: hcc params 0x20007fc1 hci version 0x120 quirks 0x0000100200009810
[    0.485137] xhci_hcd 0000:00:14.0: xHCI Host Controller
[    0.485143] xhci_hcd 0000:00:14.0: new USB bus registered, assigned bus number 2
[    0.485147] xhci_hcd 0000:00:14.0: Host supports USB 3.1 Enhanced SuperSpeed
[    0.485197] usb usb1: New USB device found, idVendor=1d6b, idProduct=0002, bcdDevice= 6.18
[    0.485202] usb usb1: New USB device strings: Mfr=3, Product=2, SerialNumber=1
[    0.485205] usb usb1: Product: xHCI Host Controller
[    0.485207] usb usb1: Manufacturer: Linux 6.18.1-061801-generic xhci-hcd
[    0.485210] usb usb1: SerialNumber: 0000:00:14.0
[    0.485367] hub 1-0:1.0: USB hub found
[    0.485390] hub 1-0:1.0: 12 ports detected
[    0.487748] usb usb2: New USB device found, idVendor=1d6b, idProduct=0003, bcdDevice= 6.18
[    0.487755] usb usb2: New USB device strings: Mfr=3, Product=2, SerialNumber=1
[    0.487758] usb usb2: Product: xHCI Host Controller
[    0.487760] usb usb2: Manufacturer: Linux 6.18.1-061801-generic xhci-hcd
[    0.487762] usb usb2: SerialNumber: 0000:00:14.0
[    0.487837] hub 2-0:1.0: USB hub found
[    0.487853] hub 2-0:1.0: 4 ports detected
[    0.488760] i8042: PNP: No PS/2 controller found.
[    0.488817] mousedev: PS/2 mouse device common for all mice
[    0.488929] rtc_cmos rtc_cmos: RTC can wake from S4
[    0.489845] rtc_cmos rtc_cmos: registered as rtc0
[    0.490033] rtc_cmos rtc_cmos: setting system clock to 2026-01-07T08:36:19 UTC (1767774979)
[    0.490069] rtc_cmos rtc_cmos: alarms up to one month, y3k, 114 bytes nvram
[    0.490078] i2c_dev: i2c /dev entries driver
[    0.490173] device-mapper: core: CONFIG_IMA_DISABLE_HTABLE is disabled. Duplicate IMA measurements will not be recorded in the IMA log.
[    0.490262] device-mapper: uevent: version 1.0.3
[    0.490301] device-mapper: ioctl: 4.50.0-ioctl (2025-04-28) initialised: dm-devel@lists.linux.dev
[    0.490309] intel_pstate: Intel P-state driver initializing
[    0.490527] intel_pstate: HWP enabled
[    0.490650] simple-framebuffer simple-framebuffer.0: [drm:drm_sysfb_build_fourcc_list] adding native format XR24 little-endian (0x34325258)
[    0.490717] simple-framebuffer simple-framebuffer.0: [drm:drm_sysfs_connector_add] [CONNECTOR:37:Unknown-1] adding connector to sysfs
[    0.490736] simple-framebuffer simple-framebuffer.0: [drm:drm_sysfs_connector_hotplug_event] [CONNECTOR:37:Unknown-1] generating connector hotplug event
[    0.490742] simple-framebuffer simple-framebuffer.0: [drm] Registered 1 planes with drm panic
[    0.490746] [drm] Initialized simpledrm 1.0.0 for simple-framebuffer.0 on minor 0
[    0.490761] simple-framebuffer simple-framebuffer.0: [drm:drm_client_modeset_probe] 
[    0.490765] simple-framebuffer simple-framebuffer.0: [drm:drm_helper_probe_single_connector_modes] [CONNECTOR:37:Unknown-1]
[    0.490769] simple-framebuffer simple-framebuffer.0: [drm:drm_helper_probe_single_connector_modes] [CONNECTOR:37:Unknown-1] status updated from unknown to connected
[    0.490787] simple-framebuffer simple-framebuffer.0: [drm:drm_helper_probe_single_connector_modes] [CONNECTOR:37:Unknown-1] probed modes:
[    0.490790] simple-framebuffer simple-framebuffer.0: [drm:drm_helper_probe_single_connector_modes] Probed mode: "3840x2160": 60 497664 3840 3840 3840 3840 2160 2160 2160 2160 0x48 0x0
[    0.490794] simple-framebuffer simple-framebuffer.0: [drm:drm_client_connectors_enabled] [CONNECTOR:37:Unknown-1] enabled? yes
[    0.490800] simple-framebuffer simple-framebuffer.0: [drm:drm_client_firmware_config.isra.0] Not using firmware configuration
[    0.490803] simple-framebuffer simple-framebuffer.0: [drm:drm_client_target_preferred.isra.0] [CONNECTOR:37:Unknown-1] found preferred mode: 3840x2160
[    0.490805] simple-framebuffer simple-framebuffer.0: [drm:drm_client_modeset_probe] picking CRTCs for 4096x4096 config
[    0.490808] simple-framebuffer simple-framebuffer.0: [drm:drm_client_modeset_probe] [CRTC:35:crtc-0] desired mode 3840x2160 set (0,0)
[    0.490811] simple-framebuffer simple-framebuffer.0: [drm:__drm_fb_helper_find_sizes] test CRTC 0 primary plane
[    0.490816] simple-framebuffer simple-framebuffer.0: [drm:drm_fbdev_shmem_driver_fbdev_probe] surface width(3840), height(2160) and bpp(32)
[    0.490837] simple-framebuffer simple-framebuffer.0: [drm:drm_mode_addfb2] [FB:38]
[    0.507567] Console: switching to colour frame buffer device 240x67
[    0.523702] Freeing initrd memory: 73532K
[    0.524206] simple-framebuffer simple-framebuffer.0: [drm] fb0: simpledrmdrmfb frame buffer device
[    0.524674] drop_monitor: Initializing network drop monitor service
[    0.524984] NET: Registered PF_INET6 protocol family
[    0.525781] Segment Routing with IPv6
[    0.525889] In-situ OAM (IOAM) with IPv6
[    0.525943] NET: Registered PF_PACKET protocol family
[    0.526146] Key type dns_resolver registered
[    0.530363] ENERGY_PERF_BIAS: Set to 'normal', was 'performance'
[    0.530558] microcode: Current revision: 0x0000001d
[    0.530581] microcode: Updated early from: 0x0000000e
[    0.530821] resctrl: L2 allocation detected
[    0.530954] IPI shorthand broadcast: enabled
[    0.532331] sched_clock: Marking stable (525000749, 6986915)->(563033089, -31045425)
[    0.532716] registered taskstats version 1
[    0.533080] Loading compiled-in X.509 certificates
[    0.533799] Loaded X.509 cert 'Build time autogenerated kernel key: 0e6055528e053f614d3e6dfec489b1c794fa3de6'
[    0.534378] Loaded X.509 cert 'Canonical Ltd. Live Patch Signing 2025 Kmod: d541cef61dc7e793b7eb7e899970a2eef0b5dc8c'
[    0.534958] Loaded X.509 cert 'Canonical Ltd. Live Patch Signing: 14df34d1a87cf37625abec039ef2bf521249b969'
[    0.535534] Loaded X.509 cert 'Canonical Ltd. Kernel Module Signing: 88f752e560a1e0737e31163a466ad7b70a850c19'
[    0.535561] blacklist: Loading compiled-in revocation X.509 certificates
[    0.535712] Loaded X.509 cert 'Canonical Ltd. Secure Boot Signing: 61482aa2830d0ab2ad5af10b7250da9033ddcef0'
[    0.535823] Loaded X.509 cert 'Canonical Ltd. Secure Boot Signing (2017): 242ade75ac4a15e50d50c84b0d45ff3eae707a03'
[    0.535996] Loaded X.509 cert 'Canonical Ltd. Secure Boot Signing (ESM 2018): 365188c1d374d6b07c3c8f240f8ef722433d6a8b'
[    0.536118] Loaded X.509 cert 'Canonical Ltd. Secure Boot Signing (2019): c0746fd6c5da3ae827864651ad66ae47fe24b3e8'
[    0.536235] Loaded X.509 cert 'Canonical Ltd. Secure Boot Signing (2021 v1): a8d54bbb3825cfb94fa13c9f8a594a195c107b8d'
[    0.536357] Loaded X.509 cert 'Canonical Ltd. Secure Boot Signing (2021 v2): 4cf046892d6fd3c9a5b03f98d845f90851dc6a8c'
[    0.536529] Loaded X.509 cert 'Canonical Ltd. Secure Boot Signing (2021 v3): 100437bb6de6e469b581e61cd66bce3ef4ed53af'
[    0.536566] Loaded X.509 cert 'Canonical Ltd. Secure Boot Signing (Ubuntu Core 2019): c1d57b8f6b743f23ee41f4f7ee292f06eecadfb9'
[    0.540546] Demotion targets for Node 0: null
[    0.540761] Key type .fscrypt registered
[    0.540809] Key type fscrypt-provisioning registered
[    0.540921] Key type big_key registered
[    0.540968] Key type trusted registered
[    0.550529] Key type encrypted registered
[    0.550551] AppArmor: AppArmor sha256 policy hashing enabled
[    0.550933] Loading compiled-in module X.509 certificates
[    0.551482] Loaded X.509 cert 'Build time autogenerated kernel key: 0e6055528e053f614d3e6dfec489b1c794fa3de6'
[    0.551517] ima: Allocated hash algorithm: sha256
[    0.587110] ima: No architecture policies found
[    0.587334] evm: Initialising EVM extended attributes:
[    0.587405] evm: security.selinux
[    0.591020] evm: security.SMACK64
[    0.593760] evm: security.SMACK64EXEC
[    0.596013] evm: security.SMACK64TRANSMUTE
[    0.597956] evm: security.SMACK64MMAP
[    0.599759] evm: security.apparmor
[    0.601424] evm: security.ima
[    0.602954] evm: security.capability
[    0.604374] evm: HMAC attrs: 0x1
[    0.606624] PM:   Magic number: 10:920:623
[    0.610956] RAS: Correctable Errors collector initialized.
[    0.620461] clk: Disabling unused clocks
[    0.624066] PM: genpd: Disabling unused power domains
[    0.628135] Freeing unused decrypted memory: 2028K
[    0.631815] Freeing unused kernel image (initmem) memory: 5184K
[    0.633893] Write protecting the kernel read-only data: 43008k
[    0.636776] Freeing unused kernel image (text/rodata gap) memory: 1532K
[    0.639425] Freeing unused kernel image (rodata/data gap) memory: 1500K
[    0.676782] x86/mm: Checked W+X mappings: passed, no W+X pages found.
[    0.681111] Run /init as init process
[    0.682941]   with arguments:
[    0.682945]     /init
[    0.682946]   with environment:
[    0.682947]     HOME=/
[    0.682948]     TERM=linux
[    0.735009] usb 1-3: new high-speed USB device number 2 using xhci_hcd
[    0.855256] intel-lpss 0000:00:15.0: enabling device (0004 -> 0006)
[    0.863492] sdhci: Secure Digital Host Controller Interface driver
[    0.863933] idma64 idma64.0: Found Intel integrated DMA 64-bit
[    0.865317] sdhci: Copyright(c) Pierre Ossman
[    0.875614] usb 1-3: New USB device found, idVendor=2109, idProduct=2811, bcdDevice=90.10
[    0.877831] usb 1-3: New USB device strings: Mfr=0, Product=1, SerialNumber=0
[    0.880041] usb 1-3: Product: USB 2.0 HUB
                     
[    0.882106] r8169 0000:03:00.0: can't disable ASPM; OS doesn't have ASPM control
[    0.884804] ahci 0000:00:17.0: AHCI vers 0001.0301, 32 command slots, 6 Gbps, SATA mode
[    0.888106] ahci 0000:00:17.0: 1/1 ports implemented (port mask 0x2)
[    0.890229] ahci 0000:00:17.0: flags: 64bit ncq sntf pm clo only pio slum part deso sadm sds 
[    0.895960] Key type psk registered
[    0.896728] hub 1-3:1.0: USB hub found
[    0.900487] hub 1-3:1.0: 4 ports detected
[    0.908442] sdhci-pci 0000:00:1a.0: SDHCI controller found [8086:54c4] (rev 0)
[    0.910604] intel-lpss 0000:00:15.2: enabling device (0004 -> 0006)
[    0.911079] r8169 0000:03:00.0 eth0: RTL8168h/8111h, e0:51:d8:15:09:5d, XID 541, IRQ 125
[    0.914045] idma64 idma64.1: Found Intel integrated DMA 64-bit
[    0.914091] r8169 0000:03:00.0 eth0: jumbo features [frames: 9194 bytes, tx checksumming: ko]
[    0.917538] scsi host0: ahci
[    0.918912] mmc0: CQHCI version 5.10
[    0.922135] mmc0: SDHCI controller on PCI [0000:00:1a.0] using ADMA 64-bit
[    0.935270] intel-lpss 0000:00:15.3: enabling device (0004 -> 0006)
[    0.935886] scsi host1: ahci
[    0.944874] ata1: DUMMY
[    0.944953] nvme 0000:02:00.0: platform quirk: setting simple suspend
[    0.946783] ata2: SATA max UDMA/133 abar m2048@0x80702000 port 0x80702180 irq 124 lpm-pol 4
[    0.949224] nvme nvme0: pci function 0000:02:00.0
[    0.960678] idma64 idma64.2: Found Intel integrated DMA 64-bit
[    0.977804] r8169 0000:03:00.0 enp3s0: renamed from eth0
[    0.986087] usb 2-2: new SuperSpeed Plus Gen 2x1 USB device number 2 using xhci_hcd
[    1.000119] usb 2-2: New USB device found, idVendor=1058, idProduct=25f3, bcdDevice=10.12
[    1.001291] usb 2-2: New USB device strings: Mfr=2, Product=3, SerialNumber=1
[    1.002567] usb 2-2: Product: My Passport 25F3
[    1.003783] usb 2-2: Manufacturer: Western Digital
[    1.005031] usb 2-2: SerialNumber: 313930393932343430363134
[    1.111157] usb 1-6: new full-speed USB device number 3 using xhci_hcd
[    1.121932] mmc0: Failed to initialize a non-removable card
[    1.152412] nvme nvme0: allocated 64 MiB host memory buffer (16 segments).
[    1.189886] nvme nvme0: 4/0/0 default/read/poll queues
[    1.215957] nvme nvme0: Ignoring bogus Namespace Identifiers
[    1.224872]  nvme0n1: p1 p2
[    1.245831] usb 1-6: New USB device found, idVendor=0573, idProduct=1573, bcdDevice=80.07
[    1.249240] usb 1-6: New USB device strings: Mfr=1, Product=2, SerialNumber=3
[    1.252182] usb 1-6: Product: USB Audio and HID
[    1.254547] usb 1-6: Manufacturer: CSCTEK
[    1.256611] usb 1-6: SerialNumber: A34004801402
[    1.267639] ata2: SATA link down (SStatus 4 SControl 300)
[    1.356309] usb 2-4: new SuperSpeed Plus Gen 2x1 USB device number 3 using xhci_hcd
[    1.383670] usb 2-4: New USB device found, idVendor=04e8, idProduct=61f5, bcdDevice= 1.00
[    1.388118] usb 2-4: New USB device strings: Mfr=2, Product=3, SerialNumber=1
[    1.391569] usb 2-4: Product: Portable SSD T5
[    1.394118] usb 2-4: Manufacturer: Samsung
[    1.396153] usb 2-4: SerialNumber: 123456895F0E
[    1.410105] usbcore: registered new interface driver usb-storage
[    1.419266] scsi host2: uas
[    1.426440] scsi host3: uas
[    1.428226] usbcore: registered new interface driver uas
[    1.428701] scsi 2:0:0:0: Direct-Access     WD       My Passport 25F3 1012 PQ: 0 ANSI: 6
[    1.431321] scsi 3:0:0:0: Direct-Access     Samsung  Portable SSD T5  0    PQ: 0 ANSI: 6
[    1.436187] scsi 2:0:0:1: Enclosure         WD       SES Device       1012 PQ: 0 ANSI: 6
[    1.440457] sd 2:0:0:0: Attached scsi generic sg0 type 0
[    1.442828] scsi 2:0:0:1: Attached scsi generic sg1 type 13
[    1.445419] sd 3:0:0:0: Attached scsi generic sg2 type 0
[    1.445425] sd 2:0:0:0: [sda] 2000343040 512-byte logical blocks: (1.02 TB/954 GiB)
[    1.449368] sd 3:0:0:0: [sdb] 3907029168 512-byte logical blocks: (2.00 TB/1.82 TiB)
[    1.449714] sd 2:0:0:0: [sda] 4096-byte physical blocks
[    1.451967] sd 3:0:0:0: [sdb] Write Protect is off
[    1.454057] sd 2:0:0:0: [sda] Write Protect is off
[    1.455936] sd 3:0:0:0: [sdb] Mode Sense: 43 00 00 00
[    1.457937] sd 2:0:0:0: [sda] Mode Sense: 67 00 10 08
[    1.458231] sd 3:0:0:0: [sdb] Write cache: enabled, read cache: enabled, doesn't support DPO or FUA
[    1.458267] sd 2:0:0:0: [sda] Write cache: enabled, read cache: enabled, supports DPO and FUA
[    1.459072] usb 1-3.2: new high-speed USB device number 4 using xhci_hcd
[    1.489479] sd 2:0:0:0: [sda] Preferred minimum I/O size 4096 bytes
[    1.489479] sd 3:0:0:0: [sdb] Preferred minimum I/O size 512 bytes
[    1.489485] sd 3:0:0:0: [sdb] Optimal transfer size 33553920 bytes
[    1.491269] sd 2:0:0:0: [sda] Optimal transfer size 1048576 bytes
[    1.513261]  sdb: sdb1
[    1.517391] sd 3:0:0:0: [sdb] Attached SCSI disk
[    1.522840]  sda: sda1
[    1.525526] sd 2:0:0:0: [sda] Attached SCSI disk
[    1.547671] usb 1-3.2: New USB device found, idVendor=05e3, idProduct=0718, bcdDevice= 0.41
[    1.549414] usb 1-3.2: New USB device strings: Mfr=0, Product=1, SerialNumber=2
[    1.551919] usb 1-3.2: Product: USB Storage
[    1.554390] usb 1-3.2: SerialNumber: 000000000033
[    1.564666] usb-storage 1-3.2:1.0: USB Mass Storage device detected
[    1.572938] scsi host4: usb-storage 1-3.2:1.0
[    1.658207] usb 1-8: new full-speed USB device number 5 using xhci_hcd
[    1.792552] usb 1-8: New USB device found, idVendor=0bda, idProduct=c821, bcdDevice= 1.10
[    1.796722] usb 1-8: New USB device strings: Mfr=1, Product=2, SerialNumber=3
[    1.798840] usb 1-8: Product: Bluetooth Radio 
[    1.800050] usb 1-8: Manufacturer: Realtek 
[    1.801273] usb 1-8: SerialNumber: 00e04c000001
[    1.819616] hid: raw HID events driver (C) Jiri Kosina
[    1.826031] usbhid 1-6:1.3: couldn't find an input interrupt endpoint
[    1.828037] usbcore: registered new interface driver usbhid
[    1.829862] usbhid: USB HID core driver
[    1.866210] usb 1-3.3: new full-speed USB device number 6 using xhci_hcd
[    1.969166] usb 1-3.3: New USB device found, idVendor=046d, idProduct=c542, bcdDevice= 3.02
[    1.973184] usb 1-3.3: New USB device strings: Mfr=1, Product=2, SerialNumber=0
[    1.975389] usb 1-3.3: Product: Wireless Receiver
[    1.976587] usb 1-3.3: Manufacturer: Logitech
[    2.067193] usb 1-3.4: new high-speed USB device number 7 using xhci_hcd
[    2.165255] usb 1-3.4: New USB device found, idVendor=05ca, idProduct=0453, bcdDevice= 1.00
[    2.169296] usb 1-3.4: New USB device strings: Mfr=1, Product=2, SerialNumber=3
[    2.172547] usb 1-3.4: Product: SP 150
[    2.174857] usb 1-3.4: Manufacturer: RICOH
[    2.176834] usb 1-3.4: SerialNumber: Y066M305367
[    2.196026] input: Logitech Wireless Receiver Mouse as /devices/pci0000:00/0000:00:14.0/usb1/1-3/1-3.3/1-3.3:1.0/0003:046D:C542.0001/input/input3
[    2.201255] hid-generic 0003:046D:C542.0001: input,hidraw0: USB HID v1.11 Mouse [Logitech Wireless Receiver] on usb-0000:00:14.0-3.3/input0
[    2.243989] raid6: avx2x4   gen() 17731 MB/s
[    2.261989] raid6: avx2x2   gen() 22303 MB/s
[    2.279989] raid6: avx2x1   gen() 18600 MB/s
[    2.281287] raid6: using algorithm avx2x2 gen() 22303 MB/s
[    2.298988] raid6: .... xor() 14484 MB/s, rmw enabled
[    2.300343] raid6: using avx2x2 recovery algorithm
[    2.303163] xor: automatically using best checksumming function   avx       
[    2.306545] async_tx: api initialized (async)
[    2.434408] Btrfs loaded, zoned=yes, fsverity=yes
[    2.539496] EXT4-fs (nvme0n1p2): mounted filesystem f3b0e203-1f3d-408b-9074-e8041e5758ec ro with ordered data mode. Quota mode: none.
[    2.629456] scsi 4:0:0:0: Direct-Access     WDC WD25 00BEKT-00F3T0    0041 PQ: 0 ANSI: 0
[    2.635692] sd 4:0:0:0: Attached scsi generic sg3 type 0
[    2.636380] sd 4:0:0:0: [sdc] 488397168 512-byte logical blocks: (250 GB/233 GiB)
[    2.641811] sd 4:0:0:0: [sdc] Write Protect is off
[    2.644801] sd 4:0:0:0: [sdc] Mode Sense: 03 00 00 00
[    2.645371] sd 4:0:0:0: [sdc] No Caching mode page found
[    2.648069] sd 4:0:0:0: [sdc] Assuming drive cache: write through
[    2.675085]  sdc: sdc1
[    2.682405] sd 4:0:0:0: [sdc] Attached SCSI disk
[    2.685330] systemd[1]: Inserted module 'autofs4'
[    2.716268] systemd[1]: systemd 255.4-1ubuntu8.12 running in system mode (+PAM +AUDIT +SELINUX +APPARMOR +IMA +SMACK +SECCOMP +GCRYPT -GNUTLS +OPENSSL +ACL +BLKID +CURL +ELFUTILS +FIDO2 +IDN2 -IDN +IPTC +KMOD +LIBCRYPTSETUP +LIBFDISK +PCRE2 -PWQUALITY +P11KIT +QRENCODE +TPM2 +BZIP2 +LZ4 +XZ +ZLIB +ZSTD -BPF_FRAMEWORK -XKBCOMMON +UTMP +SYSVINIT default-hierarchy=unified)
[    2.723143] systemd[1]: Detected architecture x86-64.
[    2.735812] systemd[1]: Hostname set to <host>.
[    3.231380] systemd[1]: Queued start job for default target multi-user.target.
[    3.253329] systemd[1]: Created slice system-kmsconvt.slice - Slice /system/kmsconvt.
[    3.259901] systemd[1]: Created slice system-modprobe.slice - Slice /system/modprobe.
[    3.265956] systemd[1]: Created slice system-systemd\x2dfsck.slice - Slice /system/systemd-fsck.
[    3.271929] systemd[1]: Created slice system-wpa_supplicant.slice - Slice /system/wpa_supplicant.
[    3.277653] systemd[1]: Created slice user.slice - User and Session Slice.
[    3.283068] systemd[1]: Started systemd-ask-password-console.path - Dispatch Password Requests to Console Directory Watch.
[    3.288466] systemd[1]: Started systemd-ask-password-wall.path - Forward Password Requests to Wall Directory Watch.
[    3.294439] systemd[1]: Set up automount proc-sys-fs-binfmt_misc.automount - Arbitrary Executable File Formats File System Automount Point.
[    3.300082] systemd[1]: Expecting device dev-disk-by\x2duuid-5112\x2d8BC8.device - /dev/disk/by-uuid/5112-8BC8...
[    3.305639] systemd[1]: Expecting device sys-subsystem-net-devices-wlp1s0.device - /sys/subsystem/net/devices/wlp1s0...
[    3.311633] systemd[1]: Reached target cryptsetup.target - Local Encrypted Volumes.
[    3.317693] systemd[1]: Reached target integritysetup.target - Local Integrity Protected Volumes.
[    3.323782] systemd[1]: Reached target remote-fs.target - Remote File Systems.
[    3.329722] systemd[1]: Reached target slices.target - Slice Units.
[    3.335933] systemd[1]: Reached target snapd.mounts-pre.target - Mounting snaps.
[    3.342017] systemd[1]: Reached target veritysetup.target - Local Verity Protected Volumes.
[    3.348118] systemd[1]: Listening on dm-event.socket - Device-mapper event daemon FIFOs.
[    3.354796] systemd[1]: Listening on lvm2-lvmpolld.socket - LVM2 poll daemon socket.
[    3.361491] systemd[1]: Listening on syslog.socket - Syslog Socket.
[    3.368086] systemd[1]: Listening on systemd-fsckd.socket - fsck to fsckd communication Socket.
[    3.374384] systemd[1]: Listening on systemd-initctl.socket - initctl Compatibility Named Pipe.
[    3.381166] systemd[1]: Listening on systemd-journald-dev-log.socket - Journal Socket (/dev/log).
[    3.388073] systemd[1]: Listening on systemd-journald.socket - Journal Socket.
[    3.394977] systemd[1]: Listening on systemd-networkd.socket - Network Service Netlink Socket.
[    3.401876] systemd[1]: Listening on systemd-oomd.socket - Userspace Out-Of-Memory (OOM) Killer Socket.
[    3.408329] systemd[1]: systemd-pcrextend.socket - TPM2 PCR Extension (Varlink) was skipped because of an unmet condition check (ConditionSecurity=measured-uki).
[    3.412422] systemd[1]: Listening on systemd-udevd-control.socket - udev Control Socket.
[    3.419556] systemd[1]: Listening on systemd-udevd-kernel.socket - udev Kernel Socket.
[    3.443304] systemd[1]: Mounting dev-hugepages.mount - Huge Pages File System...
[    3.451446] systemd[1]: Mounting dev-mqueue.mount - POSIX Message Queue File System...
[    3.460825] systemd[1]: Mounting sys-kernel-debug.mount - Kernel Debug File System...
[    3.474215] systemd[1]: Mounting sys-kernel-tracing.mount - Kernel Trace File System...
[    3.484968] systemd[1]: Starting systemd-journald.service - Journal Service...
[    3.492467] systemd[1]: Finished blk-availability.service - Availability of block devices.
[    3.501927] systemd[1]: Starting keyboard-setup.service - Set the console keyboard layout...
[    3.510270] systemd-journald[307]: Collecting audit messages is disabled.
[    3.513674] systemd[1]: Starting kmod-static-nodes.service - Create List of Static Device Nodes...
[    3.530672] systemd[1]: Starting lvm2-monitor.service - Monitoring of LVM2 mirrors, snapshots etc. using dmeventd or progress polling...
[    3.562219] systemd[1]: Starting modprobe@configfs.service - Load Kernel Module configfs...
[    3.570858] systemd[1]: Starting modprobe@dm_mod.service - Load Kernel Module dm_mod...
[    3.580238] systemd[1]: Starting modprobe@drm.service - Load Kernel Module drm...
[    3.596031] systemd[1]: Starting modprobe@efi_pstore.service - Load Kernel Module efi_pstore...
[    3.605409] systemd[1]: Starting modprobe@fuse.service - Load Kernel Module fuse...
[    3.610008] pstore: Using crash dump compression: deflate
[    3.616429] pstore: Registered efi_pstore as persistent store backend
[    3.621898] systemd[1]: Starting modprobe@loop.service - Load Kernel Module loop...
[    3.629102] systemd[1]: netplan-ovs-cleanup.service - OpenVSwitch configuration for cleanup was skipped because of an unmet condition check (ConditionFileIsExecutable=/usr/bin/ovs-vsctl).
[    3.634802] systemd[1]: Starting nftables.service - nftables...
[    3.642244] systemd[1]: systemd-fsck-root.service - File System Check on Root Device was skipped because of an unmet condition check (ConditionPathExists=!/run/initramfs/fsck-root).
[    3.648199] systemd[1]: Starting systemd-modules-load.service - Load Kernel Modules...
[    3.658127] systemd[1]: Starting systemd-network-generator.service - Generate network units from Kernel command line...
[    3.666099] systemd[1]: systemd-pcrmachine.service - TPM2 PCR Machine ID Measurement was skipped because of an unmet condition check (ConditionSecurity=measured-uki).
[    3.672564] systemd[1]: Starting systemd-remount-fs.service - Remount Root and Kernel File Systems...
[    3.683027] systemd[1]: systemd-tpm2-setup-early.service - TPM2 SRK Setup (Early) was skipped because of an unmet condition check (ConditionSecurity=measured-uki).
[    3.687592] lp: driver loaded but no devices found
[    3.696060] ppdev: user-space parallel port driver
[    3.696859] systemd[1]: Starting systemd-udev-trigger.service - Coldplug All udev Devices...
[    3.711201] systemd[1]: Started systemd-journald.service - Journal Service.
[    3.711560] EXT4-fs (nvme0n1p2): re-mounted f3b0e203-1f3d-408b-9074-e8041e5758ec r/w.
[    3.818499] Adding 4194300k swap on /swap.img.  Priority:-2 extents:35 across:122413056k SS
[    3.859542] systemd-journald[307]: Received client request to flush runtime journal.
[    3.893434] systemd-journald[307]: /var/log/journal/86028f6a1f40468db901fea04184ca2c/system.journal: Journal file uses a different sequence number ID, rotating.
[    3.893445] systemd-journald[307]: Rotating system journal.
[    3.980422] loop0: detected capacity change from 0 to 8
[    3.985044] loop1: detected capacity change from 0 to 90952
[    3.995760] loop2: detected capacity change from 0 to 130608
[    4.000027] loop3: detected capacity change from 0 to 151456
[    4.007846] loop4: detected capacity change from 0 to 136896
[    4.014514] loop5: detected capacity change from 0 to 513656
[    4.020039] loop6: detected capacity change from 0 to 37864
[    4.026504] loop7: detected capacity change from 0 to 1057184
[    4.033108] loop8: detected capacity change from 0 to 187776
[    4.039885] loop9: detected capacity change from 0 to 22176
[    4.051266] loop10: detected capacity change from 0 to 1152
[    4.051266] loop11: detected capacity change from 0 to 104296
[    4.354781] input: Intel HID events as /devices/platform/INTC1070:00/input/input4
[    4.354920] intel-hid INTC1070:00: failed to enable HID power button
[    4.458980] intel_pmc_core INT33A1:00:  initialized
[    4.494426] audit: type=1400 audit(1767774983.502:2): apparmor="STATUS" operation="profile_load" profile="unconfined" name="Discord" pid=512 comm="apparmor_parser"
[    4.495029] audit: type=1400 audit(1767774983.503:3): apparmor="STATUS" operation="profile_load" profile="unconfined" name="QtWebEngineProcess" pid=514 comm="apparmor_parser"
[    4.495434] audit: type=1400 audit(1767774983.503:4): apparmor="STATUS" operation="profile_load" profile="unconfined" name="1password" pid=511 comm="apparmor_parser"
[    4.495600] audit: type=1400 audit(1767774983.503:5): apparmor="STATUS" operation="profile_load" profile="unconfined" name=4D6F6E676F444220436F6D70617373 pid=513 comm="apparmor_parser"
[    4.499407] audit: type=1400 audit(1767774983.507:6): apparmor="STATUS" operation="profile_load" profile="unconfined" name="buildah" pid=520 comm="apparmor_parser"
[    4.501211] audit: type=1400 audit(1767774983.509:7): apparmor="STATUS" operation="profile_load" profile="unconfined" name="busybox" pid=521 comm="apparmor_parser"
[    4.501475] audit: type=1400 audit(1767774983.509:8): apparmor="STATUS" operation="profile_load" profile="unconfined" name="brave" pid=519 comm="apparmor_parser"
[    4.502412] audit: type=1400 audit(1767774983.510:9): apparmor="STATUS" operation="profile_load" profile="unconfined" name="balena-etcher" pid=518 comm="apparmor_parser"
[    4.505192] audit: type=1400 audit(1767774983.513:10): apparmor="STATUS" operation="profile_load" profile="unconfined" name="ch-checkns" pid=524 comm="apparmor_parser"
[    4.548036] usblp 1-3.4:1.0: usblp0: USB Bidirectional printer dev 7 if 0 alt 0 proto 2 vid 0x05CA pid 0x0453
[    4.548116] usbcore: registered new interface driver usblp
[    4.577732] mc: Linux media interface: v0.10
[    4.580797] resource: resource sanity check: requesting [mem 0x00000000fedc0000-0x00000000fedcffff], which spans more than pnp 00:02 [mem 0xfedc0000-0xfedc7fff]
[    4.580811] caller igen6_register_mcis+0x4a/0x2d0 [igen6_edac] mapping multiple BARs
[    4.580899] EDAC MC0: Giving out device to module igen6_edac controller Intel_client_SoC MC#0: DEV 0000:00:00.0 (POLLED)
[    4.581158] EDAC igen6: v2.5.1
[    4.681761] scsi 2:0:0:1: Wrong diagnostic page; asked for 1 got 8
[    4.684150] scsi 2:0:0:1: Failed to get diagnostic page 0x1
[    4.684155] scsi 2:0:0:1: Failed to bind enclosure -19
[    4.695291] ses 2:0:0:1: Attached Enclosure device
[    4.761258] mei_me 0000:00:16.0: enabling device (0000 -> 0002)
[    4.774548] cfg80211: Loading compiled-in X.509 certificates for regulatory database
[    4.775232] Loaded X.509 cert 'sforshee: 00b28ddf47aef9cea7'
[    4.775475] Loaded X.509 cert 'wens: 61c038651aabdcf94bd0ac7ff06c7248db18c600'
[    4.798955] Bluetooth: Core ver 2.22
[    4.798983] NET: Registered PF_BLUETOOTH protocol family
[    4.798985] Bluetooth: HCI device and connection manager initialized
[    4.799003] Bluetooth: HCI socket layer initialized
[    4.799005] Bluetooth: L2CAP socket layer initialized
[    4.799009] Bluetooth: SCO socket layer initialized
[    4.840242] i801_smbus 0000:00:1f.4: enabling device (0000 -> 0003)
[    4.840595] i801_smbus 0000:00:1f.4: SPD Write Disable is set
[    4.840609] i801_smbus 0000:00:1f.4: SMBus using PCI interrupt
[    4.849289] i2c i2c-3: Successfully instantiated SPD at 0x50
[    4.857069] RAPL PMU: API unit is 2^-32 Joules, 2 fixed counters, 655360 ms ovfl timer
[    4.857076] RAPL PMU: hw unit of domain pp0-core 2^-14 Joules
[    4.857077] RAPL PMU: hw unit of domain package 2^-14 Joules
[    4.898033] Generic FE-GE Realtek PHY r8169-0-300:00: attached PHY driver (mii_bus:phy_addr=r8169-0-300:00, irq=MAC)
[    4.981564] Bluetooth: hci0: RTL: examining hci_ver=08 hci_rev=000c lmp_ver=08 lmp_subver=8821
[    4.982643] Bluetooth: hci0: RTL: rom_version status=0 version=1
[    4.984038] Bluetooth: hci0: RTL: btrtl_initialize: key id 0
[    4.984048] Bluetooth: hci0: RTL: loading rtl_bt/rtl8821c_fw.bin
[    4.987731] Bluetooth: hci0: RTL: loading rtl_bt/rtl8821c_config.bin
[    4.987875] Bluetooth: hci0: RTL: cfg_sz 10, total sz 34926
[    4.990884] usbcore: registered new interface driver btusb
[    5.020624] intel_tcc_cooling: TCC Offset locked
[    5.079135] bond0: (slave enp3s0): Enslaving as a backup interface with a down link
[    5.080319] r8169 0000:03:00.0 enp3s0: Link is Down
[    5.138937] spi-nor spi0.0: supply vcc not found, using dummy regulator
[    5.160121] Creating 1 MTD partitions on "0000:00:1f.5":
[    5.160131] 0x000000000000-0x000001000000 : "BIOS"
[    5.178856] rtw88_8821ce 0000:01:00.0: enabling device (0000 -> 0003)
[    5.187251] rtw88_8821ce 0000:01:00.0: Firmware version 24.11.0, H2C version 12
[    5.190479] ee1004 3-0050: 512 byte EE1004-compliant SPD EEPROM, read-only
[    5.224984] intel_rapl_msr: PL4 support detected.
[    5.225327] intel_rapl_common: Found RAPL domain package
[    5.225331] intel_rapl_common: Found RAPL domain core
[    5.225734] rtw88_8821ce 0000:01:00.0 wlp1s0: renamed from wlan0
[    5.263006] usb 1-6: Warning! Unlikely big volume range (=511), cval->res is probably wrong.
[    5.263011] usb 1-6: [5] FU [Mic Capture Volume] ch = 1, val = -8192/-1/16
[    5.266696] usb 1-6: Warning! Unlikely big volume range (=896), cval->res is probably wrong.
[    5.266700] usb 1-6: [6] FU [PCM Playback Volume] ch = 2, val = -16384/-2048/16
[    5.266956] usbcore: registered new interface driver snd-usb-audio
[    5.511572] Bluetooth: hci0: RTL: fw version 0x75b8f098
[    5.594019] Bluetooth: BNEP (Ethernet Emulation) ver 1.3
[    5.594023] Bluetooth: BNEP filters: protocol multicast
[    5.594029] Bluetooth: BNEP socket layer initialized
[    5.594128] xe 0000:00:02.0: Your graphics device 46d1 is not officially supported
               by xe driver in this kernel version. To force Xe probe,
               use xe.force_probe='46d1' and i915.force_probe='!46d1'
               module parameters or CONFIG_DRM_XE_FORCE_PROBE='46d1' and
               CONFIG_DRM_I915_FORCE_PROBE='!46d1' configuration options.
[    5.601256] Bluetooth: MGMT ver 1.23
[    5.608478] NET: Registered PF_ALG protocol family
[    5.690421] snd_hda_intel 0000:00:1f.3: enabling device (0000 -> 0002)
[    5.696657] bond0: (slave wlp1s0): Enslaving as a backup interface with a down link
[    5.758220] kauditd_printk_skb: 153 callbacks suppressed
[    5.758227] audit: type=1400 audit(1767774984.766:164): apparmor="STATUS" operation="profile_replace" info="same as current profile, skipping" profile="unconfined" name="rsyslogd" pid=833 comm="apparmor_parser"
[    5.962708] i915: loading out-of-tree module taints kernel.
[    5.962768] i915: module verification failed: signature and/or required key missing - tainting kernel
[    6.012488] nvme nvme0: using unchecked data buffer
[    6.076185] loop12: detected capacity change from 0 to 8
[    6.272155] audit: type=1400 audit(1767774985.280:165): apparmor="STATUS" operation="profile_replace" profile="unconfined" name="/usr/lib/snapd/snap-confine" pid=933 comm="apparmor_parser"
[    6.380410] audit: type=1400 audit(1767774985.388:166): apparmor="STATUS" operation="profile_replace" profile="unconfined" name="/usr/lib/snapd/snap-confine//mount-namespace-capture-helper" pid=933 comm="apparmor_parser"
[    6.425358] i915 0000:00:02.0: [drm] Found alderlake_p/alderlake_n (device ID 46d1) integrated display version 13.00 stepping D0
[    6.425525] i915 0000:00:02.0: [drm:intel_pch_type [i915]] Found Alder Lake PCH
[    6.425763] i915 0000:00:02.0: [drm:intel_dmc_wl_init [i915]] Sanitized enable_dmc_wl value: 0 (disabled)
[    6.426143] i915 0000:00:02.0: [drm:intel_display_device_info_runtime_init [i915]] rawclk rate: 19200 kHz
[    6.439427] Console: switching to colour dummy device 80x25
[    6.448099] simple-framebuffer simple-framebuffer.0: [drm:drm_mode_rmfb_work_fn] Removing [FB:38] from all active usage due to RMFB ioctl
[    6.448111] simple-framebuffer simple-framebuffer.0: [drm:atomic_remove_fb] Disabling [PLANE:33:plane-0] because [FB:38] is removed
[    6.448123] simple-framebuffer simple-framebuffer.0: [drm:atomic_remove_fb] Disabling [PLANE:33:plane-0] because [FB:38] is removed
[    6.448126] simple-framebuffer simple-framebuffer.0: [drm:atomic_remove_fb] Disabling [CRTC:35:crtc-0] because [FB:38] is removed
[    6.449419] simple-framebuffer simple-framebuffer.0: [drm:drm_client_release] fbdev
[    6.449444] simple-framebuffer simple-framebuffer.0: [drm:drm_sysfs_connector_remove] [CONNECTOR:37:Unknown-1] removing connector from sysfs
[    6.449933] i915 0000:00:02.0: vgaarb: deactivate vga console
[    6.450352] i915 0000:00:02.0: [drm] Using Transparent Hugepages
[    6.450418] i915 0000:00:02.0: [drm:intel_opregion_setup [i915]] Found valid VBT in ACPI OpRegion (RVDA)
[    6.450643] i915 0000:00:02.0: [drm:intel_dram_detect [i915]] DRAM type: DDR4
[    6.450789] i915 0000:00:02.0: [drm:intel_dram_detect [i915]] DRAM channels: 1
[    6.450930] i915 0000:00:02.0: [drm:intel_dram_detect [i915]] Num QGV points 4
[    6.451090] i915 0000:00:02.0: [drm:intel_dram_detect [i915]] Num PSF GV points 3
[    6.451235] i915 0000:00:02.0: [drm:icl_get_qgv_points.constprop.0 [i915]] QGV 0: DCLK=2134 tRP=15 tRDPRE=8 tRAS=35 tRCD=15 tRC=50
[    6.451459] i915 0000:00:02.0: [drm:icl_get_qgv_points.constprop.0 [i915]] QGV 1: DCLK=2668 tRP=19 tRDPRE=10 tRAS=43 tRCD=19 tRC=62
[    6.451656] i915 0000:00:02.0: [drm:icl_get_qgv_points.constprop.0 [i915]] QGV 2: DCLK=2668 tRP=19 tRDPRE=10 tRAS=43 tRCD=19 tRC=62
[    6.451848] i915 0000:00:02.0: [drm:icl_get_qgv_points.constprop.0 [i915]] QGV 3: DCLK=2668 tRP=19 tRDPRE=10 tRAS=43 tRCD=19 tRC=62
[    6.453796] i915 0000:00:02.0: [drm:icl_get_qgv_points.constprop.0 [i915]] PSF GV 0: CLK=32
[    6.454032] i915 0000:00:02.0: [drm:icl_get_qgv_points.constprop.0 [i915]] PSF GV 1: CLK=38
[    6.454230] i915 0000:00:02.0: [drm:icl_get_qgv_points.constprop.0 [i915]] PSF GV 2: CLK=48
[    6.454411] i915 0000:00:02.0: [drm:tgl_get_bw_info.isra.0 [i915]] BW0 / QGV 0: num_planes=0 deratedbw=5532 peakbw: 17072
[    6.454593] i915 0000:00:02.0: [drm:tgl_get_bw_info.isra.0 [i915]] BW0 / QGV 1: num_planes=0 deratedbw=6505 peakbw: 21344
[    6.454754] i915 0000:00:02.0: [drm:tgl_get_bw_info.isra.0 [i915]] BW0 / QGV 2: num_planes=0 deratedbw=6505 peakbw: 21344
[    6.454959] i915 0000:00:02.0: [drm:tgl_get_bw_info.isra.0 [i915]] BW0 / QGV 3: num_planes=0 deratedbw=6505 peakbw: 21344
[    6.455159] i915 0000:00:02.0: [drm:tgl_get_bw_info.isra.0 [i915]] BW0 / PSF GV 0: num_planes=0 bw=34133
[    6.455323] i915 0000:00:02.0: [drm:tgl_get_bw_info.isra.0 [i915]] BW0 / PSF GV 1: num_planes=0 bw=40533
[    6.455522] i915 0000:00:02.0: [drm:tgl_get_bw_info.isra.0 [i915]] BW0 / PSF GV 2: num_planes=0 bw=51200
[    6.455694] i915 0000:00:02.0: [drm:tgl_get_bw_info.isra.0 [i915]] BW1 / QGV 0: num_planes=1 deratedbw=6112 peakbw: 17072
[    6.455858] i915 0000:00:02.0: [drm:tgl_get_bw_info.isra.0 [i915]] BW1 / QGV 1: num_planes=1 deratedbw=7384 peakbw: 21344
[    6.456014] i915 0000:00:02.0: [drm:tgl_get_bw_info.isra.0 [i915]] BW1 / QGV 2: num_planes=1 deratedbw=7384 peakbw: 21344
[    6.456176] i915 0000:00:02.0: [drm:tgl_get_bw_info.isra.0 [i915]] BW1 / QGV 3: num_planes=1 deratedbw=7384 peakbw: 21344
[    6.456326] i915 0000:00:02.0: [drm:tgl_get_bw_info.isra.0 [i915]] BW1 / PSF GV 0: num_planes=1 bw=34133
[    6.456482] i915 0000:00:02.0: [drm:tgl_get_bw_info.isra.0 [i915]] BW1 / PSF GV 1: num_planes=1 bw=40533
[    6.456645] i915 0000:00:02.0: [drm:tgl_get_bw_info.isra.0 [i915]] BW1 / PSF GV 2: num_planes=1 bw=51200
[    6.456806] i915 0000:00:02.0: [drm:tgl_get_bw_info.isra.0 [i915]] BW2 / QGV 0: num_planes=0 deratedbw=6451 peakbw: 17072
[    6.456985] i915 0000:00:02.0: [drm:tgl_get_bw_info.isra.0 [i915]] BW2 / QGV 1: num_planes=0 deratedbw=7919 peakbw: 21344
[    6.457155] i915 0000:00:02.0: [drm:tgl_get_bw_info.isra.0 [i915]] BW2 / QGV 2: num_planes=0 deratedbw=7919 peakbw: 21344
[    6.457329] i915 0000:00:02.0: [drm:tgl_get_bw_info.isra.0 [i915]] BW2 / QGV 3: num_planes=0 deratedbw=7919 peakbw: 21344
[    6.457496] i915 0000:00:02.0: [drm:tgl_get_bw_info.isra.0 [i915]] BW2 / PSF GV 0: num_planes=0 bw=34133
[    6.457661] i915 0000:00:02.0: [drm:tgl_get_bw_info.isra.0 [i915]] BW2 / PSF GV 1: num_planes=0 bw=40533
[    6.457821] i915 0000:00:02.0: [drm:tgl_get_bw_info.isra.0 [i915]] BW2 / PSF GV 2: num_planes=0 bw=51200
[    6.457983] i915 0000:00:02.0: [drm:tgl_get_bw_info.isra.0 [i915]] BW3 / QGV 0: num_planes=0 deratedbw=6635 peakbw: 17072
[    6.458172] i915 0000:00:02.0: [drm:tgl_get_bw_info.isra.0 [i915]] BW3 / QGV 1: num_planes=0 deratedbw=8216 peakbw: 21344
[    6.458328] i915 0000:00:02.0: [drm:tgl_get_bw_info.isra.0 [i915]] BW3 / QGV 2: num_planes=0 deratedbw=8216 peakbw: 21344
[    6.458484] i915 0000:00:02.0: [drm:tgl_get_bw_info.isra.0 [i915]] BW3 / QGV 3: num_planes=0 deratedbw=8216 peakbw: 21344
[    6.458657] i915 0000:00:02.0: [drm:tgl_get_bw_info.isra.0 [i915]] BW3 / PSF GV 0: num_planes=0 bw=34133
[    6.458818] i915 0000:00:02.0: [drm:tgl_get_bw_info.isra.0 [i915]] BW3 / PSF GV 1: num_planes=0 bw=40533
[    6.458977] i915 0000:00:02.0: [drm:tgl_get_bw_info.isra.0 [i915]] BW3 / PSF GV 2: num_planes=0 bw=51200
[    6.459166] i915 0000:00:02.0: [drm:tgl_get_bw_info.isra.0 [i915]] BW4 / QGV 0: num_planes=0 deratedbw=6730 peakbw: 17072
[    6.459332] i915 0000:00:02.0: [drm:tgl_get_bw_info.isra.0 [i915]] BW4 / QGV 1: num_planes=0 deratedbw=8374 peakbw: 21344
[    6.459486] i915 0000:00:02.0: [drm:tgl_get_bw_info.isra.0 [i915]] BW4 / QGV 2: num_planes=0 deratedbw=8374 peakbw: 21344
[    6.459640] i915 0000:00:02.0: [drm:tgl_get_bw_info.isra.0 [i915]] BW4 / QGV 3: num_planes=0 deratedbw=8374 peakbw: 21344
[    6.459804] i915 0000:00:02.0: [drm:tgl_get_bw_info.isra.0 [i915]] BW4 / PSF GV 0: num_planes=0 bw=34133
[    6.459958] i915 0000:00:02.0: [drm:tgl_get_bw_info.isra.0 [i915]] BW4 / PSF GV 1: num_planes=0 bw=40533
[    6.460121] i915 0000:00:02.0: [drm:tgl_get_bw_info.isra.0 [i915]] BW4 / PSF GV 2: num_planes=0 bw=51200
[    6.460277] i915 0000:00:02.0: [drm:tgl_get_bw_info.isra.0 [i915]] BW5 / QGV 0: num_planes=0 deratedbw=6779 peakbw: 17072
[    6.460441] i915 0000:00:02.0: [drm:tgl_get_bw_info.isra.0 [i915]] BW5 / QGV 1: num_planes=0 deratedbw=8455 peakbw: 21344
[    6.460599] i915 0000:00:02.0: [drm:tgl_get_bw_info.isra.0 [i915]] BW5 / QGV 2: num_planes=0 deratedbw=8455 peakbw: 21344
[    6.460758] i915 0000:00:02.0: [drm:tgl_get_bw_info.isra.0 [i915]] BW5 / QGV 3: num_planes=0 deratedbw=8455 peakbw: 21344
[    6.460940] i915 0000:00:02.0: [drm:tgl_get_bw_info.isra.0 [i915]] BW5 / PSF GV 0: num_planes=0 bw=34133
[    6.461100] i915 0000:00:02.0: [drm:tgl_get_bw_info.isra.0 [i915]] BW5 / PSF GV 1: num_planes=0 bw=40533
[    6.461256] i915 0000:00:02.0: [drm:tgl_get_bw_info.isra.0 [i915]] BW5 / PSF GV 2: num_planes=0 bw=51200
[    6.475890] i915 0000:00:02.0: [drm:intel_bios_init [i915]] Set default to SSC at 120000 kHz
[    6.476442] i915 0000:00:02.0: [drm:intel_bios_init [i915]] VBT signature "$VBT ALDERLAKE-P    ", BDB version 251
[    6.476703] i915 0000:00:02.0: [drm:intel_bios_init [i915]] Found BDB block 1 (size 10, min size 7)
[    6.478233] i915 0000:00:02.0: [drm:intel_bios_init [i915]] Found BDB block 2 (size 395, min size 5)
[    6.478803] i915 0000:00:02.0: [drm:intel_bios_init [i915]] Found BDB block 9 (size 100, min size 100)
[    6.479541] i915 0000:00:02.0: [drm:intel_bios_init [i915]] Found BDB block 12 (size 19, min size 19)
[    6.479887] i915 0000:00:02.0: [drm:intel_bios_init [i915]] Found BDB block 27 (size 814, min size 848)
[    6.480703] i915 0000:00:02.0: [drm:intel_bios_init [i915]] Found BDB block 40 (size 34, min size 34)
[    6.480934] i915 0000:00:02.0: [drm:intel_bios_init [i915]] Generating LFP data table pointers
[    6.481935] i915 0000:00:02.0: [drm:intel_bios_init [i915]] Found BDB block 41 (size 148, min size 148)
[    6.482503] i915 0000:00:02.0: [drm:intel_bios_init [i915]] Found BDB block 42 (size 1366, min size 1366)
[    6.482918] i915 0000:00:02.0: [drm:intel_bios_init [i915]] Found BDB block 43 (size 305, min size 305)
[    6.483788] i915 0000:00:02.0: [drm:intel_bios_init [i915]] Found BDB block 44 (size 78, min size 136)
[    6.484433] i915 0000:00:02.0: [drm:intel_bios_init [i915]] Found BDB block 52 (size 822, min size 822)
[    6.484615] i915 0000:00:02.0: [drm:intel_bios_init [i915]] Found BDB block 56 (size 210, min size 210)
[    6.484787] i915 0000:00:02.0: [drm:intel_bios_init [i915]] BDB_GENERAL_FEATURES int_tv_support 0 int_crt_support 0 lvds_use_ssc 0 lvds_ssc_freq 120000 display_clock_mode 1 fdi_rx_polarity_inverted 0
[    6.484980] i915 0000:00:02.0: [drm:intel_bios_init [i915]] crt_ddc_bus_pin: 2
[    6.485169] i915 0000:00:02.0: [drm:intel_bios_init [i915]] Found VBT child device with type 0x60d2
[    6.486437] i915 0000:00:02.0: [drm:intel_bios_init [i915]] Found VBT child device with type 0x60d2
[    6.486909] i915 0000:00:02.0: [drm:intel_bios_init [i915]] Skipping SDVO device mapping
[    6.487146] i915 0000:00:02.0: [drm:intel_bios_init [i915]] Port A VBT info: CRT:0 DVI:1 HDMI:1 DP:0 eDP:0 DSI:0 DP++:0 LSPCON:0 USB-Type-C:0 TBT:0 DSC:0
[    6.487322] i915 0000:00:02.0: [drm:intel_bios_init [i915]] Port A VBT HDMI level shift: 0
[    6.487496] i915 0000:00:02.0: [drm:intel_bios_init [i915]] Port A VBT HDMI max TMDS clock: 594000 kHz
[    6.487691] i915 0000:00:02.0: [drm:intel_bios_init [i915]] Port B VBT info: CRT:0 DVI:1 HDMI:1 DP:0 eDP:0 DSI:0 DP++:0 LSPCON:0 USB-Type-C:1 TBT:1 DSC:0
[    6.487865] i915 0000:00:02.0: [drm:intel_bios_init [i915]] Port B VBT HDMI level shift: 0
[    6.488040] i915 0000:00:02.0: [drm:intel_bios_init [i915]] Port B VBT HDMI max TMDS clock: 594000 kHz
[    6.488290] i915 0000:00:02.0: [drm:intel_power_domains_init [i915]] Allowed DC state mask 4000000a
[    6.490642] i915 0000:00:02.0: [drm:gen9_set_dc_state.part.0 [i915]] Setting DC state from 00 to 00
[    6.490911] i915 0000:00:02.0: [drm:check_phy_reg [i915]] Combo PHY A reg 001628a0 state mismatch: current 900339fc mask e0000000 expected a0000000
[    6.491126] i915 0000:00:02.0: [drm:icl_combo_phys_init [i915]] Initializing combo PHY A (Voltage/Process Info : 0.85V dot0 (low-voltage))
[    6.492126] i915 0000:00:02.0: [drm:intel_power_well_enable [i915]] enabling PW_1
[    6.493540] i915 0000:00:02.0: [drm:intel_cdclk_init_hw [i915]] Current CDCLK 652800 kHz, VCO 1305600 kHz, ref 38400 kHz, bypass 19200 kHz, voltage level 3
[    6.493834] i915 0000:00:02.0: [drm:gen9_dbuf_slices_update [i915]] Updating dbuf slices to 0xf
[    6.494878] i915 0000:00:02.0: [drm:intel_power_well_enable [i915]] enabling always-on
[    6.495104] i915 0000:00:02.0: [drm:intel_power_well_enable [i915]] enabling DC_off
[    6.495306] i915 0000:00:02.0: [drm:gen9_set_dc_state.part.0 [i915]] Setting DC state from 00 to 00
[    6.495552] i915 0000:00:02.0: [drm:intel_power_well_enable [i915]] enabling PW_2
[    6.497140] i915 0000:00:02.0: vgaarb: VGA decodes changed: olddecodes=io+mem,decodes=io+mem:owns=io+mem
[    6.497147] i915 0000:00:02.0: [drm:intel_power_well_enable [i915]] enabling PW_A
[    6.497423] i915 0000:00:02.0: [drm:intel_power_well_enable [i915]] enabling PW_B
[    6.497619] i915 0000:00:02.0: [drm:intel_power_well_enable [i915]] enabling PW_C
[    6.497918] i915 0000:00:02.0: [drm:intel_power_well_enable [i915]] enabling PW_D
[    6.499447] i915 0000:00:02.0: [drm:intel_dmc_init [i915]] Loading i915/adlp_dmc.bin
[    6.500317] i915 0000:00:02.0: [drm:intel_bw_init [i915]] Forcing SAGV disable: mask 0x30d
[    6.500729] i915 0000:00:02.0: [drm:intel_fbc_init [i915]] Sanitized enable_fbc value: 1
[    6.502037] i915 0000:00:02.0: [drm:skl_wm_init [i915]] SAGV supported: yes, original SAGV block time: 35 us
[    6.502318] i915 0000:00:02.0: [drm:intel_print_wm_latency [i915]] Gen9 Plane WM0 latency 3 (3.0 usec)
[    6.502506] i915 0000:00:02.0: [drm:intel_print_wm_latency [i915]] Gen9 Plane WM1 latency 54 (54.0 usec)
[    6.502698] i915 0000:00:02.0: [drm:intel_print_wm_latency [i915]] Gen9 Plane WM2 latency 83 (83.0 usec)
[    6.502876] i915 0000:00:02.0: [drm:intel_print_wm_latency [i915]] Gen9 Plane WM3 latency 102 (102.0 usec)
[    6.503062] i915 0000:00:02.0: [drm:intel_print_wm_latency [i915]] Gen9 Plane WM4 latency 147 (147.0 usec)
[    6.503278] i915 0000:00:02.0: [drm:intel_print_wm_latency [i915]] Gen9 Plane WM5 latency 147 (147.0 usec)
[    6.504995] i915 0000:00:02.0: [drm:intel_display_driver_probe_nogem [i915]] 3 display pipes available.
[    6.505861] i915 0000:00:02.0: [drm:intel_cdclk_read_hw [i915]] Current CDCLK 652800 kHz, VCO 1305600 kHz, ref 38400 kHz, bypass 19200 kHz, voltage level 3
[    6.506295] i915 0000:00:02.0: [drm:dmc_load_work_fn [i915]] DMC 0:
[    6.506500] i915 0000:00:02.0: [drm:dmc_load_work_fn [i915]]  mmio[0]: 0x8f074 = 0x86fc0
[    6.506683] i915 0000:00:02.0: [drm:dmc_load_work_fn [i915]]  mmio[1]: 0x8f034 = 0xc003b400 (EVT_CTL)
[    6.506863] i915 0000:00:02.0: [drm:dmc_load_work_fn [i915]]  mmio[2]: 0x8f004 = 0x1240108 (EVT_HTP)
[    6.507022] i915 0000:00:02.0: [drm:intel_hdmi_init_connector [i915]] Adding HDMI connector on [ENCODER:204:DDI A/PHY A]
[    6.507083] i915 0000:00:02.0: [drm:dmc_load_work_fn [i915]]  mmio[3]: 0x8f038 = 0xc003b200 (EVT_CTL)
[    6.507203] i915 0000:00:02.0: [drm:intel_hdmi_init_connector [i915]] [ENCODER:204:DDI A/PHY A] Using DDC pin 0x1 (VBT)
[    6.507267] i915 0000:00:02.0: [drm:dmc_load_work_fn [i915]]  mmio[4]: 0x8f008 = 0x512050d4 (EVT_HTP)
[    6.507399] i915 0000:00:02.0: [drm:intel_hdmi_init_connector [i915]] Adding HDMI connector on [ENCODER:214:DDI B/PHY B]
[    6.507449] i915 0000:00:02.0: [drm:dmc_load_work_fn [i915]]  mmio[5]: 0x8f03c = 0xc003b300 (EVT_CTL)
[    6.507565] i915 0000:00:02.0: [drm:intel_hdmi_init_connector [i915]] [ENCODER:214:DDI B/PHY B] Using DDC pin 0x2 (VBT)
[    6.507629] i915 0000:00:02.0: [drm:dmc_load_work_fn [i915]]  mmio[6]: 0x8f00c = 0x584c57fc (EVT_HTP)
[    6.507768] i915 0000:00:02.0: [drm:intel_modeset_setup_hw_state [i915]] [CRTC:88:pipe A] hw state readout: enabled
[    6.509083] i915 0000:00:02.0: [drm:dmc_load_work_fn [i915]] DMC 1:
[    6.509344] i915 0000:00:02.0: [drm:dmc_load_work_fn [i915]]  mmio[0]: 0x5f074 = 0x96fc0
[    6.509523] i915 0000:00:02.0: [drm:dmc_load_work_fn [i915]]  mmio[1]: 0x5f034 = 0xc003df00 (EVT_CTL) (disabling)
[    6.509693] i915 0000:00:02.0: [drm:dmc_load_work_fn [i915]]  mmio[2]: 0x5f004 = 0x214c2114 (EVT_HTP)
[    6.509864] i915 0000:00:02.0: [drm:dmc_load_work_fn [i915]]  mmio[3]: 0x5f038 = 0xc003e000 (EVT_CTL) (disabling)
[    6.510004] i915 0000:00:02.0: [drm:intel_modeset_setup_hw_state [i915]] [CRTC:145:pipe B] hw state readout: disabled
[    6.510040] i915 0000:00:02.0: [drm:dmc_load_work_fn [i915]]  mmio[4]: 0x5f008 = 0x22402208 (EVT_HTP)
[    6.510203] i915 0000:00:02.0: [drm:dmc_load_work_fn [i915]]  mmio[5]: 0x5f03c = 0xc0032c00 (EVT_CTL) (disabling)
[    6.510198] i915 0000:00:02.0: [drm:intel_modeset_setup_hw_state [i915]] [CRTC:202:pipe C] hw state readout: disabled
[    6.510373] i915 0000:00:02.0: [drm:dmc_load_work_fn [i915]]  mmio[6]: 0x5f00c = 0x241422fc (EVT_HTP)
[    6.510379] i915 0000:00:02.0: [drm:intel_modeset_setup_hw_state [i915]] [PLANE:33:plane 1A] hw state readout: enabled, pipe A
[    6.510539] i915 0000:00:02.0: [drm:dmc_load_work_fn [i915]]  mmio[7]: 0x5f040 = 0xc0033100 (EVT_CTL) (disabling)
[    6.510554] i915 0000:00:02.0: [drm:intel_modeset_setup_hw_state [i915]] [PLANE:43:plane 2A] hw state readout: disabled, pipe A
[    6.510702] i915 0000:00:02.0: [drm:dmc_load_work_fn [i915]]  mmio[8]: 0x5f010 = 0x26f826cc (EVT_HTP)
[    6.510723] i915 0000:00:02.0: [drm:intel_modeset_setup_hw_state [i915]] [PLANE:53:plane 3A] hw state readout: disabled, pipe A
[    6.510892] i915 0000:00:02.0: [drm:dmc_load_work_fn [i915]] DMC 2:
[    6.510896] i915 0000:00:02.0: [drm:intel_modeset_setup_hw_state [i915]] [PLANE:63:plane 4A] hw state readout: disabled, pipe A
[    6.511066] i915 0000:00:02.0: [drm:dmc_load_work_fn [i915]]  mmio[0]: 0x5f474 = 0x9efc0
[    6.511072] i915 0000:00:02.0: [drm:intel_modeset_setup_hw_state [i915]] [PLANE:73:plane 5A] hw state readout: disabled, pipe A
[    6.511229] i915 0000:00:02.0: [drm:dmc_load_work_fn [i915]]  mmio[1]: 0x5f434 = 0xc003df00 (EVT_CTL) (disabling)
[    6.511237] i915 0000:00:02.0: [drm:intel_modeset_setup_hw_state [i915]] [PLANE:83:cursor A] hw state readout: disabled, pipe A
[    6.511390] i915 0000:00:02.0: [drm:dmc_load_work_fn [i915]]  mmio[2]: 0x5f404 = 0xa968a930 (EVT_HTP)
[    6.511407] i915 0000:00:02.0: [drm:intel_modeset_setup_hw_state [i915]] [PLANE:90:plane 1B] hw state readout: disabled, pipe B
[    6.511565] i915 0000:00:02.0: [drm:dmc_load_work_fn [i915]]  mmio[3]: 0x5f438 = 0xc003e000 (EVT_CTL) (disabling)
[    6.511574] i915 0000:00:02.0: [drm:intel_modeset_setup_hw_state [i915]] [PLANE:100:plane 2B] hw state readout: disabled, pipe B
[    6.511728] i915 0000:00:02.0: [drm:dmc_load_work_fn [i915]]  mmio[4]: 0x5f408 = 0xaa5caa24 (EVT_HTP)
[    6.511735] i915 0000:00:02.0: [drm:intel_modeset_setup_hw_state [i915]] [PLANE:110:plane 3B] hw state readout: disabled, pipe B
[    6.511889] i915 0000:00:02.0: [drm:dmc_load_work_fn [i915]]  mmio[5]: 0x5f43c = 0xc0032c00 (EVT_CTL) (disabling)
[    6.511897] i915 0000:00:02.0: [drm:intel_modeset_setup_hw_state [i915]] [PLANE:120:plane 4B] hw state readout: disabled, pipe B
[    6.512079] i915 0000:00:02.0: [drm:dmc_load_work_fn [i915]]  mmio[6]: 0x5f40c = 0xac30ab18 (EVT_HTP)
[    6.512081] i915 0000:00:02.0: [drm:intel_modeset_setup_hw_state [i915]] [PLANE:130:plane 5B] hw state readout: disabled, pipe B
[    6.512252] i915 0000:00:02.0: [drm:dmc_load_work_fn [i915]]  mmio[7]: 0x5f440 = 0xc0033100 (EVT_CTL) (disabling)
[    6.512416] i915 0000:00:02.0: [drm:dmc_load_work_fn [i915]]  mmio[8]: 0x5f410 = 0xaf14aee8 (EVT_HTP)
[    6.513145] i915 0000:00:02.0: [drm:intel_modeset_setup_hw_state [i915]] [PLANE:140:cursor B] hw state readout: disabled, pipe B
[    6.513326] i915 0000:00:02.0: [drm:intel_modeset_setup_hw_state [i915]] [PLANE:147:plane 1C] hw state readout: disabled, pipe C
[    6.513491] i915 0000:00:02.0: [drm:intel_modeset_setup_hw_state [i915]] [PLANE:157:plane 2C] hw state readout: disabled, pipe C
[    6.513653] i915 0000:00:02.0: [drm:intel_modeset_setup_hw_state [i915]] [PLANE:167:plane 3C] hw state readout: disabled, pipe C
[    6.513809] i915 0000:00:02.0: [drm:intel_modeset_setup_hw_state [i915]] [PLANE:177:plane 4C] hw state readout: disabled, pipe C
[    6.514243] i915 0000:00:02.0: [drm:dmc_load_work_fn [i915]] DMC 3:
[    6.514422] i915 0000:00:02.0: [drm:dmc_load_work_fn [i915]]  mmio[0]: 0x5f874 = 0x53fc0
[    6.514591] i915 0000:00:02.0: [drm:dmc_load_work_fn [i915]]  mmio[1]: 0x5f83c = 0xc0032c00 (EVT_CTL) (disabling)
[    6.514762] i915 0000:00:02.0: [drm:dmc_load_work_fn [i915]]  mmio[2]: 0x5f80c = 0x25202408 (EVT_HTP)
[    6.514944] i915 0000:00:02.0: [drm:dmc_load_work_fn [i915]]  mmio[3]: 0x5f840 = 0xc0033100 (EVT_CTL) (disabling)
[    6.515110] i915 0000:00:02.0: [drm:dmc_load_work_fn [i915]]  mmio[4]: 0x5f810 = 0x280427d8 (EVT_HTP)
[    6.515588] i915 0000:00:02.0: [drm:intel_modeset_setup_hw_state [i915]] [PLANE:187:plane 5C] hw state readout: disabled, pipe C
[    6.515763] i915 0000:00:02.0: [drm:intel_modeset_setup_hw_state [i915]] [PLANE:197:cursor C] hw state readout: disabled, pipe C
[    6.515946] i915 0000:00:02.0: [drm:intel_modeset_setup_hw_state [i915]] [ENCODER:204:DDI A/PHY A] hw state readout: enabled, pipe A
[    6.519016] i915 0000:00:02.0: [drm:intel_modeset_setup_hw_state [i915]] [ENCODER:214:DDI B/PHY B] hw state readout: disabled, pipe A
[    6.519291] i915 0000:00:02.0: [drm:intel_dpll_readout_hw_state [i915]] DPLL 0 hw state readout: pipe_mask 0x0, on 0
[    6.519494] i915 0000:00:02.0: [drm:intel_dpll_crtc_get [i915]] [CRTC:88:pipe A] reserving DPLL 1
[    6.519686] i915 0000:00:02.0: [drm:intel_dpll_readout_hw_state [i915]] DPLL 1 hw state readout: pipe_mask 0x1, on 1
[    6.519905] i915 0000:00:02.0: [drm:intel_dpll_readout_hw_state [i915]] TBT PLL hw state readout: pipe_mask 0x0, on 0
[    6.522005] i915 0000:00:02.0: [drm:intel_dpll_readout_hw_state [i915]] TC PLL 1 hw state readout: pipe_mask 0x0, on 0
[    6.522292] i915 0000:00:02.0: [drm:intel_dpll_readout_hw_state [i915]] TC PLL 2 hw state readout: pipe_mask 0x0, on 0
[    6.522483] i915 0000:00:02.0: [drm:intel_dpll_readout_hw_state [i915]] TC PLL 3 hw state readout: pipe_mask 0x0, on 0
[    6.522690] i915 0000:00:02.0: [drm:intel_dpll_readout_hw_state [i915]] TC PLL 4 hw state readout: pipe_mask 0x0, on 0
[    6.522880] i915 0000:00:02.0: [drm:intel_modeset_setup_hw_state [i915]] [CONNECTOR:205:HDMI-A-1] hw state readout: enabled
[    6.523745] i915 0000:00:02.0: [drm:intel_modeset_setup_hw_state [i915]] [CONNECTOR:215:HDMI-A-2] hw state readout: disabled
[    6.523957] i915 0000:00:02.0: [drm:intel_modeset_setup_hw_state [i915]] [PLANE:33:plane 1A] min_cdclk 297000 kHz
[    6.524146] i915 0000:00:02.0: [drm:intel_modeset_setup_hw_state [i915]] [PLANE:43:plane 2A] min_cdclk 0 kHz
[    6.524321] i915 0000:00:02.0: [drm:intel_modeset_setup_hw_state [i915]] [PLANE:53:plane 3A] min_cdclk 0 kHz
[    6.524501] i915 0000:00:02.0: [drm:intel_modeset_setup_hw_state [i915]] [PLANE:63:plane 4A] min_cdclk 0 kHz
[    6.524675] i915 0000:00:02.0: [drm:intel_modeset_setup_hw_state [i915]] [PLANE:73:plane 5A] min_cdclk 0 kHz
[    6.524855] i915 0000:00:02.0: [drm:intel_modeset_setup_hw_state [i915]] [PLANE:83:cursor A] min_cdclk 0 kHz
[    6.525029] i915 0000:00:02.0: [drm:intel_modeset_setup_hw_state [i915]] [PLANE:90:plane 1B] min_cdclk 0 kHz
[    6.525202] i915 0000:00:02.0: [drm:intel_modeset_setup_hw_state [i915]] [PLANE:100:plane 2B] min_cdclk 0 kHz
[    6.525410] i915 0000:00:02.0: [drm:intel_modeset_setup_hw_state [i915]] [PLANE:110:plane 3B] min_cdclk 0 kHz
[    6.525575] i915 0000:00:02.0: [drm:intel_modeset_setup_hw_state [i915]] [PLANE:120:plane 4B] min_cdclk 0 kHz
[    6.525737] i915 0000:00:02.0: [drm:intel_modeset_setup_hw_state [i915]] [PLANE:130:plane 5B] min_cdclk 0 kHz
[    6.525907] i915 0000:00:02.0: [drm:intel_modeset_setup_hw_state [i915]] [PLANE:140:cursor B] min_cdclk 0 kHz
[    6.526071] i915 0000:00:02.0: [drm:intel_modeset_setup_hw_state [i915]] [PLANE:147:plane 1C] min_cdclk 0 kHz
[    6.526230] i915 0000:00:02.0: [drm:intel_modeset_setup_hw_state [i915]] [PLANE:157:plane 2C] min_cdclk 0 kHz
[    6.526393] i915 0000:00:02.0: [drm:intel_modeset_setup_hw_state [i915]] [PLANE:167:plane 3C] min_cdclk 0 kHz
[    6.526550] i915 0000:00:02.0: [drm:intel_modeset_setup_hw_state [i915]] [PLANE:177:plane 4C] min_cdclk 0 kHz
[    6.526702] i915 0000:00:02.0: [drm:intel_modeset_setup_hw_state [i915]] [PLANE:187:plane 5C] min_cdclk 0 kHz
[    6.526860] i915 0000:00:02.0: [drm:intel_modeset_setup_hw_state [i915]] [PLANE:197:cursor C] min_cdclk 0 kHz
[    6.527054] i915 0000:00:02.0: [drm:skl_wm_get_hw_state [i915]] [CRTC:88:pipe A] dbuf slices 0x3, ddb (0 - 2048), active pipes 0x1, mbus joined: no
[    6.527227] i915 0000:00:02.0: [drm:skl_wm_get_hw_state [i915]] [CRTC:145:pipe B] dbuf slices 0x0, ddb (0 - 0), active pipes 0x1, mbus joined: no
